
=================================== ERRORS ====================================
___ ERROR collecting fastapi/docs_src/app_testing/app_a_py310/test_main.py ____
ImportError while importing test module 'D:\repolens\fastapi\docs_src\app_testing\app_a_py310\test_main.py'.
Hint: make sure your test modules/packages have valid Python names.
Traceback:
C:\Users\user\AppData\Local\Programs\Python\Python310\lib\importlib\__init__.py:126: in import_module
    return _bootstrap._gcd_import(name[level:], package, level)
fastapi\docs_src\app_testing\app_a_py310\test_main.py:1: in <module>
    from fastapi.testclient import TestClient
E   ModuleNotFoundError: No module named 'fastapi.testclient'
__ ERROR collecting fastapi/docs_src/app_testing/app_b_an_py310/test_main.py __
ImportError while importing test module 'D:\repolens\fastapi\docs_src\app_testing\app_b_an_py310\test_main.py'.
Hint: make sure your test modules/packages have valid Python names.
Traceback:
C:\Users\user\AppData\Local\Programs\Python\Python310\lib\importlib\__init__.py:126: in import_module
    return _bootstrap._gcd_import(name[level:], package, level)
fastapi\docs_src\app_testing\app_b_an_py310\test_main.py:1: in <module>
    from fastapi.testclient import TestClient
E   ModuleNotFoundError: No module named 'fastapi.testclient'
___ ERROR collecting fastapi/docs_src/app_testing/app_b_py310/test_main.py ____
ImportError while importing test module 'D:\repolens\fastapi\docs_src\app_testing\app_b_py310\test_main.py'.
Hint: make sure your test modules/packages have valid Python names.
Traceback:
C:\Users\user\AppData\Local\Programs\Python\Python310\lib\importlib\__init__.py:126: in import_module
    return _bootstrap._gcd_import(name[level:], package, level)
fastapi\docs_src\app_testing\app_b_py310\test_main.py:1: in <module>
    from fastapi.testclient import TestClient
E   ModuleNotFoundError: No module named 'fastapi.testclient'
___ ERROR collecting fastapi/docs_src/async_tests/app_a_py310/test_main.py ____
ImportError while importing test module 'D:\repolens\fastapi\docs_src\async_tests\app_a_py310\test_main.py'.
Hint: make sure your test modules/packages have valid Python names.
Traceback:
C:\Users\user\AppData\Local\Programs\Python\Python310\lib\importlib\__init__.py:126: in import_module
    return _bootstrap._gcd_import(name[level:], package, level)
fastapi\docs_src\async_tests\app_a_py310\test_main.py:4: in <module>
    from .main import app
fastapi\docs_src\async_tests\app_a_py310\main.py:1: in <module>
    from fastapi import FastAPI
E   ImportError: cannot import name 'FastAPI' from 'fastapi' (unknown location)
___ ERROR collecting fastapi/docs_src/settings/app02_an_py310/test_main.py ____
ImportError while importing test module 'D:\repolens\fastapi\docs_src\settings\app02_an_py310\test_main.py'.
Hint: make sure your test modules/packages have valid Python names.
Traceback:
C:\Users\user\AppData\Local\Programs\Python\Python310\lib\importlib\__init__.py:126: in import_module
    return _bootstrap._gcd_import(name[level:], package, level)
fastapi\docs_src\settings\app02_an_py310\test_main.py:1: in <module>
    from fastapi.testclient import TestClient
E   ModuleNotFoundError: No module named 'fastapi.testclient'
_____ ERROR collecting fastapi/docs_src/settings/app02_py310/test_main.py _____
ImportError while importing test module 'D:\repolens\fastapi\docs_src\settings\app02_py310\test_main.py'.
Hint: make sure your test modules/packages have valid Python names.
Traceback:
C:\Users\user\AppData\Local\Programs\Python\Python310\lib\importlib\__init__.py:126: in import_module
    return _bootstrap._gcd_import(name[level:], package, level)
fastapi\docs_src\settings\app02_py310\test_main.py:1: in <module>
    from fastapi.testclient import TestClient
E   ModuleNotFoundError: No module named 'fastapi.testclient'
________ ERROR collecting fastapi/scripts/tests/test_translation_fixer ________
C:\Users\user\AppData\Local\Programs\Python\Python310\lib\importlib\__init__.py:126: in import_module
    return _bootstrap._gcd_import(name[level:], package, level)
<frozen importlib._bootstrap>:1050: in _gcd_import
    ???
<frozen importlib._bootstrap>:1027: in _find_and_load
    ???
<frozen importlib._bootstrap>:1006: in _find_and_load_unlocked
    ???
<frozen importlib._bootstrap>:688: in _load_unlocked
    ???
C:\Users\user\AppData\Local\Programs\Python\Python310\lib\site-packages\_pytest\assertion\rewrite.py:188: in exec_module
    exec(co, module.__dict__)
fastapi\scripts\tests\test_translation_fixer\conftest.py:9: in <module>
    from typer.testing import CliRunner
E   ModuleNotFoundError: No module named 'typer'
____ ERROR collecting fastapi/tests/benchmarks/test_general_performance.py ____
ImportError while importing test module 'D:\repolens\fastapi\tests\benchmarks\test_general_performance.py'.
Hint: make sure your test modules/packages have valid Python names.
Traceback:
C:\Users\user\AppData\Local\Programs\Python\Python310\lib\importlib\__init__.py:126: in import_module
    return _bootstrap._gcd_import(name[level:], package, level)
fastapi\tests\benchmarks\test_general_performance.py:7: in <module>
    from fastapi import Depends, FastAPI
E   ImportError: cannot import name 'Depends' from 'fastapi' (unknown location)
________ ERROR collecting fastapi/tests/test_additional_properties.py _________
ImportError while importing test module 'D:\repolens\fastapi\tests\test_additional_properties.py'.
Hint: make sure your test modules/packages have valid Python names.
Traceback:
C:\Users\user\AppData\Local\Programs\Python\Python310\lib\importlib\__init__.py:126: in import_module
    return _bootstrap._gcd_import(name[level:], package, level)
fastapi\tests\test_additional_properties.py:1: in <module>
    from fastapi import FastAPI
E   ImportError: cannot import name 'FastAPI' from 'fastapi' (unknown location)
______ ERROR collecting fastapi/tests/test_additional_properties_bool.py ______
ImportError while importing test module 'D:\repolens\fastapi\tests\test_additional_properties_bool.py'.
Hint: make sure your test modules/packages have valid Python names.
Traceback:
C:\Users\user\AppData\Local\Programs\Python\Python310\lib\importlib\__init__.py:126: in import_module
    return _bootstrap._gcd_import(name[level:], package, level)
fastapi\tests\test_additional_properties_bool.py:1: in <module>
    from fastapi import FastAPI
E   ImportError: cannot import name 'FastAPI' from 'fastapi' (unknown location)
______ ERROR collecting fastapi/tests/test_additional_response_extra.py _______
ImportError while importing test module 'D:\repolens\fastapi\tests\test_additional_response_extra.py'.
Hint: make sure your test modules/packages have valid Python names.
Traceback:
C:\Users\user\AppData\Local\Programs\Python\Python310\lib\importlib\__init__.py:126: in import_module
    return _bootstrap._gcd_import(name[level:], package, level)
fastapi\tests\test_additional_response_extra.py:1: in <module>
    from fastapi import APIRouter, FastAPI
E   ImportError: cannot import name 'APIRouter' from 'fastapi' (unknown location)
_______ ERROR collecting fastapi/tests/test_additional_responses_bad.py _______
ImportError while importing test module 'D:\repolens\fastapi\tests\test_additional_responses_bad.py'.
Hint: make sure your test modules/packages have valid Python names.
Traceback:
C:\Users\user\AppData\Local\Programs\Python\Python310\lib\importlib\__init__.py:126: in import_module
    return _bootstrap._gcd_import(name[level:], package, level)
fastapi\tests\test_additional_responses_bad.py:2: in <module>
    from fastapi import FastAPI
E   ImportError: cannot import name 'FastAPI' from 'fastapi' (unknown location)
_ ERROR collecting fastapi/tests/test_additional_responses_custom_model_in_callback.py _
ImportError while importing test module 'D:\repolens\fastapi\tests\test_additional_responses_custom_model_in_callback.py'.
Hint: make sure your test modules/packages have valid Python names.
Traceback:
C:\Users\user\AppData\Local\Programs\Python\Python310\lib\importlib\__init__.py:126: in import_module
    return _bootstrap._gcd_import(name[level:], package, level)
fastapi\tests\test_additional_responses_custom_model_in_callback.py:1: in <module>
    from fastapi import APIRouter, FastAPI
E   ImportError: cannot import name 'APIRouter' from 'fastapi' (unknown location)
_ ERROR collecting fastapi/tests/test_additional_responses_custom_validationerror.py _
ImportError while importing test module 'D:\repolens\fastapi\tests\test_additional_responses_custom_validationerror.py'.
Hint: make sure your test modules/packages have valid Python names.
Traceback:
C:\Users\user\AppData\Local\Programs\Python\Python310\lib\importlib\__init__.py:126: in import_module
    return _bootstrap._gcd_import(name[level:], package, level)
fastapi\tests\test_additional_responses_custom_validationerror.py:1: in <module>
    from fastapi import FastAPI
E   ImportError: cannot import name 'FastAPI' from 'fastapi' (unknown location)
_ ERROR collecting fastapi/tests/test_additional_responses_default_validationerror.py _
ImportError while importing test module 'D:\repolens\fastapi\tests\test_additional_responses_default_validationerror.py'.
Hint: make sure your test modules/packages have valid Python names.
Traceback:
C:\Users\user\AppData\Local\Programs\Python\Python310\lib\importlib\__init__.py:126: in import_module
    return _bootstrap._gcd_import(name[level:], package, level)
fastapi\tests\test_additional_responses_default_validationerror.py:1: in <module>
    from fastapi import FastAPI
E   ImportError: cannot import name 'FastAPI' from 'fastapi' (unknown location)
_ ERROR collecting fastapi/tests/test_additional_responses_response_class.py __
ImportError while importing test module 'D:\repolens\fastapi\tests\test_additional_responses_response_class.py'.
Hint: make sure your test modules/packages have valid Python names.
Traceback:
C:\Users\user\AppData\Local\Programs\Python\Python310\lib\importlib\__init__.py:126: in import_module
    return _bootstrap._gcd_import(name[level:], package, level)
fastapi\tests\test_additional_responses_response_class.py:1: in <module>
    from fastapi import FastAPI
E   ImportError: cannot import name 'FastAPI' from 'fastapi' (unknown location)
_____ ERROR collecting fastapi/tests/test_additional_responses_router.py ______
ImportError while importing test module 'D:\repolens\fastapi\tests\test_additional_responses_router.py'.
Hint: make sure your test modules/packages have valid Python names.
Traceback:
C:\Users\user\AppData\Local\Programs\Python\Python310\lib\importlib\__init__.py:126: in import_module
    return _bootstrap._gcd_import(name[level:], package, level)
fastapi\tests\test_additional_responses_router.py:1: in <module>
    from fastapi import APIRouter, FastAPI
E   ImportError: cannot import name 'APIRouter' from 'fastapi' (unknown location)
_ ERROR collecting fastapi/tests/test_additional_responses_union_duplicate_anyof.py _
ImportError while importing test module 'D:\repolens\fastapi\tests\test_additional_responses_union_duplicate_anyof.py'.
Hint: make sure your test modules/packages have valid Python names.
Traceback:
C:\Users\user\AppData\Local\Programs\Python\Python310\lib\importlib\__init__.py:126: in import_module
    return _bootstrap._gcd_import(name[level:], package, level)
fastapi\tests\test_additional_responses_union_duplicate_anyof.py:7: in <module>
    from fastapi import FastAPI
E   ImportError: cannot import name 'FastAPI' from 'fastapi' (unknown location)
______ ERROR collecting fastapi/tests/test_allow_inf_nan_in_enforcing.py ______
ImportError while importing test module 'D:\repolens\fastapi\tests\test_allow_inf_nan_in_enforcing.py'.
Hint: make sure your test modules/packages have valid Python names.
Traceback:
C:\Users\user\AppData\Local\Programs\Python\Python310\lib\importlib\__init__.py:126: in import_module
    return _bootstrap._gcd_import(name[level:], package, level)
fastapi\tests\test_allow_inf_nan_in_enforcing.py:4: in <module>
    from fastapi import Body, FastAPI, Query
E   ImportError: cannot import name 'Body' from 'fastapi' (unknown location)
___________ ERROR collecting fastapi/tests/test_ambiguous_params.py ___________
ImportError while importing test module 'D:\repolens\fastapi\tests\test_ambiguous_params.py'.
Hint: make sure your test modules/packages have valid Python names.
Traceback:
C:\Users\user\AppData\Local\Programs\Python\Python310\lib\importlib\__init__.py:126: in import_module
    return _bootstrap._gcd_import(name[level:], package, level)
fastapi\tests\test_ambiguous_params.py:4: in <module>
    from fastapi import Depends, FastAPI, Path
E   ImportError: cannot import name 'Depends' from 'fastapi' (unknown location)
______________ ERROR collecting fastapi/tests/test_annotated.py _______________
ImportError while importing test module 'D:\repolens\fastapi\tests\test_annotated.py'.
Hint: make sure your test modules/packages have valid Python names.
Traceback:
C:\Users\user\AppData\Local\Programs\Python\Python310\lib\importlib\__init__.py:126: in import_module
    return _bootstrap._gcd_import(name[level:], package, level)
fastapi\tests\test_annotated.py:4: in <module>
    from fastapi import APIRouter, FastAPI, Query
E   ImportError: cannot import name 'APIRouter' from 'fastapi' (unknown location)
_____________ ERROR collecting fastapi/tests/test_application.py ______________
ImportError while importing test module 'D:\repolens\fastapi\tests\test_application.py'.
Hint: make sure your test modules/packages have valid Python names.
Traceback:
C:\Users\user\AppData\Local\Programs\Python\Python310\lib\importlib\__init__.py:126: in import_module
    return _bootstrap._gcd_import(name[level:], package, level)
fastapi\tests\test_application.py:2: in <module>
    from fastapi.testclient import TestClient
E   ModuleNotFoundError: No module named 'fastapi.testclient'
___________ ERROR collecting fastapi/tests/test_arbitrary_types.py ____________
ImportError while importing test module 'D:\repolens\fastapi\tests\test_arbitrary_types.py'.
Hint: make sure your test modules/packages have valid Python names.
Traceback:
C:\Users\user\AppData\Local\Programs\Python\Python310\lib\importlib\__init__.py:126: in import_module
    return _bootstrap._gcd_import(name[level:], package, level)
fastapi\tests\test_arbitrary_types.py:4: in <module>
    from fastapi import FastAPI
E   ImportError: cannot import name 'FastAPI' from 'fastapi' (unknown location)
__________ ERROR collecting fastapi/tests/test_callable_endpoint.py ___________
ImportError while importing test module 'D:\repolens\fastapi\tests\test_callable_endpoint.py'.
Hint: make sure your test modules/packages have valid Python names.
Traceback:
C:\Users\user\AppData\Local\Programs\Python\Python310\lib\importlib\__init__.py:126: in import_module
    return _bootstrap._gcd_import(name[level:], package, level)
fastapi\tests\test_callable_endpoint.py:3: in <module>
    from fastapi import FastAPI
E   ImportError: cannot import name 'FastAPI' from 'fastapi' (unknown location)
________________ ERROR collecting fastapi/tests/test_compat.py ________________
ImportError while importing test module 'D:\repolens\fastapi\tests\test_compat.py'.
Hint: make sure your test modules/packages have valid Python names.
Traceback:
C:\Users\user\AppData\Local\Programs\Python\Python310\lib\importlib\__init__.py:126: in import_module
    return _bootstrap._gcd_import(name[level:], package, level)
fastapi\tests\test_compat.py:3: in <module>
    from fastapi import FastAPI, UploadFile
E   ImportError: cannot import name 'FastAPI' from 'fastapi' (unknown location)
___________ ERROR collecting fastapi/tests/test_computed_fields.py ____________
ImportError while importing test module 'D:\repolens\fastapi\tests\test_computed_fields.py'.
Hint: make sure your test modules/packages have valid Python names.
Traceback:
C:\Users\user\AppData\Local\Programs\Python\Python310\lib\importlib\__init__.py:126: in import_module
    return _bootstrap._gcd_import(name[level:], package, level)
fastapi\tests\test_computed_fields.py:2: in <module>
    from fastapi import FastAPI
E   ImportError: cannot import name 'FastAPI' from 'fastapi' (unknown location)
_____ ERROR collecting fastapi/tests/test_custom_middleware_exception.py ______
ImportError while importing test module 'D:\repolens\fastapi\tests\test_custom_middleware_exception.py'.
Hint: make sure your test modules/packages have valid Python names.
Traceback:
C:\Users\user\AppData\Local\Programs\Python\Python310\lib\importlib\__init__.py:126: in import_module
    return _bootstrap._gcd_import(name[level:], package, level)
fastapi\tests\test_custom_middleware_exception.py:3: in <module>
    from fastapi import APIRouter, FastAPI, File, UploadFile
E   ImportError: cannot import name 'APIRouter' from 'fastapi' (unknown location)
__________ ERROR collecting fastapi/tests/test_custom_route_class.py __________
ImportError while importing test module 'D:\repolens\fastapi\tests\test_custom_route_class.py'.
Hint: make sure your test modules/packages have valid Python names.
Traceback:
C:\Users\user\AppData\Local\Programs\Python\Python310\lib\importlib\__init__.py:126: in import_module
    return _bootstrap._gcd_import(name[level:], package, level)
fastapi\tests\test_custom_route_class.py:2: in <module>
    from fastapi import APIRouter, FastAPI
E   ImportError: cannot import name 'APIRouter' from 'fastapi' (unknown location)
_________ ERROR collecting fastapi/tests/test_custom_schema_fields.py _________
ImportError while importing test module 'D:\repolens\fastapi\tests\test_custom_schema_fields.py'.
Hint: make sure your test modules/packages have valid Python names.
Traceback:
C:\Users\user\AppData\Local\Programs\Python\Python310\lib\importlib\__init__.py:126: in import_module
    return _bootstrap._gcd_import(name[level:], package, level)
fastapi\tests\test_custom_schema_fields.py:3: in <module>
    from fastapi import FastAPI
E   ImportError: cannot import name 'FastAPI' from 'fastapi' (unknown location)
______ ERROR collecting fastapi/tests/test_custom_swagger_ui_redirect.py ______
ImportError while importing test module 'D:\repolens\fastapi\tests\test_custom_swagger_ui_redirect.py'.
Hint: make sure your test modules/packages have valid Python names.
Traceback:
C:\Users\user\AppData\Local\Programs\Python\Python310\lib\importlib\__init__.py:126: in import_module
    return _bootstrap._gcd_import(name[level:], package, level)
fastapi\tests\test_custom_swagger_ui_redirect.py:1: in <module>
    from fastapi import FastAPI
E   ImportError: cannot import name 'FastAPI' from 'fastapi' (unknown location)
____________ ERROR collecting fastapi/tests/test_datastructures.py ____________
ImportError while importing test module 'D:\repolens\fastapi\tests\test_datastructures.py'.
Hint: make sure your test modules/packages have valid Python names.
Traceback:
C:\Users\user\AppData\Local\Programs\Python\Python310\lib\importlib\__init__.py:126: in import_module
    return _bootstrap._gcd_import(name[level:], package, level)
fastapi\tests\test_datastructures.py:6: in <module>
    from fastapi import FastAPI, UploadFile
E   ImportError: cannot import name 'FastAPI' from 'fastapi' (unknown location)
_______ ERROR collecting fastapi/tests/test_datetime_custom_encoder.py ________
ImportError while importing test module 'D:\repolens\fastapi\tests\test_datetime_custom_encoder.py'.
Hint: make sure your test modules/packages have valid Python names.
Traceback:
C:\Users\user\AppData\Local\Programs\Python\Python310\lib\importlib\__init__.py:126: in import_module
    return _bootstrap._gcd_import(name[level:], package, level)
fastapi\tests\test_datetime_custom_encoder.py:3: in <module>
    from fastapi import FastAPI
E   ImportError: cannot import name 'FastAPI' from 'fastapi' (unknown location)
________ ERROR collecting fastapi/tests/test_default_response_class.py ________
ImportError while importing test module 'D:\repolens\fastapi\tests\test_default_response_class.py'.
Hint: make sure your test modules/packages have valid Python names.
Traceback:
C:\Users\user\AppData\Local\Programs\Python\Python310\lib\importlib\__init__.py:126: in import_module
    return _bootstrap._gcd_import(name[level:], package, level)
fastapi\tests\test_default_response_class.py:3: in <module>
    from fastapi import APIRouter, FastAPI
E   ImportError: cannot import name 'APIRouter' from 'fastapi' (unknown location)
____ ERROR collecting fastapi/tests/test_default_response_class_router.py _____
ImportError while importing test module 'D:\repolens\fastapi\tests\test_default_response_class_router.py'.
Hint: make sure your test modules/packages have valid Python names.
Traceback:
C:\Users\user\AppData\Local\Programs\Python\Python310\lib\importlib\__init__.py:126: in import_module
    return _bootstrap._gcd_import(name[level:], package, level)
fastapi\tests\test_default_response_class_router.py:1: in <module>
    from fastapi import APIRouter, FastAPI
E   ImportError: cannot import name 'APIRouter' from 'fastapi' (unknown location)
__________ ERROR collecting fastapi/tests/test_dependencies_utils.py __________
ImportError while importing test module 'D:\repolens\fastapi\tests\test_dependencies_utils.py'.
Hint: make sure your test modules/packages have valid Python names.
Traceback:
C:\Users\user\AppData\Local\Programs\Python\Python310\lib\importlib\__init__.py:126: in import_module
    return _bootstrap._gcd_import(name[level:], package, level)
fastapi\tests\test_dependencies_utils.py:1: in <module>
    from fastapi.dependencies.utils import get_typed_annotation
E   ModuleNotFoundError: No module named 'fastapi.dependencies'
_____ ERROR collecting fastapi/tests/test_dependency_after_yield_raise.py _____
ImportError while importing test module 'D:\repolens\fastapi\tests\test_dependency_after_yield_raise.py'.
Hint: make sure your test modules/packages have valid Python names.
Traceback:
C:\Users\user\AppData\Local\Programs\Python\Python310\lib\importlib\__init__.py:126: in import_module
    return _bootstrap._gcd_import(name[level:], package, level)
fastapi\tests\test_dependency_after_yield_raise.py:4: in <module>
    from fastapi import Depends, FastAPI, HTTPException
E   ImportError: cannot import name 'Depends' from 'fastapi' (unknown location)
___ ERROR collecting fastapi/tests/test_dependency_after_yield_streaming.py ___
ImportError while importing test module 'D:\repolens\fastapi\tests\test_dependency_after_yield_streaming.py'.
Hint: make sure your test modules/packages have valid Python names.
Traceback:
C:\Users\user\AppData\Local\Programs\Python\Python310\lib\importlib\__init__.py:126: in import_module
    return _bootstrap._gcd_import(name[level:], package, level)
fastapi\tests\test_dependency_after_yield_streaming.py:6: in <module>
    from fastapi import Depends, FastAPI
E   ImportError: cannot import name 'Depends' from 'fastapi' (unknown location)
__ ERROR collecting fastapi/tests/test_dependency_after_yield_websockets.py ___
ImportError while importing test module 'D:\repolens\fastapi\tests\test_dependency_after_yield_websockets.py'.
Hint: make sure your test modules/packages have valid Python names.
Traceback:
C:\Users\user\AppData\Local\Programs\Python\Python310\lib\importlib\__init__.py:126: in import_module
    return _bootstrap._gcd_import(name[level:], package, level)
fastapi\tests\test_dependency_after_yield_websockets.py:6: in <module>
    from fastapi import Depends, FastAPI, WebSocket
E   ImportError: cannot import name 'Depends' from 'fastapi' (unknown location)
___________ ERROR collecting fastapi/tests/test_dependency_cache.py ___________
ImportError while importing test module 'D:\repolens\fastapi\tests\test_dependency_cache.py'.
Hint: make sure your test modules/packages have valid Python names.
Traceback:
C:\Users\user\AppData\Local\Programs\Python\Python310\lib\importlib\__init__.py:126: in import_module
    return _bootstrap._gcd_import(name[level:], package, level)
fastapi\tests\test_dependency_cache.py:1: in <module>
    from fastapi import Depends, FastAPI, Security
E   ImportError: cannot import name 'Depends' from 'fastapi' (unknown location)
___________ ERROR collecting fastapi/tests/test_dependency_class.py ___________
ImportError while importing test module 'D:\repolens\fastapi\tests\test_dependency_class.py'.
Hint: make sure your test modules/packages have valid Python names.
Traceback:
C:\Users\user\AppData\Local\Programs\Python\Python310\lib\importlib\__init__.py:126: in import_module
    return _bootstrap._gcd_import(name[level:], package, level)
fastapi\tests\test_dependency_class.py:4: in <module>
    from fastapi import Depends, FastAPI
E   ImportError: cannot import name 'Depends' from 'fastapi' (unknown location)
______ ERROR collecting fastapi/tests/test_dependency_contextmanager.py _______
ImportError while importing test module 'D:\repolens\fastapi\tests\test_dependency_contextmanager.py'.
Hint: make sure your test modules/packages have valid Python names.
Traceback:
C:\Users\user\AppData\Local\Programs\Python\Python310\lib\importlib\__init__.py:126: in import_module
    return _bootstrap._gcd_import(name[level:], package, level)
fastapi\tests\test_dependency_contextmanager.py:4: in <module>
    from fastapi import BackgroundTasks, Depends, FastAPI
E   ImportError: cannot import name 'BackgroundTasks' from 'fastapi' (unknown location)
________ ERROR collecting fastapi/tests/test_dependency_contextvars.py ________
ImportError while importing test module 'D:\repolens\fastapi\tests\test_dependency_contextvars.py'.
Hint: make sure your test modules/packages have valid Python names.
Traceback:
C:\Users\user\AppData\Local\Programs\Python\Python310\lib\importlib\__init__.py:126: in import_module
    return _bootstrap._gcd_import(name[level:], package, level)
fastapi\tests\test_dependency_contextvars.py:5: in <module>
    from fastapi import Depends, FastAPI, Request, Response
E   ImportError: cannot import name 'Depends' from 'fastapi' (unknown location)
________ ERROR collecting fastapi/tests/test_dependency_duplicates.py _________
ImportError while importing test module 'D:\repolens\fastapi\tests\test_dependency_duplicates.py'.
Hint: make sure your test modules/packages have valid Python names.
Traceback:
C:\Users\user\AppData\Local\Programs\Python\Python310\lib\importlib\__init__.py:126: in import_module
    return _bootstrap._gcd_import(name[level:], package, level)
fastapi\tests\test_dependency_duplicates.py:1: in <module>
    from fastapi import Depends, FastAPI
E   ImportError: cannot import name 'Depends' from 'fastapi' (unknown location)
_________ ERROR collecting fastapi/tests/test_dependency_overrides.py _________
ImportError while importing test module 'D:\repolens\fastapi\tests\test_dependency_overrides.py'.
Hint: make sure your test modules/packages have valid Python names.
Traceback:
C:\Users\user\AppData\Local\Programs\Python\Python310\lib\importlib\__init__.py:126: in import_module
    return _bootstrap._gcd_import(name[level:], package, level)
fastapi\tests\test_dependency_overrides.py:2: in <module>
    from fastapi import APIRouter, Depends, FastAPI
E   ImportError: cannot import name 'APIRouter' from 'fastapi' (unknown location)
_________ ERROR collecting fastapi/tests/test_dependency_paramless.py _________
ImportError while importing test module 'D:\repolens\fastapi\tests\test_dependency_paramless.py'.
Hint: make sure your test modules/packages have valid Python names.
Traceback:
C:\Users\user\AppData\Local\Programs\Python\Python310\lib\importlib\__init__.py:126: in import_module
    return _bootstrap._gcd_import(name[level:], package, level)
fastapi\tests\test_dependency_paramless.py:3: in <module>
    from fastapi import FastAPI, HTTPException, Security
E   ImportError: cannot import name 'FastAPI' from 'fastapi' (unknown location)
__________ ERROR collecting fastapi/tests/test_dependency_partial.py __________
ImportError while importing test module 'D:\repolens\fastapi\tests\test_dependency_partial.py'.
Hint: make sure your test modules/packages have valid Python names.
Traceback:
C:\Users\user\AppData\Local\Programs\Python\Python310\lib\importlib\__init__.py:126: in import_module
    return _bootstrap._gcd_import(name[level:], package, level)
fastapi\tests\test_dependency_partial.py:6: in <module>
    from fastapi import Depends, FastAPI
E   ImportError: cannot import name 'Depends' from 'fastapi' (unknown location)
__________ ERROR collecting fastapi/tests/test_dependency_pep695.py ___________
ImportError while importing test module 'D:\repolens\fastapi\tests\test_dependency_pep695.py'.
Hint: make sure your test modules/packages have valid Python names.
Traceback:
C:\Users\user\AppData\Local\Programs\Python\Python310\lib\importlib\__init__.py:126: in import_module
    return _bootstrap._gcd_import(name[level:], package, level)
fastapi\tests\test_dependency_pep695.py:3: in <module>
    from fastapi import Depends, FastAPI
E   ImportError: cannot import name 'Depends' from 'fastapi' (unknown location)
____ ERROR collecting fastapi/tests/test_dependency_security_overrides.py _____
ImportError while importing test module 'D:\repolens\fastapi\tests\test_dependency_security_overrides.py'.
Hint: make sure your test modules/packages have valid Python names.
Traceback:
C:\Users\user\AppData\Local\Programs\Python\Python310\lib\importlib\__init__.py:126: in import_module
    return _bootstrap._gcd_import(name[level:], package, level)
fastapi\tests\test_dependency_security_overrides.py:1: in <module>
    from fastapi import Depends, FastAPI, Security
E   ImportError: cannot import name 'Depends' from 'fastapi' (unknown location)
__________ ERROR collecting fastapi/tests/test_dependency_wrapped.py __________
ImportError while importing test module 'D:\repolens\fastapi\tests\test_dependency_wrapped.py'.
Hint: make sure your test modules/packages have valid Python names.
Traceback:
C:\Users\user\AppData\Local\Programs\Python\Python310\lib\importlib\__init__.py:126: in import_module
    return _bootstrap._gcd_import(name[level:], package, level)
fastapi\tests\test_dependency_wrapped.py:7: in <module>
    from fastapi import Depends, FastAPI
E   ImportError: cannot import name 'Depends' from 'fastapi' (unknown location)
_ ERROR collecting fastapi/tests/test_dependency_yield_except_httpexception.py _
ImportError while importing test module 'D:\repolens\fastapi\tests\test_dependency_yield_except_httpexception.py'.
Hint: make sure your test modules/packages have valid Python names.
Traceback:
C:\Users\user\AppData\Local\Programs\Python\Python310\lib\importlib\__init__.py:126: in import_module
    return _bootstrap._gcd_import(name[level:], package, level)
fastapi\tests\test_dependency_yield_except_httpexception.py:2: in <module>
    from fastapi import Body, Depends, FastAPI, HTTPException
E   ImportError: cannot import name 'Body' from 'fastapi' (unknown location)
________ ERROR collecting fastapi/tests/test_dependency_yield_scope.py ________
ImportError while importing test module 'D:\repolens\fastapi\tests\test_dependency_yield_scope.py'.
Hint: make sure your test modules/packages have valid Python names.
Traceback:
C:\Users\user\AppData\Local\Programs\Python\Python310\lib\importlib\__init__.py:126: in import_module
    return _bootstrap._gcd_import(name[level:], package, level)
fastapi\tests\test_dependency_yield_scope.py:5: in <module>
    from fastapi import APIRouter, Depends, FastAPI, HTTPException
E   ImportError: cannot import name 'APIRouter' from 'fastapi' (unknown location)
__ ERROR collecting fastapi/tests/test_dependency_yield_scope_websockets.py ___
ImportError while importing test module 'D:\repolens\fastapi\tests\test_dependency_yield_scope_websockets.py'.
Hint: make sure your test modules/packages have valid Python names.
Traceback:
C:\Users\user\AppData\Local\Programs\Python\Python310\lib\importlib\__init__.py:126: in import_module
    return _bootstrap._gcd_import(name[level:], package, level)
fastapi\tests\test_dependency_yield_scope_websockets.py:5: in <module>
    from fastapi import Depends, FastAPI, WebSocket
E   ImportError: cannot import name 'Depends' from 'fastapi' (unknown location)
___________ ERROR collecting fastapi/tests/test_depends_hashable.py ___________
ImportError while importing test module 'D:\repolens\fastapi\tests\test_depends_hashable.py'.
Hint: make sure your test modules/packages have valid Python names.
Traceback:
C:\Users\user\AppData\Local\Programs\Python\Python310\lib\importlib\__init__.py:126: in import_module
    return _bootstrap._gcd_import(name[level:], package, level)
fastapi\tests\test_depends_hashable.py:5: in <module>
    from fastapi import Depends, Security
E   ImportError: cannot import name 'Depends' from 'fastapi' (unknown location)
______ ERROR collecting fastapi/tests/test_deprecated_openapi_prefix.py _______
ImportError while importing test module 'D:\repolens\fastapi\tests\test_deprecated_openapi_prefix.py'.
Hint: make sure your test modules/packages have valid Python names.
Traceback:
C:\Users\user\AppData\Local\Programs\Python\Python310\lib\importlib\__init__.py:126: in import_module
    return _bootstrap._gcd_import(name[level:], package, level)
fastapi\tests\test_deprecated_openapi_prefix.py:1: in <module>
    from fastapi import FastAPI, Request
E   ImportError: cannot import name 'FastAPI' from 'fastapi' (unknown location)
_________ ERROR collecting fastapi/tests/test_deprecated_responses.py _________
ImportError while importing test module 'D:\repolens\fastapi\tests\test_deprecated_responses.py'.
Hint: make sure your test modules/packages have valid Python names.
Traceback:
C:\Users\user\AppData\Local\Programs\Python\Python310\lib\importlib\__init__.py:126: in import_module
    return _bootstrap._gcd_import(name[level:], package, level)
fastapi\tests\test_deprecated_responses.py:4: in <module>
    from fastapi import FastAPI
E   ImportError: cannot import name 'FastAPI' from 'fastapi' (unknown location)
_________ ERROR collecting fastapi/tests/test_dump_json_fast_path.py __________
ImportError while importing test module 'D:\repolens\fastapi\tests\test_dump_json_fast_path.py'.
Hint: make sure your test modules/packages have valid Python names.
Traceback:
C:\Users\user\AppData\Local\Programs\Python\Python310\lib\importlib\__init__.py:126: in import_module
    return _bootstrap._gcd_import(name[level:], package, level)
fastapi\tests\test_dump_json_fast_path.py:3: in <module>
    from fastapi import FastAPI
E   ImportError: cannot import name 'FastAPI' from 'fastapi' (unknown location)
_______ ERROR collecting fastapi/tests/test_duplicate_models_openapi.py _______
ImportError while importing test module 'D:\repolens\fastapi\tests\test_duplicate_models_openapi.py'.
Hint: make sure your test modules/packages have valid Python names.
Traceback:
C:\Users\user\AppData\Local\Programs\Python\Python310\lib\importlib\__init__.py:126: in import_module
    return _bootstrap._gcd_import(name[level:], package, level)
fastapi\tests\test_duplicate_models_openapi.py:1: in <module>
    from fastapi import FastAPI
E   ImportError: cannot import name 'FastAPI' from 'fastapi' (unknown location)
_____________ ERROR collecting fastapi/tests/test_empty_router.py _____________
ImportError while importing test module 'D:\repolens\fastapi\tests\test_empty_router.py'.
Hint: make sure your test modules/packages have valid Python names.
Traceback:
C:\Users\user\AppData\Local\Programs\Python\Python310\lib\importlib\__init__.py:126: in import_module
    return _bootstrap._gcd_import(name[level:], package, level)
fastapi\tests\test_empty_router.py:2: in <module>
    from fastapi import APIRouter, FastAPI
E   ImportError: cannot import name 'APIRouter' from 'fastapi' (unknown location)
___ ERROR collecting fastapi/tests/test_enforce_once_required_parameter.py ____
ImportError while importing test module 'D:\repolens\fastapi\tests\test_enforce_once_required_parameter.py'.
Hint: make sure your test modules/packages have valid Python names.
Traceback:
C:\Users\user\AppData\Local\Programs\Python\Python310\lib\importlib\__init__.py:126: in import_module
    return _bootstrap._gcd_import(name[level:], package, level)
fastapi\tests\test_enforce_once_required_parameter.py:1: in <module>
    from fastapi import Depends, FastAPI, Query
E   ImportError: cannot import name 'Depends' from 'fastapi' (unknown location)
__________ ERROR collecting fastapi/tests/test_exception_handlers.py __________
ImportError while importing test module 'D:\repolens\fastapi\tests\test_exception_handlers.py'.
Hint: make sure your test modules/packages have valid Python names.
Traceback:
C:\Users\user\AppData\Local\Programs\Python\Python310\lib\importlib\__init__.py:126: in import_module
    return _bootstrap._gcd_import(name[level:], package, level)
fastapi\tests\test_exception_handlers.py:2: in <module>
    from fastapi import Depends, FastAPI, HTTPException
E   ImportError: cannot import name 'Depends' from 'fastapi' (unknown location)
_____________ ERROR collecting fastapi/tests/test_extra_routes.py _____________
ImportError while importing test module 'D:\repolens\fastapi\tests\test_extra_routes.py'.
Hint: make sure your test modules/packages have valid Python names.
Traceback:
C:\Users\user\AppData\Local\Programs\Python\Python310\lib\importlib\__init__.py:126: in import_module
    return _bootstrap._gcd_import(name[level:], package, level)
fastapi\tests\test_extra_routes.py:1: in <module>
    from fastapi import FastAPI
E   ImportError: cannot import name 'FastAPI' from 'fastapi' (unknown location)
_____________ ERROR collecting fastapi/tests/test_fastapi_cli.py ______________
ImportError while importing test module 'D:\repolens\fastapi\tests\test_fastapi_cli.py'.
Hint: make sure your test modules/packages have valid Python names.
Traceback:
C:\Users\user\AppData\Local\Programs\Python\Python310\lib\importlib\__init__.py:126: in import_module
    return _bootstrap._gcd_import(name[level:], package, level)
fastapi\tests\test_fastapi_cli.py:6: in <module>
    import fastapi.cli
E   ModuleNotFoundError: No module named 'fastapi.cli'
____ ERROR collecting fastapi/tests/test_file_and_form_order_issue_9116.py ____
ImportError while importing test module 'D:\repolens\fastapi\tests\test_file_and_form_order_issue_9116.py'.
Hint: make sure your test modules/packages have valid Python names.
Traceback:
C:\Users\user\AppData\Local\Programs\Python\Python310\lib\importlib\__init__.py:126: in import_module
    return _bootstrap._gcd_import(name[level:], package, level)
fastapi\tests\test_file_and_form_order_issue_9116.py:10: in <module>
    from fastapi import FastAPI, File, Form
E   ImportError: cannot import name 'FastAPI' from 'fastapi' (unknown location)
____ ERROR collecting fastapi/tests/test_filter_pydantic_sub_model_pv2.py _____
ImportError while importing test module 'D:\repolens\fastapi\tests\test_filter_pydantic_sub_model_pv2.py'.
Hint: make sure your test modules/packages have valid Python names.
Traceback:
C:\Users\user\AppData\Local\Programs\Python\Python310\lib\importlib\__init__.py:126: in import_module
    return _bootstrap._gcd_import(name[level:], package, level)
fastapi\tests\test_filter_pydantic_sub_model_pv2.py:2: in <module>
    from dirty_equals import HasRepr
E   ModuleNotFoundError: No module named 'dirty_equals'
_____________ ERROR collecting fastapi/tests/test_form_default.py _____________
ImportError while importing test module 'D:\repolens\fastapi\tests\test_form_default.py'.
Hint: make sure your test modules/packages have valid Python names.
Traceback:
C:\Users\user\AppData\Local\Programs\Python\Python310\lib\importlib\__init__.py:126: in import_module
    return _bootstrap._gcd_import(name[level:], package, level)
fastapi\tests\test_form_default.py:3: in <module>
    from fastapi import FastAPI, File, Form
E   ImportError: cannot import name 'FastAPI' from 'fastapi' (unknown location)
___ ERROR collecting fastapi/tests/test_forms_from_non_typing_sequences.py ____
ImportError while importing test module 'D:\repolens\fastapi\tests\test_forms_from_non_typing_sequences.py'.
Hint: make sure your test modules/packages have valid Python names.
Traceback:
C:\Users\user\AppData\Local\Programs\Python\Python310\lib\importlib\__init__.py:126: in import_module
    return _bootstrap._gcd_import(name[level:], package, level)
fastapi\tests\test_forms_from_non_typing_sequences.py:1: in <module>
    from fastapi import FastAPI, Form
E   ImportError: cannot import name 'FastAPI' from 'fastapi' (unknown location)
__________ ERROR collecting fastapi/tests/test_forms_single_model.py __________
ImportError while importing test module 'D:\repolens\fastapi\tests\test_forms_single_model.py'.
Hint: make sure your test modules/packages have valid Python names.
Traceback:
C:\Users\user\AppData\Local\Programs\Python\Python310\lib\importlib\__init__.py:126: in import_module
    return _bootstrap._gcd_import(name[level:], package, level)
fastapi\tests\test_forms_single_model.py:3: in <module>
    from fastapi import FastAPI, Form
E   ImportError: cannot import name 'FastAPI' from 'fastapi' (unknown location)
__________ ERROR collecting fastapi/tests/test_forms_single_param.py __________
ImportError while importing test module 'D:\repolens\fastapi\tests\test_forms_single_param.py'.
Hint: make sure your test modules/packages have valid Python names.
Traceback:
C:\Users\user\AppData\Local\Programs\Python\Python310\lib\importlib\__init__.py:126: in import_module
    return _bootstrap._gcd_import(name[level:], package, level)
fastapi\tests\test_forms_single_param.py:3: in <module>
    from fastapi import FastAPI, Form
E   ImportError: cannot import name 'FastAPI' from 'fastapi' (unknown location)
_______________ ERROR collecting fastapi/tests/test_frontend.py _______________
ImportError while importing test module 'D:\repolens\fastapi\tests\test_frontend.py'.
Hint: make sure your test modules/packages have valid Python names.
Traceback:
C:\Users\user\AppData\Local\Programs\Python\Python310\lib\importlib\__init__.py:126: in import_module
    return _bootstrap._gcd_import(name[level:], package, level)
fastapi\tests\test_frontend.py:10: in <module>
    from fastapi import APIRouter, Depends, FastAPI, HTTPException, Request, WebSocket
E   ImportError: cannot import name 'APIRouter' from 'fastapi' (unknown location)
_____ ERROR collecting fastapi/tests/test_generate_unique_id_function.py ______
ImportError while importing test module 'D:\repolens\fastapi\tests\test_generate_unique_id_function.py'.
Hint: make sure your test modules/packages have valid Python names.
Traceback:
C:\Users\user\AppData\Local\Programs\Python\Python310\lib\importlib\__init__.py:126: in import_module
    return _bootstrap._gcd_import(name[level:], package, level)
fastapi\tests\test_generate_unique_id_function.py:3: in <module>
    from fastapi import APIRouter, FastAPI
E   ImportError: cannot import name 'APIRouter' from 'fastapi' (unknown location)
____ ERROR collecting fastapi/tests/test_generic_parameterless_depends.py _____
ImportError while importing test module 'D:\repolens\fastapi\tests\test_generic_parameterless_depends.py'.
Hint: make sure your test modules/packages have valid Python names.
Traceback:
C:\Users\user\AppData\Local\Programs\Python\Python310\lib\importlib\__init__.py:126: in import_module
    return _bootstrap._gcd_import(name[level:], package, level)
fastapi\tests\test_generic_parameterless_depends.py:3: in <module>
    from fastapi import Depends, FastAPI
E   ImportError: cannot import name 'Depends' from 'fastapi' (unknown location)
_ ERROR collecting fastapi/tests/test_get_model_definitions_formfeed_escape.py _
ImportError while importing test module 'D:\repolens\fastapi\tests\test_get_model_definitions_formfeed_escape.py'.
Hint: make sure your test modules/packages have valid Python names.
Traceback:
C:\Users\user\AppData\Local\Programs\Python\Python310\lib\importlib\__init__.py:126: in import_module
    return _bootstrap._gcd_import(name[level:], package, level)
fastapi\tests\test_get_model_definitions_formfeed_escape.py:2: in <module>
    from fastapi import FastAPI
E   ImportError: cannot import name 'FastAPI' from 'fastapi' (unknown location)
___________ ERROR collecting fastapi/tests/test_get_request_body.py ___________
ImportError while importing test module 'D:\repolens\fastapi\tests\test_get_request_body.py'.
Hint: make sure your test modules/packages have valid Python names.
Traceback:
C:\Users\user\AppData\Local\Programs\Python\Python310\lib\importlib\__init__.py:126: in import_module
    return _bootstrap._gcd_import(name[level:], package, level)
fastapi\tests\test_get_request_body.py:1: in <module>
    from fastapi import FastAPI
E   ImportError: cannot import name 'FastAPI' from 'fastapi' (unknown location)
______ ERROR collecting fastapi/tests/test_http_connection_injection.py _______
ImportError while importing test module 'D:\repolens\fastapi\tests\test_http_connection_injection.py'.
Hint: make sure your test modules/packages have valid Python names.
Traceback:
C:\Users\user\AppData\Local\Programs\Python\Python310\lib\importlib\__init__.py:126: in import_module
    return _bootstrap._gcd_import(name[level:], package, level)
fastapi\tests\test_http_connection_injection.py:1: in <module>
    from fastapi import Depends, FastAPI
E   ImportError: cannot import name 'Depends' from 'fastapi' (unknown location)
____________ ERROR collecting fastapi/tests/test_include_route.py _____________
ImportError while importing test module 'D:\repolens\fastapi\tests\test_include_route.py'.
Hint: make sure your test modules/packages have valid Python names.
Traceback:
C:\Users\user\AppData\Local\Programs\Python\Python310\lib\importlib\__init__.py:126: in import_module
    return _bootstrap._gcd_import(name[level:], package, level)
fastapi\tests\test_include_route.py:1: in <module>
    from fastapi import APIRouter, FastAPI, Request
E   ImportError: cannot import name 'APIRouter' from 'fastapi' (unknown location)
__ ERROR collecting fastapi/tests/test_include_router_defaults_overrides.py ___
ImportError while importing test module 'D:\repolens\fastapi\tests\test_include_router_defaults_overrides.py'.
Hint: make sure your test modules/packages have valid Python names.
Traceback:
C:\Users\user\AppData\Local\Programs\Python\Python310\lib\importlib\__init__.py:126: in import_module
    return _bootstrap._gcd_import(name[level:], package, level)
fastapi\tests\test_include_router_defaults_overrides.py:4: in <module>
    from fastapi import APIRouter, Depends, FastAPI, Response
E   ImportError: cannot import name 'APIRouter' from 'fastapi' (unknown location)
_______ ERROR collecting fastapi/tests/test_infer_param_optionality.py ________
ImportError while importing test module 'D:\repolens\fastapi\tests\test_infer_param_optionality.py'.
Hint: make sure your test modules/packages have valid Python names.
Traceback:
C:\Users\user\AppData\Local\Programs\Python\Python310\lib\importlib\__init__.py:126: in import_module
    return _bootstrap._gcd_import(name[level:], package, level)
fastapi\tests\test_infer_param_optionality.py:1: in <module>
    from fastapi import APIRouter, FastAPI
E   ImportError: cannot import name 'APIRouter' from 'fastapi' (unknown location)
________ ERROR collecting fastapi/tests/test_inherited_custom_class.py ________
ImportError while importing test module 'D:\repolens\fastapi\tests\test_inherited_custom_class.py'.
Hint: make sure your test modules/packages have valid Python names.
Traceback:
C:\Users\user\AppData\Local\Programs\Python\Python310\lib\importlib\__init__.py:126: in import_module
    return _bootstrap._gcd_import(name[level:], package, level)
fastapi\tests\test_inherited_custom_class.py:4: in <module>
    from fastapi import FastAPI
E   ImportError: cannot import name 'FastAPI' from 'fastapi' (unknown location)
__________ ERROR collecting fastapi/tests/test_invalid_path_param.py __________
ImportError while importing test module 'D:\repolens\fastapi\tests\test_invalid_path_param.py'.
Hint: make sure your test modules/packages have valid Python names.
Traceback:
C:\Users\user\AppData\Local\Programs\Python\Python310\lib\importlib\__init__.py:126: in import_module
    return _bootstrap._gcd_import(name[level:], package, level)
fastapi\tests\test_invalid_path_param.py:2: in <module>
    from fastapi import FastAPI
E   ImportError: cannot import name 'FastAPI' from 'fastapi' (unknown location)
________ ERROR collecting fastapi/tests/test_invalid_sequence_param.py ________
ImportError while importing test module 'D:\repolens\fastapi\tests\test_invalid_sequence_param.py'.
Hint: make sure your test modules/packages have valid Python names.
Traceback:
C:\Users\user\AppData\Local\Programs\Python\Python310\lib\importlib\__init__.py:126: in import_module
    return _bootstrap._gcd_import(name[level:], package, level)
fastapi\tests\test_invalid_sequence_param.py:2: in <module>
    from fastapi import FastAPI, Query
E   ImportError: cannot import name 'FastAPI' from 'fastapi' (unknown location)
______________ ERROR collecting fastapi/tests/test_json_type.py _______________
ImportError while importing test module 'D:\repolens\fastapi\tests\test_json_type.py'.
Hint: make sure your test modules/packages have valid Python names.
Traceback:
C:\Users\user\AppData\Local\Programs\Python\Python310\lib\importlib\__init__.py:126: in import_module
    return _bootstrap._gcd_import(name[level:], package, level)
fastapi\tests\test_json_type.py:4: in <module>
    from fastapi import Cookie, FastAPI, Form, Header, Query
E   ImportError: cannot import name 'Cookie' from 'fastapi' (unknown location)
___________ ERROR collecting fastapi/tests/test_jsonable_encoder.py ___________
ImportError while importing test module 'D:\repolens\fastapi\tests\test_jsonable_encoder.py'.
Hint: make sure your test modules/packages have valid Python names.
Traceback:
C:\Users\user\AppData\Local\Programs\Python\Python310\lib\importlib\__init__.py:126: in import_module
    return _bootstrap._gcd_import(name[level:], package, level)
fastapi\tests\test_jsonable_encoder.py:12: in <module>
    from fastapi._compat import Undefined
E   ModuleNotFoundError: No module named 'fastapi._compat'
_ ERROR collecting fastapi/tests/test_list_bytes_file_order_preserved_issue_14811.py _
ImportError while importing test module 'D:\repolens\fastapi\tests\test_list_bytes_file_order_preserved_issue_14811.py'.
Hint: make sure your test modules/packages have valid Python names.
Traceback:
C:\Users\user\AppData\Local\Programs\Python\Python310\lib\importlib\__init__.py:126: in import_module
    return _bootstrap._gcd_import(name[level:], package, level)
fastapi\tests\test_list_bytes_file_order_preserved_issue_14811.py:11: in <module>
    from fastapi import FastAPI, File
E   ImportError: cannot import name 'FastAPI' from 'fastapi' (unknown location)
______________ ERROR collecting fastapi/tests/test_local_docs.py ______________
ImportError while importing test module 'D:\repolens\fastapi\tests\test_local_docs.py'.
Hint: make sure your test modules/packages have valid Python names.
Traceback:
C:\Users\user\AppData\Local\Programs\Python\Python310\lib\importlib\__init__.py:126: in import_module
    return _bootstrap._gcd_import(name[level:], package, level)
fastapi\tests\test_local_docs.py:3: in <module>
    from fastapi.openapi.docs import get_redoc_html, get_swagger_ui_html
E   ModuleNotFoundError: No module named 'fastapi.openapi'
___ ERROR collecting fastapi/tests/test_modules_same_name_body/test_main.py ___
ImportError while importing test module 'D:\repolens\fastapi\tests\test_modules_same_name_body\test_main.py'.
Hint: make sure your test modules/packages have valid Python names.
Traceback:
C:\Users\user\AppData\Local\Programs\Python\Python310\lib\importlib\__init__.py:126: in import_module
    return _bootstrap._gcd_import(name[level:], package, level)
fastapi\tests\test_modules_same_name_body\test_main.py:2: in <module>
    from fastapi.testclient import TestClient
E   ModuleNotFoundError: No module named 'fastapi.testclient'
__________ ERROR collecting fastapi/tests/test_multi_body_errors.py ___________
ImportError while importing test module 'D:\repolens\fastapi\tests\test_multi_body_errors.py'.
Hint: make sure your test modules/packages have valid Python names.
Traceback:
C:\Users\user\AppData\Local\Programs\Python\Python310\lib\importlib\__init__.py:126: in import_module
    return _bootstrap._gcd_import(name[level:], package, level)
fastapi\tests\test_multi_body_errors.py:3: in <module>
    from dirty_equals import IsOneOf
E   ModuleNotFoundError: No module named 'dirty_equals'
__________ ERROR collecting fastapi/tests/test_multi_query_errors.py __________
ImportError while importing test module 'D:\repolens\fastapi\tests\test_multi_query_errors.py'.
Hint: make sure your test modules/packages have valid Python names.
Traceback:
C:\Users\user\AppData\Local\Programs\Python\Python310\lib\importlib\__init__.py:126: in import_module
    return _bootstrap._gcd_import(name[level:], package, level)
fastapi\tests\test_multi_query_errors.py:1: in <module>
    from fastapi import FastAPI, Query
E   ImportError: cannot import name 'FastAPI' from 'fastapi' (unknown location)
________ ERROR collecting fastapi/tests/test_multipart_installation.py ________
ImportError while importing test module 'D:\repolens\fastapi\tests\test_multipart_installation.py'.
Hint: make sure your test modules/packages have valid Python names.
Traceback:
C:\Users\user\AppData\Local\Programs\Python\Python310\lib\importlib\__init__.py:126: in import_module
    return _bootstrap._gcd_import(name[level:], package, level)
fastapi\tests\test_multipart_installation.py:4: in <module>
    from fastapi import FastAPI, File, Form, UploadFile
E   ImportError: cannot import name 'FastAPI' from 'fastapi' (unknown location)
___________ ERROR collecting fastapi/tests/test_no_schema_split.py ____________
ImportError while importing test module 'D:\repolens\fastapi\tests\test_no_schema_split.py'.
Hint: make sure your test modules/packages have valid Python names.
Traceback:
C:\Users\user\AppData\Local\Programs\Python\Python310\lib\importlib\__init__.py:126: in import_module
    return _bootstrap._gcd_import(name[level:], package, level)
fastapi\tests\test_no_schema_split.py:7: in <module>
    from fastapi import FastAPI
E   ImportError: cannot import name 'FastAPI' from 'fastapi' (unknown location)
________ ERROR collecting fastapi/tests/test_no_swagger_ui_redirect.py ________
ImportError while importing test module 'D:\repolens\fastapi\tests\test_no_swagger_ui_redirect.py'.
Hint: make sure your test modules/packages have valid Python names.
Traceback:
C:\Users\user\AppData\Local\Programs\Python\Python310\lib\importlib\__init__.py:126: in import_module
    return _bootstrap._gcd_import(name[level:], package, level)
fastapi\tests\test_no_swagger_ui_redirect.py:1: in <module>
    from fastapi import FastAPI
E   ImportError: cannot import name 'FastAPI' from 'fastapi' (unknown location)
_______ ERROR collecting fastapi/tests/test_openapi_cache_root_path.py ________
ImportError while importing test module 'D:\repolens\fastapi\tests\test_openapi_cache_root_path.py'.
Hint: make sure your test modules/packages have valid Python names.
Traceback:
C:\Users\user\AppData\Local\Programs\Python\Python310\lib\importlib\__init__.py:126: in import_module
    return _bootstrap._gcd_import(name[level:], package, level)
fastapi\tests\test_openapi_cache_root_path.py:1: in <module>
    from fastapi import FastAPI
E   ImportError: cannot import name 'FastAPI' from 'fastapi' (unknown location)
___________ ERROR collecting fastapi/tests/test_openapi_examples.py ___________
ImportError while importing test module 'D:\repolens\fastapi\tests\test_openapi_examples.py'.
Hint: make sure your test modules/packages have valid Python names.
Traceback:
C:\Users\user\AppData\Local\Programs\Python\Python310\lib\importlib\__init__.py:126: in import_module
    return _bootstrap._gcd_import(name[level:], package, level)
fastapi\tests\test_openapi_examples.py:1: in <module>
    from fastapi import Body, Cookie, FastAPI, Header, Path, Query
E   ImportError: cannot import name 'Body' from 'fastapi' (unknown location)
_ ERROR collecting fastapi/tests/test_openapi_model_description_trim_on_formfeed.py _
ImportError while importing test module 'D:\repolens\fastapi\tests\test_openapi_model_description_trim_on_formfeed.py'.
Hint: make sure your test modules/packages have valid Python names.
Traceback:
C:\Users\user\AppData\Local\Programs\Python\Python310\lib\importlib\__init__.py:126: in import_module
    return _bootstrap._gcd_import(name[level:], package, level)
fastapi\tests\test_openapi_model_description_trim_on_formfeed.py:1: in <module>
    from fastapi import FastAPI
E   ImportError: cannot import name 'FastAPI' from 'fastapi' (unknown location)
__ ERROR collecting fastapi/tests/test_openapi_query_parameter_extension.py ___
ImportError while importing test module 'D:\repolens\fastapi\tests\test_openapi_query_parameter_extension.py'.
Hint: make sure your test modules/packages have valid Python names.
Traceback:
C:\Users\user\AppData\Local\Programs\Python\Python310\lib\importlib\__init__.py:126: in import_module
    return _bootstrap._gcd_import(name[level:], package, level)
fastapi\tests\test_openapi_query_parameter_extension.py:1: in <module>
    from fastapi import FastAPI
E   ImportError: cannot import name 'FastAPI' from 'fastapi' (unknown location)
_______ ERROR collecting fastapi/tests/test_openapi_route_extensions.py _______
ImportError while importing test module 'D:\repolens\fastapi\tests\test_openapi_route_extensions.py'.
Hint: make sure your test modules/packages have valid Python names.
Traceback:
C:\Users\user\AppData\Local\Programs\Python\Python310\lib\importlib\__init__.py:126: in import_module
    return _bootstrap._gcd_import(name[level:], package, level)
fastapi\tests\test_openapi_route_extensions.py:1: in <module>
    from fastapi import FastAPI
E   ImportError: cannot import name 'FastAPI' from 'fastapi' (unknown location)
_________ ERROR collecting fastapi/tests/test_openapi_schema_type.py __________
ImportError while importing test module 'D:\repolens\fastapi\tests\test_openapi_schema_type.py'.
Hint: make sure your test modules/packages have valid Python names.
Traceback:
C:\Users\user\AppData\Local\Programs\Python\Python310\lib\importlib\__init__.py:126: in import_module
    return _bootstrap._gcd_import(name[level:], package, level)
fastapi\tests\test_openapi_schema_type.py:2: in <module>
    from fastapi.openapi.models import Schema, SchemaType
E   ModuleNotFoundError: No module named 'fastapi.openapi'
_ ERROR collecting fastapi/tests/test_openapi_separate_input_output_schemas.py _
ImportError while importing test module 'D:\repolens\fastapi\tests\test_openapi_separate_input_output_schemas.py'.
Hint: make sure your test modules/packages have valid Python names.
Traceback:
C:\Users\user\AppData\Local\Programs\Python\Python310\lib\importlib\__init__.py:126: in import_module
    return _bootstrap._gcd_import(name[level:], package, level)
fastapi\tests\test_openapi_separate_input_output_schemas.py:1: in <module>
    from fastapi import FastAPI
E   ImportError: cannot import name 'FastAPI' from 'fastapi' (unknown location)
___________ ERROR collecting fastapi/tests/test_openapi_servers.py ____________
ImportError while importing test module 'D:\repolens\fastapi\tests\test_openapi_servers.py'.
Hint: make sure your test modules/packages have valid Python names.
Traceback:
C:\Users\user\AppData\Local\Programs\Python\Python310\lib\importlib\__init__.py:126: in import_module
    return _bootstrap._gcd_import(name[level:], package, level)
fastapi\tests\test_openapi_servers.py:1: in <module>
    from fastapi import FastAPI
E   ImportError: cannot import name 'FastAPI' from 'fastapi' (unknown location)
________ ERROR collecting fastapi/tests/test_operations_signatures.py _________
ImportError while importing test module 'D:\repolens\fastapi\tests\test_operations_signatures.py'.
Hint: make sure your test modules/packages have valid Python names.
Traceback:
C:\Users\user\AppData\Local\Programs\Python\Python310\lib\importlib\__init__.py:126: in import_module
    return _bootstrap._gcd_import(name[level:], package, level)
fastapi\tests\test_operations_signatures.py:3: in <module>
    from fastapi import APIRouter, FastAPI
E   ImportError: cannot import name 'APIRouter' from 'fastapi' (unknown location)
__________ ERROR collecting fastapi/tests/test_optional_file_list.py __________
ImportError while importing test module 'D:\repolens\fastapi\tests\test_optional_file_list.py'.
Hint: make sure your test modules/packages have valid Python names.
Traceback:
C:\Users\user\AppData\Local\Programs\Python\Python310\lib\importlib\__init__.py:126: in import_module
    return _bootstrap._gcd_import(name[level:], package, level)
fastapi\tests\test_optional_file_list.py:1: in <module>
    from fastapi import FastAPI, File
E   ImportError: cannot import name 'FastAPI' from 'fastapi' (unknown location)
_____________ ERROR collecting fastapi/tests/test_param_class.py ______________
ImportError while importing test module 'D:\repolens\fastapi\tests\test_param_class.py'.
Hint: make sure your test modules/packages have valid Python names.
Traceback:
C:\Users\user\AppData\Local\Programs\Python\Python310\lib\importlib\__init__.py:126: in import_module
    return _bootstrap._gcd_import(name[level:], package, level)
fastapi\tests\test_param_class.py:1: in <module>
    from fastapi import FastAPI
E   ImportError: cannot import name 'FastAPI' from 'fastapi' (unknown location)
_____ ERROR collecting fastapi/tests/test_param_in_path_and_dependency.py _____
ImportError while importing test module 'D:\repolens\fastapi\tests\test_param_in_path_and_dependency.py'.
Hint: make sure your test modules/packages have valid Python names.
Traceback:
C:\Users\user\AppData\Local\Programs\Python\Python310\lib\importlib\__init__.py:126: in import_module
    return _bootstrap._gcd_import(name[level:], package, level)
fastapi\tests\test_param_in_path_and_dependency.py:1: in <module>
    from fastapi import Depends, FastAPI
E   ImportError: cannot import name 'Depends' from 'fastapi' (unknown location)
_______ ERROR collecting fastapi/tests/test_param_include_in_schema.py ________
ImportError while importing test module 'D:\repolens\fastapi\tests\test_param_include_in_schema.py'.
Hint: make sure your test modules/packages have valid Python names.
Traceback:
C:\Users\user\AppData\Local\Programs\Python\Python310\lib\importlib\__init__.py:126: in import_module
    return _bootstrap._gcd_import(name[level:], package, level)
fastapi\tests\test_param_include_in_schema.py:2: in <module>
    from fastapi import Cookie, FastAPI, Header, Path, Query
E   ImportError: cannot import name 'Cookie' from 'fastapi' (unknown location)
_____________ ERROR collecting fastapi/tests/test_params_repr.py ______________
ImportError while importing test module 'D:\repolens\fastapi\tests\test_params_repr.py'.
Hint: make sure your test modules/packages have valid Python names.
Traceback:
C:\Users\user\AppData\Local\Programs\Python\Python310\lib\importlib\__init__.py:126: in import_module
    return _bootstrap._gcd_import(name[level:], package, level)
fastapi\tests\test_params_repr.py:3: in <module>
    from fastapi.params import Body, Cookie, Header, Param, Path, Query
E   ModuleNotFoundError: No module named 'fastapi.params'
_________________ ERROR collecting fastapi/tests/test_path.py _________________
ImportError while importing test module 'D:\repolens\fastapi\tests\test_path.py'.
Hint: make sure your test modules/packages have valid Python names.
Traceback:
C:\Users\user\AppData\Local\Programs\Python\Python310\lib\importlib\__init__.py:126: in import_module
    return _bootstrap._gcd_import(name[level:], package, level)
fastapi\tests\test_path.py:1: in <module>
    from fastapi.testclient import TestClient
E   ModuleNotFoundError: No module named 'fastapi.testclient'
___________ ERROR collecting fastapi/tests/test_prepare_release.py ____________
ImportError while importing test module 'D:\repolens\fastapi\tests\test_prepare_release.py'.
Hint: make sure your test modules/packages have valid Python names.
Traceback:
C:\Users\user\AppData\Local\Programs\Python\Python310\lib\importlib\__init__.py:126: in import_module
    return _bootstrap._gcd_import(name[level:], package, level)
fastapi\tests\test_prepare_release.py:5: in <module>
    from typer.testing import CliRunner
E   ModuleNotFoundError: No module named 'typer'
_____________ ERROR collecting fastapi/tests/test_put_no_body.py ______________
ImportError while importing test module 'D:\repolens\fastapi\tests\test_put_no_body.py'.
Hint: make sure your test modules/packages have valid Python names.
Traceback:
C:\Users\user\AppData\Local\Programs\Python\Python310\lib\importlib\__init__.py:126: in import_module
    return _bootstrap._gcd_import(name[level:], package, level)
fastapi\tests\test_put_no_body.py:1: in <module>
    from fastapi import FastAPI
E   ImportError: cannot import name 'FastAPI' from 'fastapi' (unknown location)
__________ ERROR collecting fastapi/tests/test_pydantic_v1_error.py ___________
ImportError while importing test module 'D:\repolens\fastapi\tests\test_pydantic_v1_error.py'.
Hint: make sure your test modules/packages have valid Python names.
Traceback:
C:\Users\user\AppData\Local\Programs\Python\Python310\lib\importlib\__init__.py:126: in import_module
    return _bootstrap._gcd_import(name[level:], package, level)
fastapi\tests\test_pydantic_v1_error.py:11: in <module>
    from fastapi import FastAPI
E   ImportError: cannot import name 'FastAPI' from 'fastapi' (unknown location)
_ ERROR collecting fastapi/tests/test_pydanticv2_dataclasses_uuid_stringified_annotations.py _
ImportError while importing test module 'D:\repolens\fastapi\tests\test_pydanticv2_dataclasses_uuid_stringified_annotations.py'.
Hint: make sure your test modules/packages have valid Python names.
Traceback:
C:\Users\user\AppData\Local\Programs\Python\Python310\lib\importlib\__init__.py:126: in import_module
    return _bootstrap._gcd_import(name[level:], package, level)
fastapi\tests\test_pydanticv2_dataclasses_uuid_stringified_annotations.py:6: in <module>
    from dirty_equals import IsUUID
E   ModuleNotFoundError: No module named 'dirty_equals'
________________ ERROR collecting fastapi/tests/test_query.py _________________
ImportError while importing test module 'D:\repolens\fastapi\tests\test_query.py'.
Hint: make sure your test modules/packages have valid Python names.
Traceback:
C:\Users\user\AppData\Local\Programs\Python\Python310\lib\importlib\__init__.py:126: in import_module
    return _bootstrap._gcd_import(name[level:], package, level)
fastapi\tests\test_query.py:1: in <module>
    from fastapi.testclient import TestClient
E   ModuleNotFoundError: No module named 'fastapi.testclient'
_ ERROR collecting fastapi/tests/test_query_cookie_header_model_extra_params.py _
ImportError while importing test module 'D:\repolens\fastapi\tests\test_query_cookie_header_model_extra_params.py'.
Hint: make sure your test modules/packages have valid Python names.
Traceback:
C:\Users\user\AppData\Local\Programs\Python\Python310\lib\importlib\__init__.py:126: in import_module
    return _bootstrap._gcd_import(name[level:], package, level)
fastapi\tests\test_query_cookie_header_model_extra_params.py:1: in <module>
    from fastapi import Cookie, FastAPI, Header, Query
E   ImportError: cannot import name 'Cookie' from 'fastapi' (unknown location)
__________ ERROR collecting fastapi/tests/test_read_with_orm_mode.py __________
ImportError while importing test module 'D:\repolens\fastapi\tests\test_read_with_orm_mode.py'.
Hint: make sure your test modules/packages have valid Python names.
Traceback:
C:\Users\user\AppData\Local\Programs\Python\Python310\lib\importlib\__init__.py:126: in import_module
    return _bootstrap._gcd_import(name[level:], package, level)
fastapi\tests\test_read_with_orm_mode.py:3: in <module>
    from fastapi import FastAPI
E   ImportError: cannot import name 'FastAPI' from 'fastapi' (unknown location)
________ ERROR collecting fastapi/tests/test_regex_deprecated_body.py _________
ImportError while importing test module 'D:\repolens\fastapi\tests\test_regex_deprecated_body.py'.
Hint: make sure your test modules/packages have valid Python names.
Traceback:
C:\Users\user\AppData\Local\Programs\Python\Python310\lib\importlib\__init__.py:126: in import_module
    return _bootstrap._gcd_import(name[level:], package, level)
fastapi\tests\test_regex_deprecated_body.py:4: in <module>
    from fastapi import FastAPI, Form
E   ImportError: cannot import name 'FastAPI' from 'fastapi' (unknown location)
_______ ERROR collecting fastapi/tests/test_regex_deprecated_params.py ________
ImportError while importing test module 'D:\repolens\fastapi\tests\test_regex_deprecated_params.py'.
Hint: make sure your test modules/packages have valid Python names.
Traceback:
C:\Users\user\AppData\Local\Programs\Python\Python310\lib\importlib\__init__.py:126: in import_module
    return _bootstrap._gcd_import(name[level:], package, level)
fastapi\tests\test_regex_deprecated_params.py:4: in <module>
    from fastapi import FastAPI, Query
E   ImportError: cannot import name 'FastAPI' from 'fastapi' (unknown location)
_______ ERROR collecting fastapi/tests/test_repeated_cookie_headers.py ________
ImportError while importing test module 'D:\repolens\fastapi\tests\test_repeated_cookie_headers.py'.
Hint: make sure your test modules/packages have valid Python names.
Traceback:
C:\Users\user\AppData\Local\Programs\Python\Python310\lib\importlib\__init__.py:126: in import_module
    return _bootstrap._gcd_import(name[level:], package, level)
fastapi\tests\test_repeated_cookie_headers.py:1: in <module>
    from fastapi import Depends, FastAPI, Response
E   ImportError: cannot import name 'Depends' from 'fastapi' (unknown location)
______ ERROR collecting fastapi/tests/test_repeated_dependency_schema.py ______
ImportError while importing test module 'D:\repolens\fastapi\tests\test_repeated_dependency_schema.py'.
Hint: make sure your test modules/packages have valid Python names.
Traceback:
C:\Users\user\AppData\Local\Programs\Python\Python310\lib\importlib\__init__.py:126: in import_module
    return _bootstrap._gcd_import(name[level:], package, level)
fastapi\tests\test_repeated_dependency_schema.py:1: in <module>
    from fastapi import Depends, FastAPI, Header, status
E   ImportError: cannot import name 'Depends' from 'fastapi' (unknown location)
_______ ERROR collecting fastapi/tests/test_repeated_parameter_alias.py _______
ImportError while importing test module 'D:\repolens\fastapi\tests\test_repeated_parameter_alias.py'.
Hint: make sure your test modules/packages have valid Python names.
Traceback:
C:\Users\user\AppData\Local\Programs\Python\Python310\lib\importlib\__init__.py:126: in import_module
    return _bootstrap._gcd_import(name[level:], package, level)
fastapi\tests\test_repeated_parameter_alias.py:1: in <module>
    from fastapi import FastAPI, Path, Query, status
E   ImportError: cannot import name 'FastAPI' from 'fastapi' (unknown location)
__ ERROR collecting fastapi/tests/test_request_body_parameters_media_type.py __
ImportError while importing test module 'D:\repolens\fastapi\tests\test_request_body_parameters_media_type.py'.
Hint: make sure your test modules/packages have valid Python names.
Traceback:
C:\Users\user\AppData\Local\Programs\Python\Python310\lib\importlib\__init__.py:126: in import_module
    return _bootstrap._gcd_import(name[level:], package, level)
fastapi\tests\test_request_body_parameters_media_type.py:1: in <module>
    from fastapi import Body, FastAPI
E   ImportError: cannot import name 'Body' from 'fastapi' (unknown location)
_____ ERROR collecting fastapi/tests/test_request_param_model_by_alias.py _____
ImportError while importing test module 'D:\repolens\fastapi\tests\test_request_param_model_by_alias.py'.
Hint: make sure your test modules/packages have valid Python names.
Traceback:
C:\Users\user\AppData\Local\Programs\Python\Python310\lib\importlib\__init__.py:126: in import_module
    return _bootstrap._gcd_import(name[level:], package, level)
fastapi\tests\test_request_param_model_by_alias.py:1: in <module>
    from dirty_equals import IsPartialDict
E   ModuleNotFoundError: No module named 'dirty_equals'
__ ERROR collecting fastapi/tests/test_request_params/test_body/test_list.py __
ImportError while importing test module 'D:\repolens\fastapi\tests\test_request_params\test_body\test_list.py'.
Hint: make sure your test modules/packages have valid Python names.
Traceback:
C:\Users\user\AppData\Local\Programs\Python\Python310\lib\importlib\__init__.py:126: in import_module
    return _bootstrap._gcd_import(name[level:], package, level)
fastapi\tests\test_request_params\test_body\test_list.py:4: in <module>
    from dirty_equals import IsOneOf, IsPartialDict
E   ModuleNotFoundError: No module named 'dirty_equals'
_ ERROR collecting fastapi/tests/test_request_params/test_body/test_optional_list.py _
ImportError while importing test module 'D:\repolens\fastapi\tests\test_request_params\test_body\test_optional_list.py'.
Hint: make sure your test modules/packages have valid Python names.
Traceback:
C:\Users\user\AppData\Local\Programs\Python\Python310\lib\importlib\__init__.py:126: in import_module
    return _bootstrap._gcd_import(name[level:], package, level)
fastapi\tests\test_request_params\test_body\test_optional_list.py:4: in <module>
    from fastapi import Body, FastAPI
E   ImportError: cannot import name 'Body' from 'fastapi' (unknown location)
_ ERROR collecting fastapi/tests/test_request_params/test_body/test_optional_str.py _
ImportError while importing test module 'D:\repolens\fastapi\tests\test_request_params\test_body\test_optional_str.py'.
Hint: make sure your test modules/packages have valid Python names.
Traceback:
C:\Users\user\AppData\Local\Programs\Python\Python310\lib\importlib\__init__.py:126: in import_module
    return _bootstrap._gcd_import(name[level:], package, level)
fastapi\tests\test_request_params\test_body\test_optional_str.py:4: in <module>
    from fastapi import Body, FastAPI
E   ImportError: cannot import name 'Body' from 'fastapi' (unknown location)
_ ERROR collecting fastapi/tests/test_request_params/test_body/test_required_str.py _
ImportError while importing test module 'D:\repolens\fastapi\tests\test_request_params\test_body\test_required_str.py'.
Hint: make sure your test modules/packages have valid Python names.
Traceback:
C:\Users\user\AppData\Local\Programs\Python\Python310\lib\importlib\__init__.py:126: in import_module
    return _bootstrap._gcd_import(name[level:], package, level)
fastapi\tests\test_request_params\test_body\test_required_str.py:4: in <module>
    from dirty_equals import IsOneOf
E   ModuleNotFoundError: No module named 'dirty_equals'
_ ERROR collecting fastapi/tests/test_request_params/test_cookie/test_optional_str.py _
ImportError while importing test module 'D:\repolens\fastapi\tests\test_request_params\test_cookie\test_optional_str.py'.
Hint: make sure your test modules/packages have valid Python names.
Traceback:
C:\Users\user\AppData\Local\Programs\Python\Python310\lib\importlib\__init__.py:126: in import_module
    return _bootstrap._gcd_import(name[level:], package, level)
fastapi\tests\test_request_params\test_cookie\test_optional_str.py:4: in <module>
    from fastapi import Cookie, FastAPI
E   ImportError: cannot import name 'Cookie' from 'fastapi' (unknown location)
_ ERROR collecting fastapi/tests/test_request_params/test_cookie/test_required_str.py _
ImportError while importing test module 'D:\repolens\fastapi\tests\test_request_params\test_cookie\test_required_str.py'.
Hint: make sure your test modules/packages have valid Python names.
Traceback:
C:\Users\user\AppData\Local\Programs\Python\Python310\lib\importlib\__init__.py:126: in import_module
    return _bootstrap._gcd_import(name[level:], package, level)
fastapi\tests\test_request_params\test_cookie\test_required_str.py:4: in <module>
    from dirty_equals import IsOneOf
E   ModuleNotFoundError: No module named 'dirty_equals'
__ ERROR collecting fastapi/tests/test_request_params/test_file/test_list.py __
ImportError while importing test module 'D:\repolens\fastapi\tests\test_request_params\test_file\test_list.py'.
Hint: make sure your test modules/packages have valid Python names.
Traceback:
C:\Users\user\AppData\Local\Programs\Python\Python310\lib\importlib\__init__.py:126: in import_module
    return _bootstrap._gcd_import(name[level:], package, level)
fastapi\tests\test_request_params\test_file\test_list.py:4: in <module>
    from fastapi import FastAPI, File, UploadFile
E   ImportError: cannot import name 'FastAPI' from 'fastapi' (unknown location)
_ ERROR collecting fastapi/tests/test_request_params/test_file/test_optional.py _
ImportError while importing test module 'D:\repolens\fastapi\tests\test_request_params\test_file\test_optional.py'.
Hint: make sure your test modules/packages have valid Python names.
Traceback:
C:\Users\user\AppData\Local\Programs\Python\Python310\lib\importlib\__init__.py:126: in import_module
    return _bootstrap._gcd_import(name[level:], package, level)
fastapi\tests\test_request_params\test_file\test_optional.py:4: in <module>
    from fastapi import FastAPI, File, UploadFile
E   ImportError: cannot import name 'FastAPI' from 'fastapi' (unknown location)
_ ERROR collecting fastapi/tests/test_request_params/test_file/test_optional_list.py _
ImportError while importing test module 'D:\repolens\fastapi\tests\test_request_params\test_file\test_optional_list.py'.
Hint: make sure your test modules/packages have valid Python names.
Traceback:
C:\Users\user\AppData\Local\Programs\Python\Python310\lib\importlib\__init__.py:126: in import_module
    return _bootstrap._gcd_import(name[level:], package, level)
fastapi\tests\test_request_params\test_file\test_optional_list.py:4: in <module>
    from fastapi import FastAPI, File, UploadFile
E   ImportError: cannot import name 'FastAPI' from 'fastapi' (unknown location)
_ ERROR collecting fastapi/tests/test_request_params/test_file/test_required.py _
ImportError while importing test module 'D:\repolens\fastapi\tests\test_request_params\test_file\test_required.py'.
Hint: make sure your test modules/packages have valid Python names.
Traceback:
C:\Users\user\AppData\Local\Programs\Python\Python310\lib\importlib\__init__.py:126: in import_module
    return _bootstrap._gcd_import(name[level:], package, level)
fastapi\tests\test_request_params\test_file\test_required.py:4: in <module>
    from fastapi import FastAPI, File, UploadFile
E   ImportError: cannot import name 'FastAPI' from 'fastapi' (unknown location)
__ ERROR collecting fastapi/tests/test_request_params/test_form/test_list.py __
ImportError while importing test module 'D:\repolens\fastapi\tests\test_request_params\test_form\test_list.py'.
Hint: make sure your test modules/packages have valid Python names.
Traceback:
C:\Users\user\AppData\Local\Programs\Python\Python310\lib\importlib\__init__.py:126: in import_module
    return _bootstrap._gcd_import(name[level:], package, level)
fastapi\tests\test_request_params\test_form\test_list.py:4: in <module>
    from dirty_equals import IsOneOf, IsPartialDict
E   ModuleNotFoundError: No module named 'dirty_equals'
_ ERROR collecting fastapi/tests/test_request_params/test_form/test_optional_list.py _
ImportError while importing test module 'D:\repolens\fastapi\tests\test_request_params\test_form\test_optional_list.py'.
Hint: make sure your test modules/packages have valid Python names.
Traceback:
C:\Users\user\AppData\Local\Programs\Python\Python310\lib\importlib\__init__.py:126: in import_module
    return _bootstrap._gcd_import(name[level:], package, level)
fastapi\tests\test_request_params\test_form\test_optional_list.py:4: in <module>
    from fastapi import FastAPI, Form
E   ImportError: cannot import name 'FastAPI' from 'fastapi' (unknown location)
_ ERROR collecting fastapi/tests/test_request_params/test_form/test_optional_str.py _
ImportError while importing test module 'D:\repolens\fastapi\tests\test_request_params\test_form\test_optional_str.py'.
Hint: make sure your test modules/packages have valid Python names.
Traceback:
C:\Users\user\AppData\Local\Programs\Python\Python310\lib\importlib\__init__.py:126: in import_module
    return _bootstrap._gcd_import(name[level:], package, level)
fastapi\tests\test_request_params\test_form\test_optional_str.py:4: in <module>
    from fastapi import FastAPI, Form
E   ImportError: cannot import name 'FastAPI' from 'fastapi' (unknown location)
_ ERROR collecting fastapi/tests/test_request_params/test_form/test_required_str.py _
ImportError while importing test module 'D:\repolens\fastapi\tests\test_request_params\test_form\test_required_str.py'.
Hint: make sure your test modules/packages have valid Python names.
Traceback:
C:\Users\user\AppData\Local\Programs\Python\Python310\lib\importlib\__init__.py:126: in import_module
    return _bootstrap._gcd_import(name[level:], package, level)
fastapi\tests\test_request_params\test_form\test_required_str.py:4: in <module>
    from dirty_equals import IsOneOf
E   ModuleNotFoundError: No module named 'dirty_equals'
_ ERROR collecting fastapi/tests/test_request_params/test_header/test_list.py _
ImportError while importing test module 'D:\repolens\fastapi\tests\test_request_params\test_header\test_list.py'.
Hint: make sure your test modules/packages have valid Python names.
Traceback:
C:\Users\user\AppData\Local\Programs\Python\Python310\lib\importlib\__init__.py:126: in import_module
    return _bootstrap._gcd_import(name[level:], package, level)
fastapi\tests\test_request_params\test_header\test_list.py:4: in <module>
    from dirty_equals import AnyThing, IsOneOf, IsPartialDict
E   ModuleNotFoundError: No module named 'dirty_equals'
_ ERROR collecting fastapi/tests/test_request_params/test_header/test_optional_list.py _
ImportError while importing test module 'D:\repolens\fastapi\tests\test_request_params\test_header\test_optional_list.py'.
Hint: make sure your test modules/packages have valid Python names.
Traceback:
C:\Users\user\AppData\Local\Programs\Python\Python310\lib\importlib\__init__.py:126: in import_module
    return _bootstrap._gcd_import(name[level:], package, level)
fastapi\tests\test_request_params\test_header\test_optional_list.py:4: in <module>
    from fastapi import FastAPI, Header
E   ImportError: cannot import name 'FastAPI' from 'fastapi' (unknown location)
_ ERROR collecting fastapi/tests/test_request_params/test_header/test_optional_str.py _
ImportError while importing test module 'D:\repolens\fastapi\tests\test_request_params\test_header\test_optional_str.py'.
Hint: make sure your test modules/packages have valid Python names.
Traceback:
C:\Users\user\AppData\Local\Programs\Python\Python310\lib\importlib\__init__.py:126: in import_module
    return _bootstrap._gcd_import(name[level:], package, level)
fastapi\tests\test_request_params\test_header\test_optional_str.py:4: in <module>
    from fastapi import FastAPI, Header
E   ImportError: cannot import name 'FastAPI' from 'fastapi' (unknown location)
_ ERROR collecting fastapi/tests/test_request_params/test_header/test_required_str.py _
ImportError while importing test module 'D:\repolens\fastapi\tests\test_request_params\test_header\test_required_str.py'.
Hint: make sure your test modules/packages have valid Python names.
Traceback:
C:\Users\user\AppData\Local\Programs\Python\Python310\lib\importlib\__init__.py:126: in import_module
    return _bootstrap._gcd_import(name[level:], package, level)
fastapi\tests\test_request_params\test_header\test_required_str.py:4: in <module>
    from dirty_equals import AnyThing, IsOneOf, IsPartialDict
E   ModuleNotFoundError: No module named 'dirty_equals'
_ ERROR collecting fastapi/tests/test_request_params/test_path/test_required_str.py _
ImportError while importing test module 'D:\repolens\fastapi\tests\test_request_params\test_path\test_required_str.py'.
Hint: make sure your test modules/packages have valid Python names.
Traceback:
C:\Users\user\AppData\Local\Programs\Python\Python310\lib\importlib\__init__.py:126: in import_module
    return _bootstrap._gcd_import(name[level:], package, level)
fastapi\tests\test_request_params\test_path\test_required_str.py:4: in <module>
    from fastapi import FastAPI, Path
E   ImportError: cannot import name 'FastAPI' from 'fastapi' (unknown location)
_ ERROR collecting fastapi/tests/test_request_params/test_query/test_list.py __
ImportError while importing test module 'D:\repolens\fastapi\tests\test_request_params\test_query\test_list.py'.
Hint: make sure your test modules/packages have valid Python names.
Traceback:
C:\Users\user\AppData\Local\Programs\Python\Python310\lib\importlib\__init__.py:126: in import_module
    return _bootstrap._gcd_import(name[level:], package, level)
fastapi\tests\test_request_params\test_query\test_list.py:4: in <module>
    from dirty_equals import IsOneOf
E   ModuleNotFoundError: No module named 'dirty_equals'
_ ERROR collecting fastapi/tests/test_request_params/test_query/test_optional_list.py _
ImportError while importing test module 'D:\repolens\fastapi\tests\test_request_params\test_query\test_optional_list.py'.
Hint: make sure your test modules/packages have valid Python names.
Traceback:
C:\Users\user\AppData\Local\Programs\Python\Python310\lib\importlib\__init__.py:126: in import_module
    return _bootstrap._gcd_import(name[level:], package, level)
fastapi\tests\test_request_params\test_query\test_optional_list.py:4: in <module>
    from fastapi import FastAPI, Query
E   ImportError: cannot import name 'FastAPI' from 'fastapi' (unknown location)
_ ERROR collecting fastapi/tests/test_request_params/test_query/test_optional_str.py _
ImportError while importing test module 'D:\repolens\fastapi\tests\test_request_params\test_query\test_optional_str.py'.
Hint: make sure your test modules/packages have valid Python names.
Traceback:
C:\Users\user\AppData\Local\Programs\Python\Python310\lib\importlib\__init__.py:126: in import_module
    return _bootstrap._gcd_import(name[level:], package, level)
fastapi\tests\test_request_params\test_query\test_optional_str.py:4: in <module>
    from fastapi import FastAPI, Query
E   ImportError: cannot import name 'FastAPI' from 'fastapi' (unknown location)
_ ERROR collecting fastapi/tests/test_request_params/test_query/test_required_str.py _
ImportError while importing test module 'D:\repolens\fastapi\tests\test_request_params\test_query\test_required_str.py'.
Hint: make sure your test modules/packages have valid Python names.
Traceback:
C:\Users\user\AppData\Local\Programs\Python\Python310\lib\importlib\__init__.py:126: in import_module
    return _bootstrap._gcd_import(name[level:], package, level)
fastapi\tests\test_request_params\test_query\test_required_str.py:4: in <module>
    from dirty_equals import IsOneOf
E   ModuleNotFoundError: No module named 'dirty_equals'
__________ ERROR collecting fastapi/tests/test_required_noneable.py ___________
ImportError while importing test module 'D:\repolens\fastapi\tests\test_required_noneable.py'.
Hint: make sure your test modules/packages have valid Python names.
Traceback:
C:\Users\user\AppData\Local\Programs\Python\Python310\lib\importlib\__init__.py:126: in import_module
    return _bootstrap._gcd_import(name[level:], package, level)
fastapi\tests\test_required_noneable.py:1: in <module>
    from fastapi import Body, FastAPI, Query
E   ImportError: cannot import name 'Body' from 'fastapi' (unknown location)
__________ ERROR collecting fastapi/tests/test_response_by_alias.py ___________
ImportError while importing test module 'D:\repolens\fastapi\tests\test_response_by_alias.py'.
Hint: make sure your test modules/packages have valid Python names.
Traceback:
C:\Users\user\AppData\Local\Programs\Python\Python310\lib\importlib\__init__.py:126: in import_module
    return _bootstrap._gcd_import(name[level:], package, level)
fastapi\tests\test_response_by_alias.py:1: in <module>
    from fastapi import FastAPI
E   ImportError: cannot import name 'FastAPI' from 'fastapi' (unknown location)
_____ ERROR collecting fastapi/tests/test_response_change_status_code.py ______
ImportError while importing test module 'D:\repolens\fastapi\tests\test_response_change_status_code.py'.
Hint: make sure your test modules/packages have valid Python names.
Traceback:
C:\Users\user\AppData\Local\Programs\Python\Python310\lib\importlib\__init__.py:126: in import_module
    return _bootstrap._gcd_import(name[level:], package, level)
fastapi\tests\test_response_change_status_code.py:1: in <module>
    from fastapi import Depends, FastAPI, Response
E   ImportError: cannot import name 'Depends' from 'fastapi' (unknown location)
_____ ERROR collecting fastapi/tests/test_response_class_no_mediatype.py ______
ImportError while importing test module 'D:\repolens\fastapi\tests\test_response_class_no_mediatype.py'.
Hint: make sure your test modules/packages have valid Python names.
Traceback:
C:\Users\user\AppData\Local\Programs\Python\Python310\lib\importlib\__init__.py:126: in import_module
    return _bootstrap._gcd_import(name[level:], package, level)
fastapi\tests\test_response_class_no_mediatype.py:1: in <module>
    from fastapi import FastAPI, Response
E   ImportError: cannot import name 'FastAPI' from 'fastapi' (unknown location)
________ ERROR collecting fastapi/tests/test_response_code_no_body.py _________
ImportError while importing test module 'D:\repolens\fastapi\tests\test_response_code_no_body.py'.
Hint: make sure your test modules/packages have valid Python names.
Traceback:
C:\Users\user\AppData\Local\Programs\Python\Python310\lib\importlib\__init__.py:126: in import_module
    return _bootstrap._gcd_import(name[level:], package, level)
fastapi\tests\test_response_code_no_body.py:1: in <module>
    from fastapi import FastAPI
E   ImportError: cannot import name 'FastAPI' from 'fastapi' (unknown location)
_________ ERROR collecting fastapi/tests/test_response_dependency.py __________
ImportError while importing test module 'D:\repolens\fastapi\tests\test_response_dependency.py'.
Hint: make sure your test modules/packages have valid Python names.
Traceback:
C:\Users\user\AppData\Local\Programs\Python\Python310\lib\importlib\__init__.py:126: in import_module
    return _bootstrap._gcd_import(name[level:], package, level)
fastapi\tests\test_response_dependency.py:9: in <module>
    from fastapi import BackgroundTasks, Depends, FastAPI, Request, Response
E   ImportError: cannot import name 'BackgroundTasks' from 'fastapi' (unknown location)
_ ERROR collecting fastapi/tests/test_response_model_as_return_annotation.py __
ImportError while importing test module 'D:\repolens\fastapi\tests\test_response_model_as_return_annotation.py'.
Hint: make sure your test modules/packages have valid Python names.
Traceback:
C:\Users\user\AppData\Local\Programs\Python\Python310\lib\importlib\__init__.py:126: in import_module
    return _bootstrap._gcd_import(name[level:], package, level)
fastapi\tests\test_response_model_as_return_annotation.py:2: in <module>
    from fastapi import FastAPI
E   ImportError: cannot import name 'FastAPI' from 'fastapi' (unknown location)
______ ERROR collecting fastapi/tests/test_response_model_data_filter.py ______
ImportError while importing test module 'D:\repolens\fastapi\tests\test_response_model_data_filter.py'.
Hint: make sure your test modules/packages have valid Python names.
Traceback:
C:\Users\user\AppData\Local\Programs\Python\Python310\lib\importlib\__init__.py:126: in import_module
    return _bootstrap._gcd_import(name[level:], package, level)
fastapi\tests\test_response_model_data_filter.py:1: in <module>
    from fastapi import FastAPI
E   ImportError: cannot import name 'FastAPI' from 'fastapi' (unknown location)
_ ERROR collecting fastapi/tests/test_response_model_data_filter_no_inheritance.py _
ImportError while importing test module 'D:\repolens\fastapi\tests\test_response_model_data_filter_no_inheritance.py'.
Hint: make sure your test modules/packages have valid Python names.
Traceback:
C:\Users\user\AppData\Local\Programs\Python\Python310\lib\importlib\__init__.py:126: in import_module
    return _bootstrap._gcd_import(name[level:], package, level)
fastapi\tests\test_response_model_data_filter_no_inheritance.py:1: in <module>
    from fastapi import FastAPI
E   ImportError: cannot import name 'FastAPI' from 'fastapi' (unknown location)
____ ERROR collecting fastapi/tests/test_response_model_default_factory.py ____
ImportError while importing test module 'D:\repolens\fastapi\tests\test_response_model_default_factory.py'.
Hint: make sure your test modules/packages have valid Python names.
Traceback:
C:\Users\user\AppData\Local\Programs\Python\Python310\lib\importlib\__init__.py:126: in import_module
    return _bootstrap._gcd_import(name[level:], package, level)
fastapi\tests\test_response_model_default_factory.py:1: in <module>
    from fastapi import FastAPI
E   ImportError: cannot import name 'FastAPI' from 'fastapi' (unknown location)
____ ERROR collecting fastapi/tests/test_response_model_include_exclude.py ____
ImportError while importing test module 'D:\repolens\fastapi\tests\test_response_model_include_exclude.py'.
Hint: make sure your test modules/packages have valid Python names.
Traceback:
C:\Users\user\AppData\Local\Programs\Python\Python310\lib\importlib\__init__.py:126: in import_module
    return _bootstrap._gcd_import(name[level:], package, level)
fastapi\tests\test_response_model_include_exclude.py:1: in <module>
    from fastapi import FastAPI
E   ImportError: cannot import name 'FastAPI' from 'fastapi' (unknown location)
________ ERROR collecting fastapi/tests/test_response_model_invalid.py ________
ImportError while importing test module 'D:\repolens\fastapi\tests\test_response_model_invalid.py'.
Hint: make sure your test modules/packages have valid Python names.
Traceback:
C:\Users\user\AppData\Local\Programs\Python\Python310\lib\importlib\__init__.py:126: in import_module
    return _bootstrap._gcd_import(name[level:], package, level)
fastapi\tests\test_response_model_invalid.py:2: in <module>
    from fastapi import FastAPI
E   ImportError: cannot import name 'FastAPI' from 'fastapi' (unknown location)
_______ ERROR collecting fastapi/tests/test_response_model_sub_types.py _______
ImportError while importing test module 'D:\repolens\fastapi\tests\test_response_model_sub_types.py'.
Hint: make sure your test modules/packages have valid Python names.
Traceback:
C:\Users\user\AppData\Local\Programs\Python\Python310\lib\importlib\__init__.py:126: in import_module
    return _bootstrap._gcd_import(name[level:], package, level)
fastapi\tests\test_response_model_sub_types.py:1: in <module>
    from fastapi import FastAPI
E   ImportError: cannot import name 'FastAPI' from 'fastapi' (unknown location)
___ ERROR collecting fastapi/tests/test_response_set_response_code_empty.py ___
ImportError while importing test module 'D:\repolens\fastapi\tests\test_response_set_response_code_empty.py'.
Hint: make sure your test modules/packages have valid Python names.
Traceback:
C:\Users\user\AppData\Local\Programs\Python\Python310\lib\importlib\__init__.py:126: in import_module
    return _bootstrap._gcd_import(name[level:], package, level)
fastapi\tests\test_response_set_response_code_empty.py:3: in <module>
    from fastapi import FastAPI, Response
E   ImportError: cannot import name 'FastAPI' from 'fastapi' (unknown location)
_ ERROR collecting fastapi/tests/test_return_none_stringified_annotations.py __
ImportError while importing test module 'D:\repolens\fastapi\tests\test_return_none_stringified_annotations.py'.
Hint: make sure your test modules/packages have valid Python names.
Traceback:
C:\Users\user\AppData\Local\Programs\Python\Python310\lib\importlib\__init__.py:126: in import_module
    return _bootstrap._gcd_import(name[level:], package, level)
fastapi\tests\test_return_none_stringified_annotations.py:3: in <module>
    from fastapi import FastAPI
E   ImportError: cannot import name 'FastAPI' from 'fastapi' (unknown location)
_____________ ERROR collecting fastapi/tests/test_route_scope.py ______________
ImportError while importing test module 'D:\repolens\fastapi\tests\test_route_scope.py'.
Hint: make sure your test modules/packages have valid Python names.
Traceback:
C:\Users\user\AppData\Local\Programs\Python\Python310\lib\importlib\__init__.py:126: in import_module
    return _bootstrap._gcd_import(name[level:], package, level)
fastapi\tests\test_route_scope.py:2: in <module>
    from fastapi import FastAPI, Request, WebSocket, WebSocketDisconnect
E   ImportError: cannot import name 'FastAPI' from 'fastapi' (unknown location)
________ ERROR collecting fastapi/tests/test_router_circular_import.py ________
ImportError while importing test module 'D:\repolens\fastapi\tests\test_router_circular_import.py'.
Hint: make sure your test modules/packages have valid Python names.
Traceback:
C:\Users\user\AppData\Local\Programs\Python\Python310\lib\importlib\__init__.py:126: in import_module
    return _bootstrap._gcd_import(name[level:], package, level)
fastapi\tests\test_router_circular_import.py:2: in <module>
    from fastapi import APIRouter
E   ImportError: cannot import name 'APIRouter' from 'fastapi' (unknown location)
____________ ERROR collecting fastapi/tests/test_router_events.py _____________
ImportError while importing test module 'D:\repolens\fastapi\tests\test_router_events.py'.
Hint: make sure your test modules/packages have valid Python names.
Traceback:
C:\Users\user\AppData\Local\Programs\Python\Python310\lib\importlib\__init__.py:126: in import_module
    return _bootstrap._gcd_import(name[level:], package, level)
fastapi\tests\test_router_events.py:5: in <module>
    from fastapi import APIRouter, FastAPI, Request
E   ImportError: cannot import name 'APIRouter' from 'fastapi' (unknown location)
________ ERROR collecting fastapi/tests/test_router_include_context.py ________
ImportError while importing test module 'D:\repolens\fastapi\tests\test_router_include_context.py'.
Hint: make sure your test modules/packages have valid Python names.
Traceback:
C:\Users\user\AppData\Local\Programs\Python\Python310\lib\importlib\__init__.py:126: in import_module
    return _bootstrap._gcd_import(name[level:], package, level)
fastapi\tests\test_router_include_context.py:4: in <module>
    from fastapi import APIRouter, Body, Depends, FastAPI, Request, Security
E   ImportError: cannot import name 'APIRouter' from 'fastapi' (unknown location)
_____ ERROR collecting fastapi/tests/test_router_prefix_with_template.py ______
ImportError while importing test module 'D:\repolens\fastapi\tests\test_router_prefix_with_template.py'.
Hint: make sure your test modules/packages have valid Python names.
Traceback:
C:\Users\user\AppData\Local\Programs\Python\Python310\lib\importlib\__init__.py:126: in import_module
    return _bootstrap._gcd_import(name[level:], package, level)
fastapi\tests\test_router_prefix_with_template.py:1: in <module>
    from fastapi import APIRouter, FastAPI
E   ImportError: cannot import name 'APIRouter' from 'fastapi' (unknown location)
_______ ERROR collecting fastapi/tests/test_router_redirect_slashes.py ________
ImportError while importing test module 'D:\repolens\fastapi\tests\test_router_redirect_slashes.py'.
Hint: make sure your test modules/packages have valid Python names.
Traceback:
C:\Users\user\AppData\Local\Programs\Python\Python310\lib\importlib\__init__.py:126: in import_module
    return _bootstrap._gcd_import(name[level:], package, level)
fastapi\tests\test_router_redirect_slashes.py:1: in <module>
    from fastapi import APIRouter, FastAPI
E   ImportError: cannot import name 'APIRouter' from 'fastapi' (unknown location)
______ ERROR collecting fastapi/tests/test_schema_compat_pydantic_v2.py _______
ImportError while importing test module 'D:\repolens\fastapi\tests\test_schema_compat_pydantic_v2.py'.
Hint: make sure your test modules/packages have valid Python names.
Traceback:
C:\Users\user\AppData\Local\Programs\Python\Python310\lib\importlib\__init__.py:126: in import_module
    return _bootstrap._gcd_import(name[level:], package, level)
fastapi\tests\test_schema_compat_pydantic_v2.py:2: in <module>
    from dirty_equals import IsOneOf
E   ModuleNotFoundError: No module named 'dirty_equals'
________ ERROR collecting fastapi/tests/test_schema_extra_examples.py _________
ImportError while importing test module 'D:\repolens\fastapi\tests\test_schema_extra_examples.py'.
Hint: make sure your test modules/packages have valid Python names.
Traceback:
C:\Users\user\AppData\Local\Programs\Python\Python310\lib\importlib\__init__.py:126: in import_module
    return _bootstrap._gcd_import(name[level:], package, level)
fastapi\tests\test_schema_extra_examples.py:2: in <module>
    from fastapi import Body, Cookie, FastAPI, Header, Path, Query
E   ImportError: cannot import name 'Body' from 'fastapi' (unknown location)
________ ERROR collecting fastapi/tests/test_schema_ref_pydantic_v2.py ________
ImportError while importing test module 'D:\repolens\fastapi\tests\test_schema_ref_pydantic_v2.py'.
Hint: make sure your test modules/packages have valid Python names.
Traceback:
C:\Users\user\AppData\Local\Programs\Python\Python310\lib\importlib\__init__.py:126: in import_module
    return _bootstrap._gcd_import(name[level:], package, level)
fastapi\tests\test_schema_ref_pydantic_v2.py:4: in <module>
    from fastapi import FastAPI
E   ImportError: cannot import name 'FastAPI' from 'fastapi' (unknown location)
_______ ERROR collecting fastapi/tests/test_security_api_key_cookie.py ________
ImportError while importing test module 'D:\repolens\fastapi\tests\test_security_api_key_cookie.py'.
Hint: make sure your test modules/packages have valid Python names.
Traceback:
C:\Users\user\AppData\Local\Programs\Python\Python310\lib\importlib\__init__.py:126: in import_module
    return _bootstrap._gcd_import(name[level:], package, level)
fastapi\tests\test_security_api_key_cookie.py:1: in <module>
    from fastapi import Depends, FastAPI, Security
E   ImportError: cannot import name 'Depends' from 'fastapi' (unknown location)
_ ERROR collecting fastapi/tests/test_security_api_key_cookie_description.py __
ImportError while importing test module 'D:\repolens\fastapi\tests\test_security_api_key_cookie_description.py'.
Hint: make sure your test modules/packages have valid Python names.
Traceback:
C:\Users\user\AppData\Local\Programs\Python\Python310\lib\importlib\__init__.py:126: in import_module
    return _bootstrap._gcd_import(name[level:], package, level)
fastapi\tests\test_security_api_key_cookie_description.py:1: in <module>
    from fastapi import Depends, FastAPI, Security
E   ImportError: cannot import name 'Depends' from 'fastapi' (unknown location)
___ ERROR collecting fastapi/tests/test_security_api_key_cookie_optional.py ___
ImportError while importing test module 'D:\repolens\fastapi\tests\test_security_api_key_cookie_optional.py'.
Hint: make sure your test modules/packages have valid Python names.
Traceback:
C:\Users\user\AppData\Local\Programs\Python\Python310\lib\importlib\__init__.py:126: in import_module
    return _bootstrap._gcd_import(name[level:], package, level)
fastapi\tests\test_security_api_key_cookie_optional.py:1: in <module>
    from fastapi import Depends, FastAPI, Security
E   ImportError: cannot import name 'Depends' from 'fastapi' (unknown location)
_______ ERROR collecting fastapi/tests/test_security_api_key_header.py ________
ImportError while importing test module 'D:\repolens\fastapi\tests\test_security_api_key_header.py'.
Hint: make sure your test modules/packages have valid Python names.
Traceback:
C:\Users\user\AppData\Local\Programs\Python\Python310\lib\importlib\__init__.py:126: in import_module
    return _bootstrap._gcd_import(name[level:], package, level)
fastapi\tests\test_security_api_key_header.py:1: in <module>
    from fastapi import Depends, FastAPI, Security
E   ImportError: cannot import name 'Depends' from 'fastapi' (unknown location)
_ ERROR collecting fastapi/tests/test_security_api_key_header_description.py __
ImportError while importing test module 'D:\repolens\fastapi\tests\test_security_api_key_header_description.py'.
Hint: make sure your test modules/packages have valid Python names.
Traceback:
C:\Users\user\AppData\Local\Programs\Python\Python310\lib\importlib\__init__.py:126: in import_module
    return _bootstrap._gcd_import(name[level:], package, level)
fastapi\tests\test_security_api_key_header_description.py:1: in <module>
    from fastapi import Depends, FastAPI, Security
E   ImportError: cannot import name 'Depends' from 'fastapi' (unknown location)
___ ERROR collecting fastapi/tests/test_security_api_key_header_optional.py ___
ImportError while importing test module 'D:\repolens\fastapi\tests\test_security_api_key_header_optional.py'.
Hint: make sure your test modules/packages have valid Python names.
Traceback:
C:\Users\user\AppData\Local\Programs\Python\Python310\lib\importlib\__init__.py:126: in import_module
    return _bootstrap._gcd_import(name[level:], package, level)
fastapi\tests\test_security_api_key_header_optional.py:1: in <module>
    from fastapi import Depends, FastAPI, Security
E   ImportError: cannot import name 'Depends' from 'fastapi' (unknown location)
________ ERROR collecting fastapi/tests/test_security_api_key_query.py ________
ImportError while importing test module 'D:\repolens\fastapi\tests\test_security_api_key_query.py'.
Hint: make sure your test modules/packages have valid Python names.
Traceback:
C:\Users\user\AppData\Local\Programs\Python\Python310\lib\importlib\__init__.py:126: in import_module
    return _bootstrap._gcd_import(name[level:], package, level)
fastapi\tests\test_security_api_key_query.py:1: in <module>
    from fastapi import Depends, FastAPI, Security
E   ImportError: cannot import name 'Depends' from 'fastapi' (unknown location)
__ ERROR collecting fastapi/tests/test_security_api_key_query_description.py __
ImportError while importing test module 'D:\repolens\fastapi\tests\test_security_api_key_query_description.py'.
Hint: make sure your test modules/packages have valid Python names.
Traceback:
C:\Users\user\AppData\Local\Programs\Python\Python310\lib\importlib\__init__.py:126: in import_module
    return _bootstrap._gcd_import(name[level:], package, level)
fastapi\tests\test_security_api_key_query_description.py:1: in <module>
    from fastapi import Depends, FastAPI, Security
E   ImportError: cannot import name 'Depends' from 'fastapi' (unknown location)
___ ERROR collecting fastapi/tests/test_security_api_key_query_optional.py ____
ImportError while importing test module 'D:\repolens\fastapi\tests\test_security_api_key_query_optional.py'.
Hint: make sure your test modules/packages have valid Python names.
Traceback:
C:\Users\user\AppData\Local\Programs\Python\Python310\lib\importlib\__init__.py:126: in import_module
    return _bootstrap._gcd_import(name[level:], package, level)
fastapi\tests\test_security_api_key_query_optional.py:1: in <module>
    from fastapi import Depends, FastAPI, Security
E   ImportError: cannot import name 'Depends' from 'fastapi' (unknown location)
__________ ERROR collecting fastapi/tests/test_security_http_base.py __________
ImportError while importing test module 'D:\repolens\fastapi\tests\test_security_http_base.py'.
Hint: make sure your test modules/packages have valid Python names.
Traceback:
C:\Users\user\AppData\Local\Programs\Python\Python310\lib\importlib\__init__.py:126: in import_module
    return _bootstrap._gcd_import(name[level:], package, level)
fastapi\tests\test_security_http_base.py:1: in <module>
    from fastapi import FastAPI, Security
E   ImportError: cannot import name 'FastAPI' from 'fastapi' (unknown location)
____ ERROR collecting fastapi/tests/test_security_http_base_description.py ____
ImportError while importing test module 'D:\repolens\fastapi\tests\test_security_http_base_description.py'.
Hint: make sure your test modules/packages have valid Python names.
Traceback:
C:\Users\user\AppData\Local\Programs\Python\Python310\lib\importlib\__init__.py:126: in import_module
    return _bootstrap._gcd_import(name[level:], package, level)
fastapi\tests\test_security_http_base_description.py:1: in <module>
    from fastapi import FastAPI, Security
E   ImportError: cannot import name 'FastAPI' from 'fastapi' (unknown location)
_____ ERROR collecting fastapi/tests/test_security_http_base_optional.py ______
ImportError while importing test module 'D:\repolens\fastapi\tests\test_security_http_base_optional.py'.
Hint: make sure your test modules/packages have valid Python names.
Traceback:
C:\Users\user\AppData\Local\Programs\Python\Python310\lib\importlib\__init__.py:126: in import_module
    return _bootstrap._gcd_import(name[level:], package, level)
fastapi\tests\test_security_http_base_optional.py:1: in <module>
    from fastapi import FastAPI, Security
E   ImportError: cannot import name 'FastAPI' from 'fastapi' (unknown location)
_____ ERROR collecting fastapi/tests/test_security_http_basic_optional.py _____
ImportError while importing test module 'D:\repolens\fastapi\tests\test_security_http_basic_optional.py'.
Hint: make sure your test modules/packages have valid Python names.
Traceback:
C:\Users\user\AppData\Local\Programs\Python\Python310\lib\importlib\__init__.py:126: in import_module
    return _bootstrap._gcd_import(name[level:], package, level)
fastapi\tests\test_security_http_basic_optional.py:3: in <module>
    from fastapi import FastAPI, Security
E   ImportError: cannot import name 'FastAPI' from 'fastapi' (unknown location)
______ ERROR collecting fastapi/tests/test_security_http_basic_realm.py _______
ImportError while importing test module 'D:\repolens\fastapi\tests\test_security_http_basic_realm.py'.
Hint: make sure your test modules/packages have valid Python names.
Traceback:
C:\Users\user\AppData\Local\Programs\Python\Python310\lib\importlib\__init__.py:126: in import_module
    return _bootstrap._gcd_import(name[level:], package, level)
fastapi\tests\test_security_http_basic_realm.py:3: in <module>
    from fastapi import FastAPI, Security
E   ImportError: cannot import name 'FastAPI' from 'fastapi' (unknown location)
_ ERROR collecting fastapi/tests/test_security_http_basic_realm_description.py _
ImportError while importing test module 'D:\repolens\fastapi\tests\test_security_http_basic_realm_description.py'.
Hint: make sure your test modules/packages have valid Python names.
Traceback:
C:\Users\user\AppData\Local\Programs\Python\Python310\lib\importlib\__init__.py:126: in import_module
    return _bootstrap._gcd_import(name[level:], package, level)
fastapi\tests\test_security_http_basic_realm_description.py:3: in <module>
    from fastapi import FastAPI, Security
E   ImportError: cannot import name 'FastAPI' from 'fastapi' (unknown location)
_________ ERROR collecting fastapi/tests/test_security_http_bearer.py _________
ImportError while importing test module 'D:\repolens\fastapi\tests\test_security_http_bearer.py'.
Hint: make sure your test modules/packages have valid Python names.
Traceback:
C:\Users\user\AppData\Local\Programs\Python\Python310\lib\importlib\__init__.py:126: in import_module
    return _bootstrap._gcd_import(name[level:], package, level)
fastapi\tests\test_security_http_bearer.py:1: in <module>
    from fastapi import FastAPI, Security
E   ImportError: cannot import name 'FastAPI' from 'fastapi' (unknown location)
___ ERROR collecting fastapi/tests/test_security_http_bearer_description.py ___
ImportError while importing test module 'D:\repolens\fastapi\tests\test_security_http_bearer_description.py'.
Hint: make sure your test modules/packages have valid Python names.
Traceback:
C:\Users\user\AppData\Local\Programs\Python\Python310\lib\importlib\__init__.py:126: in import_module
    return _bootstrap._gcd_import(name[level:], package, level)
fastapi\tests\test_security_http_bearer_description.py:1: in <module>
    from fastapi import FastAPI, Security
E   ImportError: cannot import name 'FastAPI' from 'fastapi' (unknown location)
____ ERROR collecting fastapi/tests/test_security_http_bearer_optional.py _____
ImportError while importing test module 'D:\repolens\fastapi\tests\test_security_http_bearer_optional.py'.
Hint: make sure your test modules/packages have valid Python names.
Traceback:
C:\Users\user\AppData\Local\Programs\Python\Python310\lib\importlib\__init__.py:126: in import_module
    return _bootstrap._gcd_import(name[level:], package, level)
fastapi\tests\test_security_http_bearer_optional.py:1: in <module>
    from fastapi import FastAPI, Security
E   ImportError: cannot import name 'FastAPI' from 'fastapi' (unknown location)
_________ ERROR collecting fastapi/tests/test_security_http_digest.py _________
ImportError while importing test module 'D:\repolens\fastapi\tests\test_security_http_digest.py'.
Hint: make sure your test modules/packages have valid Python names.
Traceback:
C:\Users\user\AppData\Local\Programs\Python\Python310\lib\importlib\__init__.py:126: in import_module
    return _bootstrap._gcd_import(name[level:], package, level)
fastapi\tests\test_security_http_digest.py:1: in <module>
    from fastapi import FastAPI, Security
E   ImportError: cannot import name 'FastAPI' from 'fastapi' (unknown location)
___ ERROR collecting fastapi/tests/test_security_http_digest_description.py ___
ImportError while importing test module 'D:\repolens\fastapi\tests\test_security_http_digest_description.py'.
Hint: make sure your test modules/packages have valid Python names.
Traceback:
C:\Users\user\AppData\Local\Programs\Python\Python310\lib\importlib\__init__.py:126: in import_module
    return _bootstrap._gcd_import(name[level:], package, level)
fastapi\tests\test_security_http_digest_description.py:1: in <module>
    from fastapi import FastAPI, Security
E   ImportError: cannot import name 'FastAPI' from 'fastapi' (unknown location)
____ ERROR collecting fastapi/tests/test_security_http_digest_optional.py _____
ImportError while importing test module 'D:\repolens\fastapi\tests\test_security_http_digest_optional.py'.
Hint: make sure your test modules/packages have valid Python names.
Traceback:
C:\Users\user\AppData\Local\Programs\Python\Python310\lib\importlib\__init__.py:126: in import_module
    return _bootstrap._gcd_import(name[level:], package, level)
fastapi\tests\test_security_http_digest_optional.py:1: in <module>
    from fastapi import FastAPI, Security
E   ImportError: cannot import name 'FastAPI' from 'fastapi' (unknown location)
___________ ERROR collecting fastapi/tests/test_security_oauth2.py ____________
ImportError while importing test module 'D:\repolens\fastapi\tests\test_security_oauth2.py'.
Hint: make sure your test modules/packages have valid Python names.
Traceback:
C:\Users\user\AppData\Local\Programs\Python\Python310\lib\importlib\__init__.py:126: in import_module
    return _bootstrap._gcd_import(name[level:], package, level)
fastapi\tests\test_security_oauth2.py:2: in <module>
    from fastapi import Depends, FastAPI, Security
E   ImportError: cannot import name 'Depends' from 'fastapi' (unknown location)
_ ERROR collecting fastapi/tests/test_security_oauth2_authorization_code_bearer.py _
ImportError while importing test module 'D:\repolens\fastapi\tests\test_security_oauth2_authorization_code_bearer.py'.
Hint: make sure your test modules/packages have valid Python names.
Traceback:
C:\Users\user\AppData\Local\Programs\Python\Python310\lib\importlib\__init__.py:126: in import_module
    return _bootstrap._gcd_import(name[level:], package, level)
fastapi\tests\test_security_oauth2_authorization_code_bearer.py:1: in <module>
    from fastapi import FastAPI, Security
E   ImportError: cannot import name 'FastAPI' from 'fastapi' (unknown location)
_ ERROR collecting fastapi/tests/test_security_oauth2_authorization_code_bearer_description.py _
ImportError while importing test module 'D:\repolens\fastapi\tests\test_security_oauth2_authorization_code_bearer_description.py'.
Hint: make sure your test modules/packages have valid Python names.
Traceback:
C:\Users\user\AppData\Local\Programs\Python\Python310\lib\importlib\__init__.py:126: in import_module
    return _bootstrap._gcd_import(name[level:], package, level)
fastapi\tests\test_security_oauth2_authorization_code_bearer_description.py:1: in <module>
    from fastapi import FastAPI, Security
E   ImportError: cannot import name 'FastAPI' from 'fastapi' (unknown location)
_ ERROR collecting fastapi/tests/test_security_oauth2_authorization_code_bearer_scopes_openapi.py _
ImportError while importing test module 'D:\repolens\fastapi\tests\test_security_oauth2_authorization_code_bearer_scopes_openapi.py'.
Hint: make sure your test modules/packages have valid Python names.
Traceback:
C:\Users\user\AppData\Local\Programs\Python\Python310\lib\importlib\__init__.py:126: in import_module
    return _bootstrap._gcd_import(name[level:], package, level)
fastapi\tests\test_security_oauth2_authorization_code_bearer_scopes_openapi.py:5: in <module>
    from fastapi import APIRouter, Depends, FastAPI, Security
E   ImportError: cannot import name 'APIRouter' from 'fastapi' (unknown location)
_ ERROR collecting fastapi/tests/test_security_oauth2_authorization_code_bearer_scopes_openapi_simple.py _
ImportError while importing test module 'D:\repolens\fastapi\tests\test_security_oauth2_authorization_code_bearer_scopes_openapi_simple.py'.
Hint: make sure your test modules/packages have valid Python names.
Traceback:
C:\Users\user\AppData\Local\Programs\Python\Python310\lib\importlib\__init__.py:126: in import_module
    return _bootstrap._gcd_import(name[level:], package, level)
fastapi\tests\test_security_oauth2_authorization_code_bearer_scopes_openapi_simple.py:5: in <module>
    from fastapi import Depends, FastAPI, Security
E   ImportError: cannot import name 'Depends' from 'fastapi' (unknown location)
_______ ERROR collecting fastapi/tests/test_security_oauth2_optional.py _______
ImportError while importing test module 'D:\repolens\fastapi\tests\test_security_oauth2_optional.py'.
Hint: make sure your test modules/packages have valid Python names.
Traceback:
C:\Users\user\AppData\Local\Programs\Python\Python310\lib\importlib\__init__.py:126: in import_module
    return _bootstrap._gcd_import(name[level:], package, level)
fastapi\tests\test_security_oauth2_optional.py:2: in <module>
    from fastapi import Depends, FastAPI, Security
E   ImportError: cannot import name 'Depends' from 'fastapi' (unknown location)
_ ERROR collecting fastapi/tests/test_security_oauth2_optional_description.py _
ImportError while importing test module 'D:\repolens\fastapi\tests\test_security_oauth2_optional_description.py'.
Hint: make sure your test modules/packages have valid Python names.
Traceback:
C:\Users\user\AppData\Local\Programs\Python\Python310\lib\importlib\__init__.py:126: in import_module
    return _bootstrap._gcd_import(name[level:], package, level)
fastapi\tests\test_security_oauth2_optional_description.py:2: in <module>
    from fastapi import Depends, FastAPI, Security
E   ImportError: cannot import name 'Depends' from 'fastapi' (unknown location)
_ ERROR collecting fastapi/tests/test_security_oauth2_password_bearer_optional.py _
ImportError while importing test module 'D:\repolens\fastapi\tests\test_security_oauth2_password_bearer_optional.py'.
Hint: make sure your test modules/packages have valid Python names.
Traceback:
C:\Users\user\AppData\Local\Programs\Python\Python310\lib\importlib\__init__.py:126: in import_module
    return _bootstrap._gcd_import(name[level:], package, level)
fastapi\tests\test_security_oauth2_password_bearer_optional.py:1: in <module>
    from fastapi import FastAPI, Security
E   ImportError: cannot import name 'FastAPI' from 'fastapi' (unknown location)
_ ERROR collecting fastapi/tests/test_security_oauth2_password_bearer_optional_description.py _
ImportError while importing test module 'D:\repolens\fastapi\tests\test_security_oauth2_password_bearer_optional_description.py'.
Hint: make sure your test modules/packages have valid Python names.
Traceback:
C:\Users\user\AppData\Local\Programs\Python\Python310\lib\importlib\__init__.py:126: in import_module
    return _bootstrap._gcd_import(name[level:], package, level)
fastapi\tests\test_security_oauth2_password_bearer_optional_description.py:1: in <module>
    from fastapi import FastAPI, Security
E   ImportError: cannot import name 'FastAPI' from 'fastapi' (unknown location)
_______ ERROR collecting fastapi/tests/test_security_openid_connect.py ________
ImportError while importing test module 'D:\repolens\fastapi\tests\test_security_openid_connect.py'.
Hint: make sure your test modules/packages have valid Python names.
Traceback:
C:\Users\user\AppData\Local\Programs\Python\Python310\lib\importlib\__init__.py:126: in import_module
    return _bootstrap._gcd_import(name[level:], package, level)
fastapi\tests\test_security_openid_connect.py:1: in <module>
    from fastapi import Depends, FastAPI, Security
E   ImportError: cannot import name 'Depends' from 'fastapi' (unknown location)
_ ERROR collecting fastapi/tests/test_security_openid_connect_description.py __
ImportError while importing test module 'D:\repolens\fastapi\tests\test_security_openid_connect_description.py'.
Hint: make sure your test modules/packages have valid Python names.
Traceback:
C:\Users\user\AppData\Local\Programs\Python\Python310\lib\importlib\__init__.py:126: in import_module
    return _bootstrap._gcd_import(name[level:], package, level)
fastapi\tests\test_security_openid_connect_description.py:1: in <module>
    from fastapi import Depends, FastAPI, Security
E   ImportError: cannot import name 'Depends' from 'fastapi' (unknown location)
___ ERROR collecting fastapi/tests/test_security_openid_connect_optional.py ___
ImportError while importing test module 'D:\repolens\fastapi\tests\test_security_openid_connect_optional.py'.
Hint: make sure your test modules/packages have valid Python names.
Traceback:
C:\Users\user\AppData\Local\Programs\Python\Python310\lib\importlib\__init__.py:126: in import_module
    return _bootstrap._gcd_import(name[level:], package, level)
fastapi\tests\test_security_openid_connect_optional.py:1: in <module>
    from fastapi import Depends, FastAPI, Security
E   ImportError: cannot import name 'Depends' from 'fastapi' (unknown location)
___________ ERROR collecting fastapi/tests/test_security_scopes.py ____________
ImportError while importing test module 'D:\repolens\fastapi\tests\test_security_scopes.py'.
Hint: make sure your test modules/packages have valid Python names.
Traceback:
C:\Users\user\AppData\Local\Programs\Python\Python310\lib\importlib\__init__.py:126: in import_module
    return _bootstrap._gcd_import(name[level:], package, level)
fastapi\tests\test_security_scopes.py:4: in <module>
    from fastapi import Depends, FastAPI, Security
E   ImportError: cannot import name 'Depends' from 'fastapi' (unknown location)
____ ERROR collecting fastapi/tests/test_security_scopes_dont_propagate.py ____
ImportError while importing test module 'D:\repolens\fastapi\tests\test_security_scopes_dont_propagate.py'.
Hint: make sure your test modules/packages have valid Python names.
Traceback:
C:\Users\user\AppData\Local\Programs\Python\Python310\lib\importlib\__init__.py:126: in import_module
    return _bootstrap._gcd_import(name[level:], package, level)
fastapi\tests\test_security_scopes_dont_propagate.py:5: in <module>
    from fastapi import FastAPI, Security
E   ImportError: cannot import name 'FastAPI' from 'fastapi' (unknown location)
____ ERROR collecting fastapi/tests/test_security_scopes_sub_dependency.py ____
ImportError while importing test module 'D:\repolens\fastapi\tests\test_security_scopes_sub_dependency.py'.
Hint: make sure your test modules/packages have valid Python names.
Traceback:
C:\Users\user\AppData\Local\Programs\Python\Python310\lib\importlib\__init__.py:126: in import_module
    return _bootstrap._gcd_import(name[level:], package, level)
fastapi\tests\test_security_scopes_sub_dependency.py:7: in <module>
    from fastapi import Depends, FastAPI, Security
E   ImportError: cannot import name 'Depends' from 'fastapi' (unknown location)
__________ ERROR collecting fastapi/tests/test_serialize_response.py __________
ImportError while importing test module 'D:\repolens\fastapi\tests\test_serialize_response.py'.
Hint: make sure your test modules/packages have valid Python names.
Traceback:
C:\Users\user\AppData\Local\Programs\Python\Python310\lib\importlib\__init__.py:126: in import_module
    return _bootstrap._gcd_import(name[level:], package, level)
fastapi\tests\test_serialize_response.py:1: in <module>
    from fastapi import FastAPI
E   ImportError: cannot import name 'FastAPI' from 'fastapi' (unknown location)
_____ ERROR collecting fastapi/tests/test_serialize_response_dataclass.py _____
ImportError while importing test module 'D:\repolens\fastapi\tests\test_serialize_response_dataclass.py'.
Hint: make sure your test modules/packages have valid Python names.
Traceback:
C:\Users\user\AppData\Local\Programs\Python\Python310\lib\importlib\__init__.py:126: in import_module
    return _bootstrap._gcd_import(name[level:], package, level)
fastapi\tests\test_serialize_response_dataclass.py:4: in <module>
    from fastapi import FastAPI
E   ImportError: cannot import name 'FastAPI' from 'fastapi' (unknown location)
_______ ERROR collecting fastapi/tests/test_serialize_response_model.py _______
ImportError while importing test module 'D:\repolens\fastapi\tests\test_serialize_response_model.py'.
Hint: make sure your test modules/packages have valid Python names.
Traceback:
C:\Users\user\AppData\Local\Programs\Python\Python310\lib\importlib\__init__.py:126: in import_module
    return _bootstrap._gcd_import(name[level:], package, level)
fastapi\tests\test_serialize_response_model.py:1: in <module>
    from fastapi import FastAPI
E   ImportError: cannot import name 'FastAPI' from 'fastapi' (unknown location)
____________ ERROR collecting fastapi/tests/test_skip_defaults.py _____________
ImportError while importing test module 'D:\repolens\fastapi\tests\test_skip_defaults.py'.
Hint: make sure your test modules/packages have valid Python names.
Traceback:
C:\Users\user\AppData\Local\Programs\Python\Python310\lib\importlib\__init__.py:126: in import_module
    return _bootstrap._gcd_import(name[level:], package, level)
fastapi\tests\test_skip_defaults.py:1: in <module>
    from fastapi import FastAPI
E   ImportError: cannot import name 'FastAPI' from 'fastapi' (unknown location)
_________________ ERROR collecting fastapi/tests/test_sse.py __________________
ImportError while importing test module 'D:\repolens\fastapi\tests\test_sse.py'.
Hint: make sure your test modules/packages have valid Python names.
Traceback:
C:\Users\user\AppData\Local\Programs\Python\Python310\lib\importlib\__init__.py:126: in import_module
    return _bootstrap._gcd_import(name[level:], package, level)
fastapi\tests\test_sse.py:5: in <module>
    import fastapi.routing
E   ModuleNotFoundError: No module named 'fastapi.routing'
_________ ERROR collecting fastapi/tests/test_starlette_exception.py __________
ImportError while importing test module 'D:\repolens\fastapi\tests\test_starlette_exception.py'.
Hint: make sure your test modules/packages have valid Python names.
Traceback:
C:\Users\user\AppData\Local\Programs\Python\Python310\lib\importlib\__init__.py:126: in import_module
    return _bootstrap._gcd_import(name[level:], package, level)
fastapi\tests\test_starlette_exception.py:1: in <module>
    from fastapi import FastAPI, HTTPException
E   ImportError: cannot import name 'FastAPI' from 'fastapi' (unknown location)
_______ ERROR collecting fastapi/tests/test_starlette_urlconvertors.py ________
ImportError while importing test module 'D:\repolens\fastapi\tests\test_starlette_urlconvertors.py'.
Hint: make sure your test modules/packages have valid Python names.
Traceback:
C:\Users\user\AppData\Local\Programs\Python\Python310\lib\importlib\__init__.py:126: in import_module
    return _bootstrap._gcd_import(name[level:], package, level)
fastapi\tests\test_starlette_urlconvertors.py:1: in <module>
    from fastapi import FastAPI, Path, Query
E   ImportError: cannot import name 'FastAPI' from 'fastapi' (unknown location)
___________ ERROR collecting fastapi/tests/test_stream_bare_type.py ___________
ImportError while importing test module 'D:\repolens\fastapi\tests\test_stream_bare_type.py'.
Hint: make sure your test modules/packages have valid Python names.
Traceback:
C:\Users\user\AppData\Local\Programs\Python\Python310\lib\importlib\__init__.py:126: in import_module
    return _bootstrap._gcd_import(name[level:], package, level)
fastapi\tests\test_stream_bare_type.py:4: in <module>
    from fastapi import FastAPI
E   ImportError: cannot import name 'FastAPI' from 'fastapi' (unknown location)
_________ ERROR collecting fastapi/tests/test_stream_cancellation.py __________
ImportError while importing test module 'D:\repolens\fastapi\tests\test_stream_cancellation.py'.
Hint: make sure your test modules/packages have valid Python names.
Traceback:
C:\Users\user\AppData\Local\Programs\Python\Python310\lib\importlib\__init__.py:126: in import_module
    return _bootstrap._gcd_import(name[level:], package, level)
fastapi\tests\test_stream_cancellation.py:11: in <module>
    from fastapi import FastAPI
E   ImportError: cannot import name 'FastAPI' from 'fastapi' (unknown location)
_____ ERROR collecting fastapi/tests/test_stream_json_validation_error.py _____
ImportError while importing test module 'D:\repolens\fastapi\tests\test_stream_json_validation_error.py'.
Hint: make sure your test modules/packages have valid Python names.
Traceback:
C:\Users\user\AppData\Local\Programs\Python\Python310\lib\importlib\__init__.py:126: in import_module
    return _bootstrap._gcd_import(name[level:], package, level)
fastapi\tests\test_stream_json_validation_error.py:4: in <module>
    from fastapi import FastAPI
E   ImportError: cannot import name 'FastAPI' from 'fastapi' (unknown location)
____ ERROR collecting fastapi/tests/test_strict_content_type_app_level.py _____
ImportError while importing test module 'D:\repolens\fastapi\tests\test_strict_content_type_app_level.py'.
Hint: make sure your test modules/packages have valid Python names.
Traceback:
C:\Users\user\AppData\Local\Programs\Python\Python310\lib\importlib\__init__.py:126: in import_module
    return _bootstrap._gcd_import(name[level:], package, level)
fastapi\tests\test_strict_content_type_app_level.py:1: in <module>
    from fastapi import FastAPI
E   ImportError: cannot import name 'FastAPI' from 'fastapi' (unknown location)
______ ERROR collecting fastapi/tests/test_strict_content_type_nested.py ______
ImportError while importing test module 'D:\repolens\fastapi\tests\test_strict_content_type_nested.py'.
Hint: make sure your test modules/packages have valid Python names.
Traceback:
C:\Users\user\AppData\Local\Programs\Python\Python310\lib\importlib\__init__.py:126: in import_module
    return _bootstrap._gcd_import(name[level:], package, level)
fastapi\tests\test_strict_content_type_nested.py:1: in <module>
    from fastapi import APIRouter, FastAPI
E   ImportError: cannot import name 'APIRouter' from 'fastapi' (unknown location)
___ ERROR collecting fastapi/tests/test_strict_content_type_router_level.py ___
ImportError while importing test module 'D:\repolens\fastapi\tests\test_strict_content_type_router_level.py'.
Hint: make sure your test modules/packages have valid Python names.
Traceback:
C:\Users\user\AppData\Local\Programs\Python\Python310\lib\importlib\__init__.py:126: in import_module
    return _bootstrap._gcd_import(name[level:], package, level)
fastapi\tests\test_strict_content_type_router_level.py:1: in <module>
    from fastapi import APIRouter, FastAPI
E   ImportError: cannot import name 'APIRouter' from 'fastapi' (unknown location)
__ ERROR collecting fastapi/tests/test_stringified_annotation_dependency.py ___
ImportError while importing test module 'D:\repolens\fastapi\tests\test_stringified_annotation_dependency.py'.
Hint: make sure your test modules/packages have valid Python names.
Traceback:
C:\Users\user\AppData\Local\Programs\Python\Python310\lib\importlib\__init__.py:126: in import_module
    return _bootstrap._gcd_import(name[level:], package, level)
fastapi\tests\test_stringified_annotation_dependency.py:6: in <module>
    from fastapi import Depends, FastAPI
E   ImportError: cannot import name 'Depends' from 'fastapi' (unknown location)
_ ERROR collecting fastapi/tests/test_stringified_annotation_dependency_py314.py _
ImportError while importing test module 'D:\repolens\fastapi\tests\test_stringified_annotation_dependency_py314.py'.
Hint: make sure your test modules/packages have valid Python names.
Traceback:
C:\Users\user\AppData\Local\Programs\Python\Python310\lib\importlib\__init__.py:126: in import_module
    return _bootstrap._gcd_import(name[level:], package, level)
fastapi\tests\test_stringified_annotation_dependency_py314.py:3: in <module>
    from fastapi import Depends, FastAPI
E   ImportError: cannot import name 'Depends' from 'fastapi' (unknown location)
____ ERROR collecting fastapi/tests/test_stringified_annotations_simple.py ____
ImportError while importing test module 'D:\repolens\fastapi\tests\test_stringified_annotations_simple.py'.
Hint: make sure your test modules/packages have valid Python names.
Traceback:
C:\Users\user\AppData\Local\Programs\Python\Python310\lib\importlib\__init__.py:126: in import_module
    return _bootstrap._gcd_import(name[level:], package, level)
fastapi\tests\test_stringified_annotations_simple.py:5: in <module>
    from fastapi import Depends, FastAPI, Request
E   ImportError: cannot import name 'Depends' from 'fastapi' (unknown location)
____________ ERROR collecting fastapi/tests/test_sub_callbacks.py _____________
ImportError while importing test module 'D:\repolens\fastapi\tests\test_sub_callbacks.py'.
Hint: make sure your test modules/packages have valid Python names.
Traceback:
C:\Users\user\AppData\Local\Programs\Python\Python310\lib\importlib\__init__.py:126: in import_module
    return _bootstrap._gcd_import(name[level:], package, level)
fastapi\tests\test_sub_callbacks.py:1: in <module>
    from fastapi import APIRouter, FastAPI
E   ImportError: cannot import name 'APIRouter' from 'fastapi' (unknown location)
__________ ERROR collecting fastapi/tests/test_swagger_ui_escape.py ___________
ImportError while importing test module 'D:\repolens\fastapi\tests\test_swagger_ui_escape.py'.
Hint: make sure your test modules/packages have valid Python names.
Traceback:
C:\Users\user\AppData\Local\Programs\Python\Python310\lib\importlib\__init__.py:126: in import_module
    return _bootstrap._gcd_import(name[level:], package, level)
fastapi\tests\test_swagger_ui_escape.py:1: in <module>
    from fastapi.openapi.docs import get_swagger_ui_html
E   ModuleNotFoundError: No module named 'fastapi.openapi'
________ ERROR collecting fastapi/tests/test_swagger_ui_init_oauth.py _________
ImportError while importing test module 'D:\repolens\fastapi\tests\test_swagger_ui_init_oauth.py'.
Hint: make sure your test modules/packages have valid Python names.
Traceback:
C:\Users\user\AppData\Local\Programs\Python\Python310\lib\importlib\__init__.py:126: in import_module
    return _bootstrap._gcd_import(name[level:], package, level)
fastapi\tests\test_swagger_ui_init_oauth.py:1: in <module>
    from fastapi import FastAPI
E   ImportError: cannot import name 'FastAPI' from 'fastapi' (unknown location)
_ ERROR collecting fastapi/tests/test_top_level_security_scheme_in_openapi.py _
ImportError while importing test module 'D:\repolens\fastapi\tests\test_top_level_security_scheme_in_openapi.py'.
Hint: make sure your test modules/packages have valid Python names.
Traceback:
C:\Users\user\AppData\Local\Programs\Python\Python310\lib\importlib\__init__.py:126: in import_module
    return _bootstrap._gcd_import(name[level:], package, level)
fastapi\tests\test_top_level_security_scheme_in_openapi.py:4: in <module>
    from fastapi import Depends, FastAPI
E   ImportError: cannot import name 'Depends' from 'fastapi' (unknown location)
________________ ERROR collecting fastapi/tests/test_tuples.py ________________
ImportError while importing test module 'D:\repolens\fastapi\tests\test_tuples.py'.
Hint: make sure your test modules/packages have valid Python names.
Traceback:
C:\Users\user\AppData\Local\Programs\Python\Python310\lib\importlib\__init__.py:126: in import_module
    return _bootstrap._gcd_import(name[level:], package, level)
fastapi\tests\test_tuples.py:1: in <module>
    from fastapi import FastAPI, Form
E   ImportError: cannot import name 'FastAPI' from 'fastapi' (unknown location)
_ ERROR collecting fastapi/tests/test_tutorial/test_additional_responses/test_tutorial001.py _
ImportError while importing test module 'D:\repolens\fastapi\tests\test_tutorial\test_additional_responses\test_tutorial001.py'.
Hint: make sure your test modules/packages have valid Python names.
Traceback:
C:\Users\user\AppData\Local\Programs\Python\Python310\lib\importlib\__init__.py:126: in import_module
    return _bootstrap._gcd_import(name[level:], package, level)
fastapi\tests\test_tutorial\test_additional_responses\test_tutorial001.py:1: in <module>
    from fastapi.testclient import TestClient
E   ModuleNotFoundError: No module named 'fastapi.testclient'
_ ERROR collecting fastapi/tests/test_tutorial/test_additional_responses/test_tutorial002.py _
ImportError while importing test module 'D:\repolens\fastapi\tests\test_tutorial\test_additional_responses\test_tutorial002.py'.
Hint: make sure your test modules/packages have valid Python names.
Traceback:
C:\Users\user\AppData\Local\Programs\Python\Python310\lib\importlib\__init__.py:126: in import_module
    return _bootstrap._gcd_import(name[level:], package, level)
fastapi\tests\test_tutorial\test_additional_responses\test_tutorial002.py:6: in <module>
    from fastapi.testclient import TestClient
E   ModuleNotFoundError: No module named 'fastapi.testclient'
_ ERROR collecting fastapi/tests/test_tutorial/test_additional_responses/test_tutorial003.py _
ImportError while importing test module 'D:\repolens\fastapi\tests\test_tutorial\test_additional_responses\test_tutorial003.py'.
Hint: make sure your test modules/packages have valid Python names.
Traceback:
C:\Users\user\AppData\Local\Programs\Python\Python310\lib\importlib\__init__.py:126: in import_module
    return _bootstrap._gcd_import(name[level:], package, level)
fastapi\tests\test_tutorial\test_additional_responses\test_tutorial003.py:1: in <module>
    from fastapi.testclient import TestClient
E   ModuleNotFoundError: No module named 'fastapi.testclient'
_ ERROR collecting fastapi/tests/test_tutorial/test_additional_responses/test_tutorial004.py _
ImportError while importing test module 'D:\repolens\fastapi\tests\test_tutorial\test_additional_responses\test_tutorial004.py'.
Hint: make sure your test modules/packages have valid Python names.
Traceback:
C:\Users\user\AppData\Local\Programs\Python\Python310\lib\importlib\__init__.py:126: in import_module
    return _bootstrap._gcd_import(name[level:], package, level)
fastapi\tests\test_tutorial\test_additional_responses\test_tutorial004.py:6: in <module>
    from fastapi.testclient import TestClient
E   ModuleNotFoundError: No module named 'fastapi.testclient'
_ ERROR collecting fastapi/tests/test_tutorial/test_additional_status_codes/test_tutorial001.py _
ImportError while importing test module 'D:\repolens\fastapi\tests\test_tutorial\test_additional_status_codes\test_tutorial001.py'.
Hint: make sure your test modules/packages have valid Python names.
Traceback:
C:\Users\user\AppData\Local\Programs\Python\Python310\lib\importlib\__init__.py:126: in import_module
    return _bootstrap._gcd_import(name[level:], package, level)
fastapi\tests\test_tutorial\test_additional_status_codes\test_tutorial001.py:4: in <module>
    from fastapi.testclient import TestClient
E   ModuleNotFoundError: No module named 'fastapi.testclient'
_ ERROR collecting fastapi/tests/test_tutorial/test_advanced_middleware/test_tutorial001.py _
ImportError while importing test module 'D:\repolens\fastapi\tests\test_tutorial\test_advanced_middleware\test_tutorial001.py'.
Hint: make sure your test modules/packages have valid Python names.
Traceback:
C:\Users\user\AppData\Local\Programs\Python\Python310\lib\importlib\__init__.py:126: in import_module
    return _bootstrap._gcd_import(name[level:], package, level)
fastapi\tests\test_tutorial\test_advanced_middleware\test_tutorial001.py:1: in <module>
    from fastapi.testclient import TestClient
E   ModuleNotFoundError: No module named 'fastapi.testclient'
_ ERROR collecting fastapi/tests/test_tutorial/test_advanced_middleware/test_tutorial002.py _
ImportError while importing test module 'D:\repolens\fastapi\tests\test_tutorial\test_advanced_middleware\test_tutorial002.py'.
Hint: make sure your test modules/packages have valid Python names.
Traceback:
C:\Users\user\AppData\Local\Programs\Python\Python310\lib\importlib\__init__.py:126: in import_module
    return _bootstrap._gcd_import(name[level:], package, level)
fastapi\tests\test_tutorial\test_advanced_middleware\test_tutorial002.py:1: in <module>
    from fastapi.testclient import TestClient
E   ModuleNotFoundError: No module named 'fastapi.testclient'
_ ERROR collecting fastapi/tests/test_tutorial/test_advanced_middleware/test_tutorial003.py _
ImportError while importing test module 'D:\repolens\fastapi\tests\test_tutorial\test_advanced_middleware\test_tutorial003.py'.
Hint: make sure your test modules/packages have valid Python names.
Traceback:
C:\Users\user\AppData\Local\Programs\Python\Python310\lib\importlib\__init__.py:126: in import_module
    return _bootstrap._gcd_import(name[level:], package, level)
fastapi\tests\test_tutorial\test_advanced_middleware\test_tutorial003.py:1: in <module>
    from fastapi.responses import PlainTextResponse
E   ModuleNotFoundError: No module named 'fastapi.responses'
_ ERROR collecting fastapi/tests/test_tutorial/test_async_tests/test_main_a.py _
ImportError while importing test module 'D:\repolens\fastapi\tests\test_tutorial\test_async_tests\test_main_a.py'.
Hint: make sure your test modules/packages have valid Python names.
Traceback:
C:\Users\user\AppData\Local\Programs\Python\Python310\lib\importlib\__init__.py:126: in import_module
    return _bootstrap._gcd_import(name[level:], package, level)
fastapi\tests\test_tutorial\test_async_tests\test_main_a.py:3: in <module>
    from docs_src.async_tests.app_a_py310.test_main import test_root
fastapi\docs_src\async_tests\app_a_py310\test_main.py:4: in <module>
    from .main import app
fastapi\docs_src\async_tests\app_a_py310\main.py:1: in <module>
    from fastapi import FastAPI
E   ImportError: cannot import name 'FastAPI' from 'fastapi' (unknown location)
_ ERROR collecting fastapi/tests/test_tutorial/test_authentication_error_status_code/test_tutorial001.py _
ImportError while importing test module 'D:\repolens\fastapi\tests\test_tutorial\test_authentication_error_status_code\test_tutorial001.py'.
Hint: make sure your test modules/packages have valid Python names.
Traceback:
C:\Users\user\AppData\Local\Programs\Python\Python310\lib\importlib\__init__.py:126: in import_module
    return _bootstrap._gcd_import(name[level:], package, level)
fastapi\tests\test_tutorial\test_authentication_error_status_code\test_tutorial001.py:4: in <module>
    from fastapi.testclient import TestClient
E   ModuleNotFoundError: No module named 'fastapi.testclient'
_ ERROR collecting fastapi/tests/test_tutorial/test_background_tasks/test_tutorial001.py _
ImportError while importing test module 'D:\repolens\fastapi\tests\test_tutorial\test_background_tasks\test_tutorial001.py'.
Hint: make sure your test modules/packages have valid Python names.
Traceback:
C:\Users\user\AppData\Local\Programs\Python\Python310\lib\importlib\__init__.py:126: in import_module
    return _bootstrap._gcd_import(name[level:], package, level)
fastapi\tests\test_tutorial\test_background_tasks\test_tutorial001.py:4: in <module>
    from fastapi.testclient import TestClient
E   ModuleNotFoundError: No module named 'fastapi.testclient'
_ ERROR collecting fastapi/tests/test_tutorial/test_background_tasks/test_tutorial002.py _
ImportError while importing test module 'D:\repolens\fastapi\tests\test_tutorial\test_background_tasks\test_tutorial002.py'.
Hint: make sure your test modules/packages have valid Python names.
Traceback:
C:\Users\user\AppData\Local\Programs\Python\Python310\lib\importlib\__init__.py:126: in import_module
    return _bootstrap._gcd_import(name[level:], package, level)
fastapi\tests\test_tutorial\test_background_tasks\test_tutorial002.py:6: in <module>
    from fastapi.testclient import TestClient
E   ModuleNotFoundError: No module named 'fastapi.testclient'
_ ERROR collecting fastapi/tests/test_tutorial/test_behind_a_proxy/test_tutorial001.py _
ImportError while importing test module 'D:\repolens\fastapi\tests\test_tutorial\test_behind_a_proxy\test_tutorial001.py'.
Hint: make sure your test modules/packages have valid Python names.
Traceback:
C:\Users\user\AppData\Local\Programs\Python\Python310\lib\importlib\__init__.py:126: in import_module
    return _bootstrap._gcd_import(name[level:], package, level)
fastapi\tests\test_tutorial\test_behind_a_proxy\test_tutorial001.py:1: in <module>
    from fastapi.testclient import TestClient
E   ModuleNotFoundError: No module named 'fastapi.testclient'
_ ERROR collecting fastapi/tests/test_tutorial/test_behind_a_proxy/test_tutorial001_01.py _
ImportError while importing test module 'D:\repolens\fastapi\tests\test_tutorial\test_behind_a_proxy\test_tutorial001_01.py'.
Hint: make sure your test modules/packages have valid Python names.
Traceback:
C:\Users\user\AppData\Local\Programs\Python\Python310\lib\importlib\__init__.py:126: in import_module
    return _bootstrap._gcd_import(name[level:], package, level)
fastapi\tests\test_tutorial\test_behind_a_proxy\test_tutorial001_01.py:1: in <module>
    from fastapi.testclient import TestClient
E   ModuleNotFoundError: No module named 'fastapi.testclient'
_ ERROR collecting fastapi/tests/test_tutorial/test_behind_a_proxy/test_tutorial002.py _
ImportError while importing test module 'D:\repolens\fastapi\tests\test_tutorial\test_behind_a_proxy\test_tutorial002.py'.
Hint: make sure your test modules/packages have valid Python names.
Traceback:
C:\Users\user\AppData\Local\Programs\Python\Python310\lib\importlib\__init__.py:126: in import_module
    return _bootstrap._gcd_import(name[level:], package, level)
fastapi\tests\test_tutorial\test_behind_a_proxy\test_tutorial002.py:1: in <module>
    from fastapi.testclient import TestClient
E   ModuleNotFoundError: No module named 'fastapi.testclient'
_ ERROR collecting fastapi/tests/test_tutorial/test_behind_a_proxy/test_tutorial003.py _
ImportError while importing test module 'D:\repolens\fastapi\tests\test_tutorial\test_behind_a_proxy\test_tutorial003.py'.
Hint: make sure your test modules/packages have valid Python names.
Traceback:
C:\Users\user\AppData\Local\Programs\Python\Python310\lib\importlib\__init__.py:126: in import_module
    return _bootstrap._gcd_import(name[level:], package, level)
fastapi\tests\test_tutorial\test_behind_a_proxy\test_tutorial003.py:1: in <module>
    from fastapi.testclient import TestClient
E   ModuleNotFoundError: No module named 'fastapi.testclient'
_ ERROR collecting fastapi/tests/test_tutorial/test_behind_a_proxy/test_tutorial004.py _
ImportError while importing test module 'D:\repolens\fastapi\tests\test_tutorial\test_behind_a_proxy\test_tutorial004.py'.
Hint: make sure your test modules/packages have valid Python names.
Traceback:
C:\Users\user\AppData\Local\Programs\Python\Python310\lib\importlib\__init__.py:126: in import_module
    return _bootstrap._gcd_import(name[level:], package, level)
fastapi\tests\test_tutorial\test_behind_a_proxy\test_tutorial004.py:1: in <module>
    from fastapi.testclient import TestClient
E   ModuleNotFoundError: No module named 'fastapi.testclient'
_ ERROR collecting fastapi/tests/test_tutorial/test_bigger_applications/test_main.py _
ImportError while importing test module 'D:\repolens\fastapi\tests\test_tutorial\test_bigger_applications\test_main.py'.
Hint: make sure your test modules/packages have valid Python names.
Traceback:
C:\Users\user\AppData\Local\Programs\Python\Python310\lib\importlib\__init__.py:126: in import_module
    return _bootstrap._gcd_import(name[level:], package, level)
fastapi\tests\test_tutorial\test_bigger_applications\test_main.py:4: in <module>
    from fastapi.testclient import TestClient
E   ModuleNotFoundError: No module named 'fastapi.testclient'
_ ERROR collecting fastapi/tests/test_tutorial/test_body/test_tutorial001.py __
ImportError while importing test module 'D:\repolens\fastapi\tests\test_tutorial\test_body\test_tutorial001.py'.
Hint: make sure your test modules/packages have valid Python names.
Traceback:
C:\Users\user\AppData\Local\Programs\Python\Python310\lib\importlib\__init__.py:126: in import_module
    return _bootstrap._gcd_import(name[level:], package, level)
fastapi\tests\test_tutorial\test_body\test_tutorial001.py:5: in <module>
    from fastapi.testclient import TestClient
E   ModuleNotFoundError: No module named 'fastapi.testclient'
_ ERROR collecting fastapi/tests/test_tutorial/test_body/test_tutorial002.py __
ImportError while importing test module 'D:\repolens\fastapi\tests\test_tutorial\test_body\test_tutorial002.py'.
Hint: make sure your test modules/packages have valid Python names.
Traceback:
C:\Users\user\AppData\Local\Programs\Python\Python310\lib\importlib\__init__.py:126: in import_module
    return _bootstrap._gcd_import(name[level:], package, level)
fastapi\tests\test_tutorial\test_body\test_tutorial002.py:4: in <module>
    from fastapi.testclient import TestClient
E   ModuleNotFoundError: No module named 'fastapi.testclient'
_ ERROR collecting fastapi/tests/test_tutorial/test_body/test_tutorial003.py __
ImportError while importing test module 'D:\repolens\fastapi\tests\test_tutorial\test_body\test_tutorial003.py'.
Hint: make sure your test modules/packages have valid Python names.
Traceback:
C:\Users\user\AppData\Local\Programs\Python\Python310\lib\importlib\__init__.py:126: in import_module
    return _bootstrap._gcd_import(name[level:], package, level)
fastapi\tests\test_tutorial\test_body\test_tutorial003.py:4: in <module>
    from fastapi.testclient import TestClient
E   ModuleNotFoundError: No module named 'fastapi.testclient'
_ ERROR collecting fastapi/tests/test_tutorial/test_body/test_tutorial004.py __
ImportError while importing test module 'D:\repolens\fastapi\tests\test_tutorial\test_body\test_tutorial004.py'.
Hint: make sure your test modules/packages have valid Python names.
Traceback:
C:\Users\user\AppData\Local\Programs\Python\Python310\lib\importlib\__init__.py:126: in import_module
    return _bootstrap._gcd_import(name[level:], package, level)
fastapi\tests\test_tutorial\test_body\test_tutorial004.py:4: in <module>
    from fastapi.testclient import TestClient
E   ModuleNotFoundError: No module named 'fastapi.testclient'
_ ERROR collecting fastapi/tests/test_tutorial/test_body_fields/test_tutorial001.py _
ImportError while importing test module 'D:\repolens\fastapi\tests\test_tutorial\test_body_fields\test_tutorial001.py'.
Hint: make sure your test modules/packages have valid Python names.
Traceback:
C:\Users\user\AppData\Local\Programs\Python\Python310\lib\importlib\__init__.py:126: in import_module
    return _bootstrap._gcd_import(name[level:], package, level)
fastapi\tests\test_tutorial\test_body_fields\test_tutorial001.py:4: in <module>
    from fastapi.testclient import TestClient
E   ModuleNotFoundError: No module named 'fastapi.testclient'
_ ERROR collecting fastapi/tests/test_tutorial/test_body_multiple_params/test_tutorial001.py _
ImportError while importing test module 'D:\repolens\fastapi\tests\test_tutorial\test_body_multiple_params\test_tutorial001.py'.
Hint: make sure your test modules/packages have valid Python names.
Traceback:
C:\Users\user\AppData\Local\Programs\Python\Python310\lib\importlib\__init__.py:126: in import_module
    return _bootstrap._gcd_import(name[level:], package, level)
fastapi\tests\test_tutorial\test_body_multiple_params\test_tutorial001.py:4: in <module>
    from fastapi.testclient import TestClient
E   ModuleNotFoundError: No module named 'fastapi.testclient'
_ ERROR collecting fastapi/tests/test_tutorial/test_body_multiple_params/test_tutorial002.py _
ImportError while importing test module 'D:\repolens\fastapi\tests\test_tutorial\test_body_multiple_params\test_tutorial002.py'.
Hint: make sure your test modules/packages have valid Python names.
Traceback:
C:\Users\user\AppData\Local\Programs\Python\Python310\lib\importlib\__init__.py:126: in import_module
    return _bootstrap._gcd_import(name[level:], package, level)
fastapi\tests\test_tutorial\test_body_multiple_params\test_tutorial002.py:4: in <module>
    from fastapi.testclient import TestClient
E   ModuleNotFoundError: No module named 'fastapi.testclient'
_ ERROR collecting fastapi/tests/test_tutorial/test_body_multiple_params/test_tutorial003.py _
ImportError while importing test module 'D:\repolens\fastapi\tests\test_tutorial\test_body_multiple_params\test_tutorial003.py'.
Hint: make sure your test modules/packages have valid Python names.
Traceback:
C:\Users\user\AppData\Local\Programs\Python\Python310\lib\importlib\__init__.py:126: in import_module
    return _bootstrap._gcd_import(name[level:], package, level)
fastapi\tests\test_tutorial\test_body_multiple_params\test_tutorial003.py:4: in <module>
    from fastapi.testclient import TestClient
E   ModuleNotFoundError: No module named 'fastapi.testclient'
_ ERROR collecting fastapi/tests/test_tutorial/test_body_multiple_params/test_tutorial004.py _
ImportError while importing test module 'D:\repolens\fastapi\tests\test_tutorial\test_body_multiple_params\test_tutorial004.py'.
Hint: make sure your test modules/packages have valid Python names.
Traceback:
C:\Users\user\AppData\Local\Programs\Python\Python310\lib\importlib\__init__.py:126: in import_module
    return _bootstrap._gcd_import(name[level:], package, level)
fastapi\tests\test_tutorial\test_body_multiple_params\test_tutorial004.py:4: in <module>
    from fastapi.testclient import TestClient
E   ModuleNotFoundError: No module named 'fastapi.testclient'
_ ERROR collecting fastapi/tests/test_tutorial/test_body_multiple_params/test_tutorial005.py _
ImportError while importing test module 'D:\repolens\fastapi\tests\test_tutorial\test_body_multiple_params\test_tutorial005.py'.
Hint: make sure your test modules/packages have valid Python names.
Traceback:
C:\Users\user\AppData\Local\Programs\Python\Python310\lib\importlib\__init__.py:126: in import_module
    return _bootstrap._gcd_import(name[level:], package, level)
fastapi\tests\test_tutorial\test_body_multiple_params\test_tutorial005.py:4: in <module>
    from fastapi.testclient import TestClient
E   ModuleNotFoundError: No module named 'fastapi.testclient'
_ ERROR collecting fastapi/tests/test_tutorial/test_body_nested_models/test_tutorial001_tutorial002_tutorial003.py _
ImportError while importing test module 'D:\repolens\fastapi\tests\test_tutorial\test_body_nested_models\test_tutorial001_tutorial002_tutorial003.py'.
Hint: make sure your test modules/packages have valid Python names.
Traceback:
C:\Users\user\AppData\Local\Programs\Python\Python310\lib\importlib\__init__.py:126: in import_module
    return _bootstrap._gcd_import(name[level:], package, level)
fastapi\tests\test_tutorial\test_body_nested_models\test_tutorial001_tutorial002_tutorial003.py:5: in <module>
    from dirty_equals import IsList
E   ModuleNotFoundError: No module named 'dirty_equals'
_ ERROR collecting fastapi/tests/test_tutorial/test_body_nested_models/test_tutorial004.py _
ImportError while importing test module 'D:\repolens\fastapi\tests\test_tutorial\test_body_nested_models\test_tutorial004.py'.
Hint: make sure your test modules/packages have valid Python names.
Traceback:
C:\Users\user\AppData\Local\Programs\Python\Python310\lib\importlib\__init__.py:126: in import_module
    return _bootstrap._gcd_import(name[level:], package, level)
fastapi\tests\test_tutorial\test_body_nested_models\test_tutorial004.py:4: in <module>
    from dirty_equals import IsList
E   ModuleNotFoundError: No module named 'dirty_equals'
_ ERROR collecting fastapi/tests/test_tutorial/test_body_nested_models/test_tutorial005.py _
ImportError while importing test module 'D:\repolens\fastapi\tests\test_tutorial\test_body_nested_models\test_tutorial005.py'.
Hint: make sure your test modules/packages have valid Python names.
Traceback:
C:\Users\user\AppData\Local\Programs\Python\Python310\lib\importlib\__init__.py:126: in import_module
    return _bootstrap._gcd_import(name[level:], package, level)
fastapi\tests\test_tutorial\test_body_nested_models\test_tutorial005.py:4: in <module>
    from dirty_equals import IsList
E   ModuleNotFoundError: No module named 'dirty_equals'
_ ERROR collecting fastapi/tests/test_tutorial/test_body_nested_models/test_tutorial006.py _
ImportError while importing test module 'D:\repolens\fastapi\tests\test_tutorial\test_body_nested_models\test_tutorial006.py'.
Hint: make sure your test modules/packages have valid Python names.
Traceback:
C:\Users\user\AppData\Local\Programs\Python\Python310\lib\importlib\__init__.py:126: in import_module
    return _bootstrap._gcd_import(name[level:], package, level)
fastapi\tests\test_tutorial\test_body_nested_models\test_tutorial006.py:4: in <module>
    from dirty_equals import IsList
E   ModuleNotFoundError: No module named 'dirty_equals'
_ ERROR collecting fastapi/tests/test_tutorial/test_body_nested_models/test_tutorial007.py _
ImportError while importing test module 'D:\repolens\fastapi\tests\test_tutorial\test_body_nested_models\test_tutorial007.py'.
Hint: make sure your test modules/packages have valid Python names.
Traceback:
C:\Users\user\AppData\Local\Programs\Python\Python310\lib\importlib\__init__.py:126: in import_module
    return _bootstrap._gcd_import(name[level:], package, level)
fastapi\tests\test_tutorial\test_body_nested_models\test_tutorial007.py:4: in <module>
    from fastapi.testclient import TestClient
E   ModuleNotFoundError: No module named 'fastapi.testclient'
_ ERROR collecting fastapi/tests/test_tutorial/test_body_nested_models/test_tutorial008.py _
ImportError while importing test module 'D:\repolens\fastapi\tests\test_tutorial\test_body_nested_models\test_tutorial008.py'.
Hint: make sure your test modules/packages have valid Python names.
Traceback:
C:\Users\user\AppData\Local\Programs\Python\Python310\lib\importlib\__init__.py:126: in import_module
    return _bootstrap._gcd_import(name[level:], package, level)
fastapi\tests\test_tutorial\test_body_nested_models\test_tutorial008.py:4: in <module>
    from fastapi.testclient import TestClient
E   ModuleNotFoundError: No module named 'fastapi.testclient'
_ ERROR collecting fastapi/tests/test_tutorial/test_body_nested_models/test_tutorial009.py _
ImportError while importing test module 'D:\repolens\fastapi\tests\test_tutorial\test_body_nested_models\test_tutorial009.py'.
Hint: make sure your test modules/packages have valid Python names.
Traceback:
C:\Users\user\AppData\Local\Programs\Python\Python310\lib\importlib\__init__.py:126: in import_module
    return _bootstrap._gcd_import(name[level:], package, level)
fastapi\tests\test_tutorial\test_body_nested_models\test_tutorial009.py:4: in <module>
    from fastapi.testclient import TestClient
E   ModuleNotFoundError: No module named 'fastapi.testclient'
_ ERROR collecting fastapi/tests/test_tutorial/test_body_updates/test_tutorial001.py _
ImportError while importing test module 'D:\repolens\fastapi\tests\test_tutorial\test_body_updates\test_tutorial001.py'.
Hint: make sure your test modules/packages have valid Python names.
Traceback:
C:\Users\user\AppData\Local\Programs\Python\Python310\lib\importlib\__init__.py:126: in import_module
    return _bootstrap._gcd_import(name[level:], package, level)
fastapi\tests\test_tutorial\test_body_updates\test_tutorial001.py:4: in <module>
    from fastapi.testclient import TestClient
E   ModuleNotFoundError: No module named 'fastapi.testclient'
_ ERROR collecting fastapi/tests/test_tutorial/test_body_updates/test_tutorial002.py _
ImportError while importing test module 'D:\repolens\fastapi\tests\test_tutorial\test_body_updates\test_tutorial002.py'.
Hint: make sure your test modules/packages have valid Python names.
Traceback:
C:\Users\user\AppData\Local\Programs\Python\Python310\lib\importlib\__init__.py:126: in import_module
    return _bootstrap._gcd_import(name[level:], package, level)
fastapi\tests\test_tutorial\test_body_updates\test_tutorial002.py:4: in <module>
    from fastapi.testclient import TestClient
E   ModuleNotFoundError: No module named 'fastapi.testclient'
_ ERROR collecting fastapi/tests/test_tutorial/test_conditional_openapi/test_tutorial001.py _
ImportError while importing test module 'D:\repolens\fastapi\tests\test_tutorial\test_conditional_openapi\test_tutorial001.py'.
Hint: make sure your test modules/packages have valid Python names.
Traceback:
C:\Users\user\AppData\Local\Programs\Python\Python310\lib\importlib\__init__.py:126: in import_module
    return _bootstrap._gcd_import(name[level:], package, level)
fastapi\tests\test_tutorial\test_conditional_openapi\test_tutorial001.py:3: in <module>
    from fastapi.testclient import TestClient
E   ModuleNotFoundError: No module named 'fastapi.testclient'
_ ERROR collecting fastapi/tests/test_tutorial/test_configure_swagger_ui/test_tutorial001.py _
ImportError while importing test module 'D:\repolens\fastapi\tests\test_tutorial\test_configure_swagger_ui\test_tutorial001.py'.
Hint: make sure your test modules/packages have valid Python names.
Traceback:
C:\Users\user\AppData\Local\Programs\Python\Python310\lib\importlib\__init__.py:126: in import_module
    return _bootstrap._gcd_import(name[level:], package, level)
fastapi\tests\test_tutorial\test_configure_swagger_ui\test_tutorial001.py:1: in <module>
    from fastapi.testclient import TestClient
E   ModuleNotFoundError: No module named 'fastapi.testclient'
_ ERROR collecting fastapi/tests/test_tutorial/test_configure_swagger_ui/test_tutorial002.py _
ImportError while importing test module 'D:\repolens\fastapi\tests\test_tutorial\test_configure_swagger_ui\test_tutorial002.py'.
Hint: make sure your test modules/packages have valid Python names.
Traceback:
C:\Users\user\AppData\Local\Programs\Python\Python310\lib\importlib\__init__.py:126: in import_module
    return _bootstrap._gcd_import(name[level:], package, level)
fastapi\tests\test_tutorial\test_configure_swagger_ui\test_tutorial002.py:1: in <module>
    from fastapi.testclient import TestClient
E   ModuleNotFoundError: No module named 'fastapi.testclient'
_ ERROR collecting fastapi/tests/test_tutorial/test_configure_swagger_ui/test_tutorial003.py _
ImportError while importing test module 'D:\repolens\fastapi\tests\test_tutorial\test_configure_swagger_ui\test_tutorial003.py'.
Hint: make sure your test modules/packages have valid Python names.
Traceback:
C:\Users\user\AppData\Local\Programs\Python\Python310\lib\importlib\__init__.py:126: in import_module
    return _bootstrap._gcd_import(name[level:], package, level)
fastapi\tests\test_tutorial\test_configure_swagger_ui\test_tutorial003.py:1: in <module>
    from fastapi.testclient import TestClient
E   ModuleNotFoundError: No module named 'fastapi.testclient'
_ ERROR collecting fastapi/tests/test_tutorial/test_cookie_param_models/test_tutorial001.py _
ImportError while importing test module 'D:\repolens\fastapi\tests\test_tutorial\test_cookie_param_models\test_tutorial001.py'.
Hint: make sure your test modules/packages have valid Python names.
Traceback:
C:\Users\user\AppData\Local\Programs\Python\Python310\lib\importlib\__init__.py:126: in import_module
    return _bootstrap._gcd_import(name[level:], package, level)
fastapi\tests\test_tutorial\test_cookie_param_models\test_tutorial001.py:4: in <module>
    from fastapi.testclient import TestClient
E   ModuleNotFoundError: No module named 'fastapi.testclient'
_ ERROR collecting fastapi/tests/test_tutorial/test_cookie_param_models/test_tutorial002.py _
ImportError while importing test module 'D:\repolens\fastapi\tests\test_tutorial\test_cookie_param_models\test_tutorial002.py'.
Hint: make sure your test modules/packages have valid Python names.
Traceback:
C:\Users\user\AppData\Local\Programs\Python\Python310\lib\importlib\__init__.py:126: in import_module
    return _bootstrap._gcd_import(name[level:], package, level)
fastapi\tests\test_tutorial\test_cookie_param_models\test_tutorial002.py:4: in <module>
    from fastapi.testclient import TestClient
E   ModuleNotFoundError: No module named 'fastapi.testclient'
_ ERROR collecting fastapi/tests/test_tutorial/test_cookie_params/test_tutorial001.py _
ImportError while importing test module 'D:\repolens\fastapi\tests\test_tutorial\test_cookie_params\test_tutorial001.py'.
Hint: make sure your test modules/packages have valid Python names.
Traceback:
C:\Users\user\AppData\Local\Programs\Python\Python310\lib\importlib\__init__.py:126: in import_module
    return _bootstrap._gcd_import(name[level:], package, level)
fastapi\tests\test_tutorial\test_cookie_params\test_tutorial001.py:5: in <module>
    from fastapi.testclient import TestClient
E   ModuleNotFoundError: No module named 'fastapi.testclient'
_ ERROR collecting fastapi/tests/test_tutorial/test_cors/test_tutorial001.py __
ImportError while importing test module 'D:\repolens\fastapi\tests\test_tutorial\test_cors\test_tutorial001.py'.
Hint: make sure your test modules/packages have valid Python names.
Traceback:
C:\Users\user\AppData\Local\Programs\Python\Python310\lib\importlib\__init__.py:126: in import_module
    return _bootstrap._gcd_import(name[level:], package, level)
fastapi\tests\test_tutorial\test_cors\test_tutorial001.py:1: in <module>
    from fastapi.testclient import TestClient
E   ModuleNotFoundError: No module named 'fastapi.testclient'
_ ERROR collecting fastapi/tests/test_tutorial/test_custom_docs_ui/test_tutorial001.py _
ImportError while importing test module 'D:\repolens\fastapi\tests\test_tutorial\test_custom_docs_ui\test_tutorial001.py'.
Hint: make sure your test modules/packages have valid Python names.
Traceback:
C:\Users\user\AppData\Local\Programs\Python\Python310\lib\importlib\__init__.py:126: in import_module
    return _bootstrap._gcd_import(name[level:], package, level)
fastapi\tests\test_tutorial\test_custom_docs_ui\test_tutorial001.py:5: in <module>
    from fastapi.testclient import TestClient
E   ModuleNotFoundError: No module named 'fastapi.testclient'
_ ERROR collecting fastapi/tests/test_tutorial/test_custom_docs_ui/test_tutorial002.py _
ImportError while importing test module 'D:\repolens\fastapi\tests\test_tutorial\test_custom_docs_ui\test_tutorial002.py'.
Hint: make sure your test modules/packages have valid Python names.
Traceback:
C:\Users\user\AppData\Local\Programs\Python\Python310\lib\importlib\__init__.py:126: in import_module
    return _bootstrap._gcd_import(name[level:], package, level)
fastapi\tests\test_tutorial\test_custom_docs_ui\test_tutorial002.py:5: in <module>
    from fastapi.testclient import TestClient
E   ModuleNotFoundError: No module named 'fastapi.testclient'
_ ERROR collecting fastapi/tests/test_tutorial/test_custom_request_and_route/test_tutorial001.py _
ImportError while importing test module 'D:\repolens\fastapi\tests\test_tutorial\test_custom_request_and_route\test_tutorial001.py'.
Hint: make sure your test modules/packages have valid Python names.
Traceback:
C:\Users\user\AppData\Local\Programs\Python\Python310\lib\importlib\__init__.py:126: in import_module
    return _bootstrap._gcd_import(name[level:], package, level)
fastapi\tests\test_tutorial\test_custom_request_and_route\test_tutorial001.py:6: in <module>
    from fastapi import Request
E   ImportError: cannot import name 'Request' from 'fastapi' (unknown location)
_ ERROR collecting fastapi/tests/test_tutorial/test_custom_request_and_route/test_tutorial002.py _
ImportError while importing test module 'D:\repolens\fastapi\tests\test_tutorial\test_custom_request_and_route\test_tutorial002.py'.
Hint: make sure your test modules/packages have valid Python names.
Traceback:
C:\Users\user\AppData\Local\Programs\Python\Python310\lib\importlib\__init__.py:126: in import_module
    return _bootstrap._gcd_import(name[level:], package, level)
fastapi\tests\test_tutorial\test_custom_request_and_route\test_tutorial002.py:4: in <module>
    from dirty_equals import IsOneOf
E   ModuleNotFoundError: No module named 'dirty_equals'
_ ERROR collecting fastapi/tests/test_tutorial/test_custom_request_and_route/test_tutorial003.py _
ImportError while importing test module 'D:\repolens\fastapi\tests\test_tutorial\test_custom_request_and_route\test_tutorial003.py'.
Hint: make sure your test modules/packages have valid Python names.
Traceback:
C:\Users\user\AppData\Local\Programs\Python\Python310\lib\importlib\__init__.py:126: in import_module
    return _bootstrap._gcd_import(name[level:], package, level)
fastapi\tests\test_tutorial\test_custom_request_and_route\test_tutorial003.py:4: in <module>
    from fastapi.testclient import TestClient
E   ModuleNotFoundError: No module named 'fastapi.testclient'
_ ERROR collecting fastapi/tests/test_tutorial/test_custom_response/test_tutorial001.py _
ImportError while importing test module 'D:\repolens\fastapi\tests\test_tutorial\test_custom_response\test_tutorial001.py'.
Hint: make sure your test modules/packages have valid Python names.
Traceback:
C:\Users\user\AppData\Local\Programs\Python\Python310\lib\importlib\__init__.py:126: in import_module
    return _bootstrap._gcd_import(name[level:], package, level)
fastapi\tests\test_tutorial\test_custom_response\test_tutorial001.py:4: in <module>
    from fastapi.testclient import TestClient
E   ModuleNotFoundError: No module named 'fastapi.testclient'
_ ERROR collecting fastapi/tests/test_tutorial/test_custom_response/test_tutorial001b.py _
ImportError while importing test module 'D:\repolens\fastapi\tests\test_tutorial\test_custom_response\test_tutorial001b.py'.
Hint: make sure your test modules/packages have valid Python names.
Traceback:
C:\Users\user\AppData\Local\Programs\Python\Python310\lib\importlib\__init__.py:126: in import_module
    return _bootstrap._gcd_import(name[level:], package, level)
fastapi\tests\test_tutorial\test_custom_response\test_tutorial001b.py:4: in <module>
    from fastapi.exceptions import FastAPIDeprecationWarning
E   ModuleNotFoundError: No module named 'fastapi.exceptions'
_ ERROR collecting fastapi/tests/test_tutorial/test_custom_response/test_tutorial002_tutorial003_tutorial004.py _
ImportError while importing test module 'D:\repolens\fastapi\tests\test_tutorial\test_custom_response\test_tutorial002_tutorial003_tutorial004.py'.
Hint: make sure your test modules/packages have valid Python names.
Traceback:
C:\Users\user\AppData\Local\Programs\Python\Python310\lib\importlib\__init__.py:126: in import_module
    return _bootstrap._gcd_import(name[level:], package, level)
fastapi\tests\test_tutorial\test_custom_response\test_tutorial002_tutorial003_tutorial004.py:4: in <module>
    from fastapi.testclient import TestClient
E   ModuleNotFoundError: No module named 'fastapi.testclient'
_ ERROR collecting fastapi/tests/test_tutorial/test_custom_response/test_tutorial005.py _
ImportError while importing test module 'D:\repolens\fastapi\tests\test_tutorial\test_custom_response\test_tutorial005.py'.
Hint: make sure your test modules/packages have valid Python names.
Traceback:
C:\Users\user\AppData\Local\Programs\Python\Python310\lib\importlib\__init__.py:126: in import_module
    return _bootstrap._gcd_import(name[level:], package, level)
fastapi\tests\test_tutorial\test_custom_response\test_tutorial005.py:1: in <module>
    from fastapi.testclient import TestClient
E   ModuleNotFoundError: No module named 'fastapi.testclient'
_ ERROR collecting fastapi/tests/test_tutorial/test_custom_response/test_tutorial006.py _
ImportError while importing test module 'D:\repolens\fastapi\tests\test_tutorial\test_custom_response\test_tutorial006.py'.
Hint: make sure your test modules/packages have valid Python names.
Traceback:
C:\Users\user\AppData\Local\Programs\Python\Python310\lib\importlib\__init__.py:126: in import_module
    return _bootstrap._gcd_import(name[level:], package, level)
fastapi\tests\test_tutorial\test_custom_response\test_tutorial006.py:1: in <module>
    from fastapi.testclient import TestClient
E   ModuleNotFoundError: No module named 'fastapi.testclient'
_ ERROR collecting fastapi/tests/test_tutorial/test_custom_response/test_tutorial006b.py _
ImportError while importing test module 'D:\repolens\fastapi\tests\test_tutorial\test_custom_response\test_tutorial006b.py'.
Hint: make sure your test modules/packages have valid Python names.
Traceback:
C:\Users\user\AppData\Local\Programs\Python\Python310\lib\importlib\__init__.py:126: in import_module
    return _bootstrap._gcd_import(name[level:], package, level)
fastapi\tests\test_tutorial\test_custom_response\test_tutorial006b.py:1: in <module>
    from fastapi.testclient import TestClient
E   ModuleNotFoundError: No module named 'fastapi.testclient'
_ ERROR collecting fastapi/tests/test_tutorial/test_custom_response/test_tutorial006c.py _
ImportError while importing test module 'D:\repolens\fastapi\tests\test_tutorial\test_custom_response\test_tutorial006c.py'.
Hint: make sure your test modules/packages have valid Python names.
Traceback:
C:\Users\user\AppData\Local\Programs\Python\Python310\lib\importlib\__init__.py:126: in import_module
    return _bootstrap._gcd_import(name[level:], package, level)
fastapi\tests\test_tutorial\test_custom_response\test_tutorial006c.py:1: in <module>
    from fastapi.testclient import TestClient
E   ModuleNotFoundError: No module named 'fastapi.testclient'
_ ERROR collecting fastapi/tests/test_tutorial/test_custom_response/test_tutorial007.py _
ImportError while importing test module 'D:\repolens\fastapi\tests\test_tutorial\test_custom_response\test_tutorial007.py'.
Hint: make sure your test modules/packages have valid Python names.
Traceback:
C:\Users\user\AppData\Local\Programs\Python\Python310\lib\importlib\__init__.py:126: in import_module
    return _bootstrap._gcd_import(name[level:], package, level)
fastapi\tests\test_tutorial\test_custom_response\test_tutorial007.py:1: in <module>
    from fastapi.testclient import TestClient
E   ModuleNotFoundError: No module named 'fastapi.testclient'
_ ERROR collecting fastapi/tests/test_tutorial/test_custom_response/test_tutorial008.py _
ImportError while importing test module 'D:\repolens\fastapi\tests\test_tutorial\test_custom_response\test_tutorial008.py'.
Hint: make sure your test modules/packages have valid Python names.
Traceback:
C:\Users\user\AppData\Local\Programs\Python\Python310\lib\importlib\__init__.py:126: in import_module
    return _bootstrap._gcd_import(name[level:], package, level)
fastapi\tests\test_tutorial\test_custom_response\test_tutorial008.py:4: in <module>
    from fastapi.testclient import TestClient
E   ModuleNotFoundError: No module named 'fastapi.testclient'
_ ERROR collecting fastapi/tests/test_tutorial/test_custom_response/test_tutorial009.py _
ImportError while importing test module 'D:\repolens\fastapi\tests\test_tutorial\test_custom_response\test_tutorial009.py'.
Hint: make sure your test modules/packages have valid Python names.
Traceback:
C:\Users\user\AppData\Local\Programs\Python\Python310\lib\importlib\__init__.py:126: in import_module
    return _bootstrap._gcd_import(name[level:], package, level)
fastapi\tests\test_tutorial\test_custom_response\test_tutorial009.py:4: in <module>
    from fastapi.testclient import TestClient
E   ModuleNotFoundError: No module named 'fastapi.testclient'
_ ERROR collecting fastapi/tests/test_tutorial/test_custom_response/test_tutorial009b.py _
ImportError while importing test module 'D:\repolens\fastapi\tests\test_tutorial\test_custom_response\test_tutorial009b.py'.
Hint: make sure your test modules/packages have valid Python names.
Traceback:
C:\Users\user\AppData\Local\Programs\Python\Python310\lib\importlib\__init__.py:126: in import_module
    return _bootstrap._gcd_import(name[level:], package, level)
fastapi\tests\test_tutorial\test_custom_response\test_tutorial009b.py:4: in <module>
    from fastapi.testclient import TestClient
E   ModuleNotFoundError: No module named 'fastapi.testclient'
_ ERROR collecting fastapi/tests/test_tutorial/test_custom_response/test_tutorial009c.py _
ImportError while importing test module 'D:\repolens\fastapi\tests\test_tutorial\test_custom_response\test_tutorial009c.py'.
Hint: make sure your test modules/packages have valid Python names.
Traceback:
C:\Users\user\AppData\Local\Programs\Python\Python310\lib\importlib\__init__.py:126: in import_module
    return _bootstrap._gcd_import(name[level:], package, level)
fastapi\tests\test_tutorial\test_custom_response\test_tutorial009c.py:2: in <module>
    from fastapi.testclient import TestClient
E   ModuleNotFoundError: No module named 'fastapi.testclient'
_ ERROR collecting fastapi/tests/test_tutorial/test_custom_response/test_tutorial010.py _
ImportError while importing test module 'D:\repolens\fastapi\tests\test_tutorial\test_custom_response\test_tutorial010.py'.
Hint: make sure your test modules/packages have valid Python names.
Traceback:
C:\Users\user\AppData\Local\Programs\Python\Python310\lib\importlib\__init__.py:126: in import_module
    return _bootstrap._gcd_import(name[level:], package, level)
fastapi\tests\test_tutorial\test_custom_response\test_tutorial010.py:4: in <module>
    from fastapi.testclient import TestClient
E   ModuleNotFoundError: No module named 'fastapi.testclient'
_ ERROR collecting fastapi/tests/test_tutorial/test_dataclasses/test_tutorial001.py _
ImportError while importing test module 'D:\repolens\fastapi\tests\test_tutorial\test_dataclasses\test_tutorial001.py'.
Hint: make sure your test modules/packages have valid Python names.
Traceback:
C:\Users\user\AppData\Local\Programs\Python\Python310\lib\importlib\__init__.py:126: in import_module
    return _bootstrap._gcd_import(name[level:], package, level)
fastapi\tests\test_tutorial\test_dataclasses\test_tutorial001.py:4: in <module>
    from fastapi.testclient import TestClient
E   ModuleNotFoundError: No module named 'fastapi.testclient'
_ ERROR collecting fastapi/tests/test_tutorial/test_dataclasses/test_tutorial002.py _
ImportError while importing test module 'D:\repolens\fastapi\tests\test_tutorial\test_dataclasses\test_tutorial002.py'.
Hint: make sure your test modules/packages have valid Python names.
Traceback:
C:\Users\user\AppData\Local\Programs\Python\Python310\lib\importlib\__init__.py:126: in import_module
    return _bootstrap._gcd_import(name[level:], package, level)
fastapi\tests\test_tutorial\test_dataclasses\test_tutorial002.py:4: in <module>
    from fastapi.testclient import TestClient
E   ModuleNotFoundError: No module named 'fastapi.testclient'
_ ERROR collecting fastapi/tests/test_tutorial/test_dataclasses/test_tutorial003.py _
ImportError while importing test module 'D:\repolens\fastapi\tests\test_tutorial\test_dataclasses\test_tutorial003.py'.
Hint: make sure your test modules/packages have valid Python names.
Traceback:
C:\Users\user\AppData\Local\Programs\Python\Python310\lib\importlib\__init__.py:126: in import_module
    return _bootstrap._gcd_import(name[level:], package, level)
fastapi\tests\test_tutorial\test_dataclasses\test_tutorial003.py:4: in <module>
    from fastapi.testclient import TestClient
E   ModuleNotFoundError: No module named 'fastapi.testclient'
_ ERROR collecting fastapi/tests/test_tutorial/test_debugging/test_tutorial001.py _
ImportError while importing test module 'D:\repolens\fastapi\tests\test_tutorial\test_debugging\test_tutorial001.py'.
Hint: make sure your test modules/packages have valid Python names.
Traceback:
C:\Users\user\AppData\Local\Programs\Python\Python310\lib\importlib\__init__.py:126: in import_module
    return _bootstrap._gcd_import(name[level:], package, level)
fastapi\tests\test_tutorial\test_debugging\test_tutorial001.py:7: in <module>
    from fastapi.testclient import TestClient
E   ModuleNotFoundError: No module named 'fastapi.testclient'
_ ERROR collecting fastapi/tests/test_tutorial/test_dependencies/test_tutorial001_tutorial001_02.py _
ImportError while importing test module 'D:\repolens\fastapi\tests\test_tutorial\test_dependencies\test_tutorial001_tutorial001_02.py'.
Hint: make sure your test modules/packages have valid Python names.
Traceback:
C:\Users\user\AppData\Local\Programs\Python\Python310\lib\importlib\__init__.py:126: in import_module
    return _bootstrap._gcd_import(name[level:], package, level)
fastapi\tests\test_tutorial\test_dependencies\test_tutorial001_tutorial001_02.py:4: in <module>
    from fastapi.testclient import TestClient
E   ModuleNotFoundError: No module named 'fastapi.testclient'
_ ERROR collecting fastapi/tests/test_tutorial/test_dependencies/test_tutorial002_tutorial003_tutorial004.py _
ImportError while importing test module 'D:\repolens\fastapi\tests\test_tutorial\test_dependencies\test_tutorial002_tutorial003_tutorial004.py'.
Hint: make sure your test modules/packages have valid Python names.
Traceback:
C:\Users\user\AppData\Local\Programs\Python\Python310\lib\importlib\__init__.py:126: in import_module
    return _bootstrap._gcd_import(name[level:], package, level)
fastapi\tests\test_tutorial\test_dependencies\test_tutorial002_tutorial003_tutorial004.py:4: in <module>
    from fastapi.testclient import TestClient
E   ModuleNotFoundError: No module named 'fastapi.testclient'
_ ERROR collecting fastapi/tests/test_tutorial/test_dependencies/test_tutorial005.py _
ImportError while importing test module 'D:\repolens\fastapi\tests\test_tutorial\test_dependencies\test_tutorial005.py'.
Hint: make sure your test modules/packages have valid Python names.
Traceback:
C:\Users\user\AppData\Local\Programs\Python\Python310\lib\importlib\__init__.py:126: in import_module
    return _bootstrap._gcd_import(name[level:], package, level)
fastapi\tests\test_tutorial\test_dependencies\test_tutorial005.py:4: in <module>
    from fastapi.testclient import TestClient
E   ModuleNotFoundError: No module named 'fastapi.testclient'
_ ERROR collecting fastapi/tests/test_tutorial/test_dependencies/test_tutorial006.py _
ImportError while importing test module 'D:\repolens\fastapi\tests\test_tutorial\test_dependencies\test_tutorial006.py'.
Hint: make sure your test modules/packages have valid Python names.
Traceback:
C:\Users\user\AppData\Local\Programs\Python\Python310\lib\importlib\__init__.py:126: in import_module
    return _bootstrap._gcd_import(name[level:], package, level)
fastapi\tests\test_tutorial\test_dependencies\test_tutorial006.py:4: in <module>
    from fastapi.testclient import TestClient
E   ModuleNotFoundError: No module named 'fastapi.testclient'
_ ERROR collecting fastapi/tests/test_tutorial/test_dependencies/test_tutorial008.py _
ImportError while importing test module 'D:\repolens\fastapi\tests\test_tutorial\test_dependencies\test_tutorial008.py'.
Hint: make sure your test modules/packages have valid Python names.
Traceback:
C:\Users\user\AppData\Local\Programs\Python\Python310\lib\importlib\__init__.py:126: in import_module
    return _bootstrap._gcd_import(name[level:], package, level)
fastapi\tests\test_tutorial\test_dependencies\test_tutorial008.py:8: in <module>
    from fastapi import Depends, FastAPI
E   ImportError: cannot import name 'Depends' from 'fastapi' (unknown location)
_ ERROR collecting fastapi/tests/test_tutorial/test_dependencies/test_tutorial008b.py _
ImportError while importing test module 'D:\repolens\fastapi\tests\test_tutorial\test_dependencies\test_tutorial008b.py'.
Hint: make sure your test modules/packages have valid Python names.
Traceback:
C:\Users\user\AppData\Local\Programs\Python\Python310\lib\importlib\__init__.py:126: in import_module
    return _bootstrap._gcd_import(name[level:], package, level)
fastapi\tests\test_tutorial\test_dependencies\test_tutorial008b.py:4: in <module>
    from fastapi.testclient import TestClient
E   ModuleNotFoundError: No module named 'fastapi.testclient'
_ ERROR collecting fastapi/tests/test_tutorial/test_dependencies/test_tutorial008c.py _
ImportError while importing test module 'D:\repolens\fastapi\tests\test_tutorial\test_dependencies\test_tutorial008c.py'.
Hint: make sure your test modules/packages have valid Python names.
Traceback:
C:\Users\user\AppData\Local\Programs\Python\Python310\lib\importlib\__init__.py:126: in import_module
    return _bootstrap._gcd_import(name[level:], package, level)
fastapi\tests\test_tutorial\test_dependencies\test_tutorial008c.py:5: in <module>
    from fastapi.exceptions import FastAPIError
E   ModuleNotFoundError: No module named 'fastapi.exceptions'
_ ERROR collecting fastapi/tests/test_tutorial/test_dependencies/test_tutorial008d.py _
ImportError while importing test module 'D:\repolens\fastapi\tests\test_tutorial\test_dependencies\test_tutorial008d.py'.
Hint: make sure your test modules/packages have valid Python names.
Traceback:
C:\Users\user\AppData\Local\Programs\Python\Python310\lib\importlib\__init__.py:126: in import_module
    return _bootstrap._gcd_import(name[level:], package, level)
fastapi\tests\test_tutorial\test_dependencies\test_tutorial008d.py:5: in <module>
    from fastapi.testclient import TestClient
E   ModuleNotFoundError: No module named 'fastapi.testclient'
_ ERROR collecting fastapi/tests/test_tutorial/test_dependencies/test_tutorial008e.py _
ImportError while importing test module 'D:\repolens\fastapi\tests\test_tutorial\test_dependencies\test_tutorial008e.py'.
Hint: make sure your test modules/packages have valid Python names.
Traceback:
C:\Users\user\AppData\Local\Programs\Python\Python310\lib\importlib\__init__.py:126: in import_module
    return _bootstrap._gcd_import(name[level:], package, level)
fastapi\tests\test_tutorial\test_dependencies\test_tutorial008e.py:4: in <module>
    from fastapi.testclient import TestClient
E   ModuleNotFoundError: No module named 'fastapi.testclient'
_ ERROR collecting fastapi/tests/test_tutorial/test_dependencies/test_tutorial010.py _
ImportError while importing test module 'D:\repolens\fastapi\tests\test_tutorial\test_dependencies\test_tutorial010.py'.
Hint: make sure your test modules/packages have valid Python names.
Traceback:
C:\Users\user\AppData\Local\Programs\Python\Python310\lib\importlib\__init__.py:126: in import_module
    return _bootstrap._gcd_import(name[level:], package, level)
fastapi\tests\test_tutorial\test_dependencies\test_tutorial010.py:4: in <module>
    from fastapi import Depends, FastAPI
E   ImportError: cannot import name 'Depends' from 'fastapi' (unknown location)
_ ERROR collecting fastapi/tests/test_tutorial/test_dependencies/test_tutorial011.py _
ImportError while importing test module 'D:\repolens\fastapi\tests\test_tutorial\test_dependencies\test_tutorial011.py'.
Hint: make sure your test modules/packages have valid Python names.
Traceback:
C:\Users\user\AppData\Local\Programs\Python\Python310\lib\importlib\__init__.py:126: in import_module
    return _bootstrap._gcd_import(name[level:], package, level)
fastapi\tests\test_tutorial\test_dependencies\test_tutorial011.py:4: in <module>
    from fastapi.testclient import TestClient
E   ModuleNotFoundError: No module named 'fastapi.testclient'
_ ERROR collecting fastapi/tests/test_tutorial/test_dependencies/test_tutorial012.py _
ImportError while importing test module 'D:\repolens\fastapi\tests\test_tutorial\test_dependencies\test_tutorial012.py'.
Hint: make sure your test modules/packages have valid Python names.
Traceback:
C:\Users\user\AppData\Local\Programs\Python\Python310\lib\importlib\__init__.py:126: in import_module
    return _bootstrap._gcd_import(name[level:], package, level)
fastapi\tests\test_tutorial\test_dependencies\test_tutorial012.py:4: in <module>
    from fastapi.testclient import TestClient
E   ModuleNotFoundError: No module named 'fastapi.testclient'
_ ERROR collecting fastapi/tests/test_tutorial/test_encoder/test_tutorial001.py _
ImportError while importing test module 'D:\repolens\fastapi\tests\test_tutorial\test_encoder\test_tutorial001.py'.
Hint: make sure your test modules/packages have valid Python names.
Traceback:
C:\Users\user\AppData\Local\Programs\Python\Python310\lib\importlib\__init__.py:126: in import_module
    return _bootstrap._gcd_import(name[level:], package, level)
fastapi\tests\test_tutorial\test_encoder\test_tutorial001.py:5: in <module>
    from fastapi.testclient import TestClient
E   ModuleNotFoundError: No module named 'fastapi.testclient'
_ ERROR collecting fastapi/tests/test_tutorial/test_events/test_tutorial001.py _
ImportError while importing test module 'D:\repolens\fastapi\tests\test_tutorial\test_events\test_tutorial001.py'.
Hint: make sure your test modules/packages have valid Python names.
Traceback:
C:\Users\user\AppData\Local\Programs\Python\Python310\lib\importlib\__init__.py:126: in import_module
    return _bootstrap._gcd_import(name[level:], package, level)
fastapi\tests\test_tutorial\test_events\test_tutorial001.py:2: in <module>
    from fastapi import FastAPI
E   ImportError: cannot import name 'FastAPI' from 'fastapi' (unknown location)
_ ERROR collecting fastapi/tests/test_tutorial/test_events/test_tutorial002.py _
ImportError while importing test module 'D:\repolens\fastapi\tests\test_tutorial\test_events\test_tutorial002.py'.
Hint: make sure your test modules/packages have valid Python names.
Traceback:
C:\Users\user\AppData\Local\Programs\Python\Python310\lib\importlib\__init__.py:126: in import_module
    return _bootstrap._gcd_import(name[level:], package, level)
fastapi\tests\test_tutorial\test_events\test_tutorial002.py:2: in <module>
    from fastapi import FastAPI
E   ImportError: cannot import name 'FastAPI' from 'fastapi' (unknown location)
_ ERROR collecting fastapi/tests/test_tutorial/test_events/test_tutorial003.py _
ImportError while importing test module 'D:\repolens\fastapi\tests\test_tutorial\test_events\test_tutorial003.py'.
Hint: make sure your test modules/packages have valid Python names.
Traceback:
C:\Users\user\AppData\Local\Programs\Python\Python310\lib\importlib\__init__.py:126: in import_module
    return _bootstrap._gcd_import(name[level:], package, level)
fastapi\tests\test_tutorial\test_events\test_tutorial003.py:1: in <module>
    from fastapi.testclient import TestClient
E   ModuleNotFoundError: No module named 'fastapi.testclient'
_ ERROR collecting fastapi/tests/test_tutorial/test_extending_openapi/test_tutorial001.py _
ImportError while importing test module 'D:\repolens\fastapi\tests\test_tutorial\test_extending_openapi\test_tutorial001.py'.
Hint: make sure your test modules/packages have valid Python names.
Traceback:
C:\Users\user\AppData\Local\Programs\Python\Python310\lib\importlib\__init__.py:126: in import_module
    return _bootstrap._gcd_import(name[level:], package, level)
fastapi\tests\test_tutorial\test_extending_openapi\test_tutorial001.py:1: in <module>
    from fastapi.testclient import TestClient
E   ModuleNotFoundError: No module named 'fastapi.testclient'
_ ERROR collecting fastapi/tests/test_tutorial/test_extra_data_types/test_tutorial001.py _
ImportError while importing test module 'D:\repolens\fastapi\tests\test_tutorial\test_extra_data_types\test_tutorial001.py'.
Hint: make sure your test modules/packages have valid Python names.
Traceback:
C:\Users\user\AppData\Local\Programs\Python\Python310\lib\importlib\__init__.py:126: in import_module
    return _bootstrap._gcd_import(name[level:], package, level)
fastapi\tests\test_tutorial\test_extra_data_types\test_tutorial001.py:4: in <module>
    from fastapi.testclient import TestClient
E   ModuleNotFoundError: No module named 'fastapi.testclient'
_ ERROR collecting fastapi/tests/test_tutorial/test_extra_models/test_tutorial001_tutorial002.py _
ImportError while importing test module 'D:\repolens\fastapi\tests\test_tutorial\test_extra_models\test_tutorial001_tutorial002.py'.
Hint: make sure your test modules/packages have valid Python names.
Traceback:
C:\Users\user\AppData\Local\Programs\Python\Python310\lib\importlib\__init__.py:126: in import_module
    return _bootstrap._gcd_import(name[level:], package, level)
fastapi\tests\test_tutorial\test_extra_models\test_tutorial001_tutorial002.py:4: in <module>
    from dirty_equals import IsList
E   ModuleNotFoundError: No module named 'dirty_equals'
_ ERROR collecting fastapi/tests/test_tutorial/test_extra_models/test_tutorial003.py _
ImportError while importing test module 'D:\repolens\fastapi\tests\test_tutorial\test_extra_models\test_tutorial003.py'.
Hint: make sure your test modules/packages have valid Python names.
Traceback:
C:\Users\user\AppData\Local\Programs\Python\Python310\lib\importlib\__init__.py:126: in import_module
    return _bootstrap._gcd_import(name[level:], package, level)
fastapi\tests\test_tutorial\test_extra_models\test_tutorial003.py:4: in <module>
    from fastapi.testclient import TestClient
E   ModuleNotFoundError: No module named 'fastapi.testclient'
_ ERROR collecting fastapi/tests/test_tutorial/test_extra_models/test_tutorial004.py _
ImportError while importing test module 'D:\repolens\fastapi\tests\test_tutorial\test_extra_models\test_tutorial004.py'.
Hint: make sure your test modules/packages have valid Python names.
Traceback:
C:\Users\user\AppData\Local\Programs\Python\Python310\lib\importlib\__init__.py:126: in import_module
    return _bootstrap._gcd_import(name[level:], package, level)
fastapi\tests\test_tutorial\test_extra_models\test_tutorial004.py:4: in <module>
    from fastapi.testclient import TestClient
E   ModuleNotFoundError: No module named 'fastapi.testclient'
_ ERROR collecting fastapi/tests/test_tutorial/test_extra_models/test_tutorial005.py _
ImportError while importing test module 'D:\repolens\fastapi\tests\test_tutorial\test_extra_models\test_tutorial005.py'.
Hint: make sure your test modules/packages have valid Python names.
Traceback:
C:\Users\user\AppData\Local\Programs\Python\Python310\lib\importlib\__init__.py:126: in import_module
    return _bootstrap._gcd_import(name[level:], package, level)
fastapi\tests\test_tutorial\test_extra_models\test_tutorial005.py:4: in <module>
    from fastapi.testclient import TestClient
E   ModuleNotFoundError: No module named 'fastapi.testclient'
_ ERROR collecting fastapi/tests/test_tutorial/test_first_steps/test_tutorial001_tutorial002_tutorial003.py _
ImportError while importing test module 'D:\repolens\fastapi\tests\test_tutorial\test_first_steps\test_tutorial001_tutorial002_tutorial003.py'.
Hint: make sure your test modules/packages have valid Python names.
Traceback:
C:\Users\user\AppData\Local\Programs\Python\Python310\lib\importlib\__init__.py:126: in import_module
    return _bootstrap._gcd_import(name[level:], package, level)
fastapi\tests\test_tutorial\test_first_steps\test_tutorial001_tutorial002_tutorial003.py:4: in <module>
    from fastapi.testclient import TestClient
E   ModuleNotFoundError: No module named 'fastapi.testclient'
_ ERROR collecting fastapi/tests/test_tutorial/test_generate_clients/test_tutorial001.py _
ImportError while importing test module 'D:\repolens\fastapi\tests\test_tutorial\test_generate_clients\test_tutorial001.py'.
Hint: make sure your test modules/packages have valid Python names.
Traceback:
C:\Users\user\AppData\Local\Programs\Python\Python310\lib\importlib\__init__.py:126: in import_module
    return _bootstrap._gcd_import(name[level:], package, level)
fastapi\tests\test_tutorial\test_generate_clients\test_tutorial001.py:4: in <module>
    from fastapi.testclient import TestClient
E   ModuleNotFoundError: No module named 'fastapi.testclient'
_ ERROR collecting fastapi/tests/test_tutorial/test_generate_clients/test_tutorial002.py _
ImportError while importing test module 'D:\repolens\fastapi\tests\test_tutorial\test_generate_clients\test_tutorial002.py'.
Hint: make sure your test modules/packages have valid Python names.
Traceback:
C:\Users\user\AppData\Local\Programs\Python\Python310\lib\importlib\__init__.py:126: in import_module
    return _bootstrap._gcd_import(name[level:], package, level)
fastapi\tests\test_tutorial\test_generate_clients\test_tutorial002.py:1: in <module>
    from fastapi.testclient import TestClient
E   ModuleNotFoundError: No module named 'fastapi.testclient'
_ ERROR collecting fastapi/tests/test_tutorial/test_generate_clients/test_tutorial003.py _
ImportError while importing test module 'D:\repolens\fastapi\tests\test_tutorial\test_generate_clients\test_tutorial003.py'.
Hint: make sure your test modules/packages have valid Python names.
Traceback:
C:\Users\user\AppData\Local\Programs\Python\Python310\lib\importlib\__init__.py:126: in import_module
    return _bootstrap._gcd_import(name[level:], package, level)
fastapi\tests\test_tutorial\test_generate_clients\test_tutorial003.py:1: in <module>
    from fastapi.testclient import TestClient
E   ModuleNotFoundError: No module named 'fastapi.testclient'
_ ERROR collecting fastapi/tests/test_tutorial/test_generate_clients/test_tutorial004.py _
ImportError while importing test module 'D:\repolens\fastapi\tests\test_tutorial\test_generate_clients\test_tutorial004.py'.
Hint: make sure your test modules/packages have valid Python names.
Traceback:
C:\Users\user\AppData\Local\Programs\Python\Python310\lib\importlib\__init__.py:126: in import_module
    return _bootstrap._gcd_import(name[level:], package, level)
fastapi\tests\test_tutorial\test_generate_clients\test_tutorial004.py:6: in <module>
    from inline_snapshot import snapshot
E   ModuleNotFoundError: No module named 'inline_snapshot'
_ ERROR collecting fastapi/tests/test_tutorial/test_graphql/test_tutorial001.py _
ImportError while importing test module 'D:\repolens\fastapi\tests\test_tutorial\test_graphql\test_tutorial001.py'.
Hint: make sure your test modules/packages have valid Python names.
Traceback:
C:\Users\user\AppData\Local\Programs\Python\Python310\lib\importlib\__init__.py:126: in import_module
    return _bootstrap._gcd_import(name[level:], package, level)
fastapi\tests\test_tutorial\test_graphql\test_tutorial001.py:4: in <module>
    from inline_snapshot import snapshot
E   ModuleNotFoundError: No module named 'inline_snapshot'
_ ERROR collecting fastapi/tests/test_tutorial/test_handling_errors/test_tutorial001.py _
ImportError while importing test module 'D:\repolens\fastapi\tests\test_tutorial\test_handling_errors\test_tutorial001.py'.
Hint: make sure your test modules/packages have valid Python names.
Traceback:
C:\Users\user\AppData\Local\Programs\Python\Python310\lib\importlib\__init__.py:126: in import_module
    return _bootstrap._gcd_import(name[level:], package, level)
fastapi\tests\test_tutorial\test_handling_errors\test_tutorial001.py:1: in <module>
    from fastapi.testclient import TestClient
E   ModuleNotFoundError: No module named 'fastapi.testclient'
_ ERROR collecting fastapi/tests/test_tutorial/test_handling_errors/test_tutorial002.py _
ImportError while importing test module 'D:\repolens\fastapi\tests\test_tutorial\test_handling_errors\test_tutorial002.py'.
Hint: make sure your test modules/packages have valid Python names.
Traceback:
C:\Users\user\AppData\Local\Programs\Python\Python310\lib\importlib\__init__.py:126: in import_module
    return _bootstrap._gcd_import(name[level:], package, level)
fastapi\tests\test_tutorial\test_handling_errors\test_tutorial002.py:1: in <module>
    from fastapi.testclient import TestClient
E   ModuleNotFoundError: No module named 'fastapi.testclient'
_ ERROR collecting fastapi/tests/test_tutorial/test_handling_errors/test_tutorial003.py _
ImportError while importing test module 'D:\repolens\fastapi\tests\test_tutorial\test_handling_errors\test_tutorial003.py'.
Hint: make sure your test modules/packages have valid Python names.
Traceback:
C:\Users\user\AppData\Local\Programs\Python\Python310\lib\importlib\__init__.py:126: in import_module
    return _bootstrap._gcd_import(name[level:], package, level)
fastapi\tests\test_tutorial\test_handling_errors\test_tutorial003.py:1: in <module>
    from fastapi.testclient import TestClient
E   ModuleNotFoundError: No module named 'fastapi.testclient'
_ ERROR collecting fastapi/tests/test_tutorial/test_handling_errors/test_tutorial004.py _
ImportError while importing test module 'D:\repolens\fastapi\tests\test_tutorial\test_handling_errors\test_tutorial004.py'.
Hint: make sure your test modules/packages have valid Python names.
Traceback:
C:\Users\user\AppData\Local\Programs\Python\Python310\lib\importlib\__init__.py:126: in import_module
    return _bootstrap._gcd_import(name[level:], package, level)
fastapi\tests\test_tutorial\test_handling_errors\test_tutorial004.py:1: in <module>
    from fastapi.testclient import TestClient
E   ModuleNotFoundError: No module named 'fastapi.testclient'
_ ERROR collecting fastapi/tests/test_tutorial/test_handling_errors/test_tutorial005.py _
ImportError while importing test module 'D:\repolens\fastapi\tests\test_tutorial\test_handling_errors\test_tutorial005.py'.
Hint: make sure your test modules/packages have valid Python names.
Traceback:
C:\Users\user\AppData\Local\Programs\Python\Python310\lib\importlib\__init__.py:126: in import_module
    return _bootstrap._gcd_import(name[level:], package, level)
fastapi\tests\test_tutorial\test_handling_errors\test_tutorial005.py:1: in <module>
    from fastapi.testclient import TestClient
E   ModuleNotFoundError: No module named 'fastapi.testclient'
_ ERROR collecting fastapi/tests/test_tutorial/test_handling_errors/test_tutorial006.py _
ImportError while importing test module 'D:\repolens\fastapi\tests\test_tutorial\test_handling_errors\test_tutorial006.py'.
Hint: make sure your test modules/packages have valid Python names.
Traceback:
C:\Users\user\AppData\Local\Programs\Python\Python310\lib\importlib\__init__.py:126: in import_module
    return _bootstrap._gcd_import(name[level:], package, level)
fastapi\tests\test_tutorial\test_handling_errors\test_tutorial006.py:1: in <module>
    from fastapi.testclient import TestClient
E   ModuleNotFoundError: No module named 'fastapi.testclient'
_ ERROR collecting fastapi/tests/test_tutorial/test_header_param_models/test_tutorial001.py _
ImportError while importing test module 'D:\repolens\fastapi\tests\test_tutorial\test_header_param_models\test_tutorial001.py'.
Hint: make sure your test modules/packages have valid Python names.
Traceback:
C:\Users\user\AppData\Local\Programs\Python\Python310\lib\importlib\__init__.py:126: in import_module
    return _bootstrap._gcd_import(name[level:], package, level)
fastapi\tests\test_tutorial\test_header_param_models\test_tutorial001.py:4: in <module>
    from dirty_equals import IsOneOf
E   ModuleNotFoundError: No module named 'dirty_equals'
_ ERROR collecting fastapi/tests/test_tutorial/test_header_param_models/test_tutorial002.py _
ImportError while importing test module 'D:\repolens\fastapi\tests\test_tutorial\test_header_param_models\test_tutorial002.py'.
Hint: make sure your test modules/packages have valid Python names.
Traceback:
C:\Users\user\AppData\Local\Programs\Python\Python310\lib\importlib\__init__.py:126: in import_module
    return _bootstrap._gcd_import(name[level:], package, level)
fastapi\tests\test_tutorial\test_header_param_models\test_tutorial002.py:4: in <module>
    from fastapi.testclient import TestClient
E   ModuleNotFoundError: No module named 'fastapi.testclient'
_ ERROR collecting fastapi/tests/test_tutorial/test_header_param_models/test_tutorial003.py _
ImportError while importing test module 'D:\repolens\fastapi\tests\test_tutorial\test_header_param_models\test_tutorial003.py'.
Hint: make sure your test modules/packages have valid Python names.
Traceback:
C:\Users\user\AppData\Local\Programs\Python\Python310\lib\importlib\__init__.py:126: in import_module
    return _bootstrap._gcd_import(name[level:], package, level)
fastapi\tests\test_tutorial\test_header_param_models\test_tutorial003.py:4: in <module>
    from dirty_equals import IsOneOf
E   ModuleNotFoundError: No module named 'dirty_equals'
_ ERROR collecting fastapi/tests/test_tutorial/test_header_params/test_tutorial001.py _
ImportError while importing test module 'D:\repolens\fastapi\tests\test_tutorial\test_header_params\test_tutorial001.py'.
Hint: make sure your test modules/packages have valid Python names.
Traceback:
C:\Users\user\AppData\Local\Programs\Python\Python310\lib\importlib\__init__.py:126: in import_module
    return _bootstrap._gcd_import(name[level:], package, level)
fastapi\tests\test_tutorial\test_header_params\test_tutorial001.py:4: in <module>
    from fastapi.testclient import TestClient
E   ModuleNotFoundError: No module named 'fastapi.testclient'
_ ERROR collecting fastapi/tests/test_tutorial/test_header_params/test_tutorial002.py _
ImportError while importing test module 'D:\repolens\fastapi\tests\test_tutorial\test_header_params\test_tutorial002.py'.
Hint: make sure your test modules/packages have valid Python names.
Traceback:
C:\Users\user\AppData\Local\Programs\Python\Python310\lib\importlib\__init__.py:126: in import_module
    return _bootstrap._gcd_import(name[level:], package, level)
fastapi\tests\test_tutorial\test_header_params\test_tutorial002.py:4: in <module>
    from fastapi.testclient import TestClient
E   ModuleNotFoundError: No module named 'fastapi.testclient'
_ ERROR collecting fastapi/tests/test_tutorial/test_header_params/test_tutorial003.py _
ImportError while importing test module 'D:\repolens\fastapi\tests\test_tutorial\test_header_params\test_tutorial003.py'.
Hint: make sure your test modules/packages have valid Python names.
Traceback:
C:\Users\user\AppData\Local\Programs\Python\Python310\lib\importlib\__init__.py:126: in import_module
    return _bootstrap._gcd_import(name[level:], package, level)
fastapi\tests\test_tutorial\test_header_params\test_tutorial003.py:4: in <module>
    from fastapi.testclient import TestClient
E   ModuleNotFoundError: No module named 'fastapi.testclient'
_ ERROR collecting fastapi/tests/test_tutorial/test_json_base64_bytes/test_tutorial001.py _
ImportError while importing test module 'D:\repolens\fastapi\tests\test_tutorial\test_json_base64_bytes\test_tutorial001.py'.
Hint: make sure your test modules/packages have valid Python names.
Traceback:
C:\Users\user\AppData\Local\Programs\Python\Python310\lib\importlib\__init__.py:126: in import_module
    return _bootstrap._gcd_import(name[level:], package, level)
fastapi\tests\test_tutorial\test_json_base64_bytes\test_tutorial001.py:4: in <module>
    from fastapi.testclient import TestClient
E   ModuleNotFoundError: No module named 'fastapi.testclient'
_ ERROR collecting fastapi/tests/test_tutorial/test_metadata/test_tutorial001.py _
ImportError while importing test module 'D:\repolens\fastapi\tests\test_tutorial\test_metadata\test_tutorial001.py'.
Hint: make sure your test modules/packages have valid Python names.
Traceback:
C:\Users\user\AppData\Local\Programs\Python\Python310\lib\importlib\__init__.py:126: in import_module
    return _bootstrap._gcd_import(name[level:], package, level)
fastapi\tests\test_tutorial\test_metadata\test_tutorial001.py:1: in <module>
    from fastapi.testclient import TestClient
E   ModuleNotFoundError: No module named 'fastapi.testclient'
_ ERROR collecting fastapi/tests/test_tutorial/test_metadata/test_tutorial001_1.py _
ImportError while importing test module 'D:\repolens\fastapi\tests\test_tutorial\test_metadata\test_tutorial001_1.py'.
Hint: make sure your test modules/packages have valid Python names.
Traceback:
C:\Users\user\AppData\Local\Programs\Python\Python310\lib\importlib\__init__.py:126: in import_module
    return _bootstrap._gcd_import(name[level:], package, level)
fastapi\tests\test_tutorial\test_metadata\test_tutorial001_1.py:1: in <module>
    from fastapi.testclient import TestClient
E   ModuleNotFoundError: No module named 'fastapi.testclient'
_ ERROR collecting fastapi/tests/test_tutorial/test_metadata/test_tutorial002.py _
ImportError while importing test module 'D:\repolens\fastapi\tests\test_tutorial\test_metadata\test_tutorial002.py'.
Hint: make sure your test modules/packages have valid Python names.
Traceback:
C:\Users\user\AppData\Local\Programs\Python\Python310\lib\importlib\__init__.py:126: in import_module
    return _bootstrap._gcd_import(name[level:], package, level)
fastapi\tests\test_tutorial\test_metadata\test_tutorial002.py:1: in <module>
    from fastapi.testclient import TestClient
E   ModuleNotFoundError: No module named 'fastapi.testclient'
_ ERROR collecting fastapi/tests/test_tutorial/test_metadata/test_tutorial003.py _
ImportError while importing test module 'D:\repolens\fastapi\tests\test_tutorial\test_metadata\test_tutorial003.py'.
Hint: make sure your test modules/packages have valid Python names.
Traceback:
C:\Users\user\AppData\Local\Programs\Python\Python310\lib\importlib\__init__.py:126: in import_module
    return _bootstrap._gcd_import(name[level:], package, level)
fastapi\tests\test_tutorial\test_metadata\test_tutorial003.py:1: in <module>
    from fastapi.testclient import TestClient
E   ModuleNotFoundError: No module named 'fastapi.testclient'
_ ERROR collecting fastapi/tests/test_tutorial/test_metadata/test_tutorial004.py _
ImportError while importing test module 'D:\repolens\fastapi\tests\test_tutorial\test_metadata\test_tutorial004.py'.
Hint: make sure your test modules/packages have valid Python names.
Traceback:
C:\Users\user\AppData\Local\Programs\Python\Python310\lib\importlib\__init__.py:126: in import_module
    return _bootstrap._gcd_import(name[level:], package, level)
fastapi\tests\test_tutorial\test_metadata\test_tutorial004.py:1: in <module>
    from fastapi.testclient import TestClient
E   ModuleNotFoundError: No module named 'fastapi.testclient'
_ ERROR collecting fastapi/tests/test_tutorial/test_middleware/test_tutorial001.py _
ImportError while importing test module 'D:\repolens\fastapi\tests\test_tutorial\test_middleware\test_tutorial001.py'.
Hint: make sure your test modules/packages have valid Python names.
Traceback:
C:\Users\user\AppData\Local\Programs\Python\Python310\lib\importlib\__init__.py:126: in import_module
    return _bootstrap._gcd_import(name[level:], package, level)
fastapi\tests\test_tutorial\test_middleware\test_tutorial001.py:1: in <module>
    from fastapi.testclient import TestClient
E   ModuleNotFoundError: No module named 'fastapi.testclient'
_ ERROR collecting fastapi/tests/test_tutorial/test_openapi_callbacks/test_tutorial001.py _
ImportError while importing test module 'D:\repolens\fastapi\tests\test_tutorial\test_openapi_callbacks\test_tutorial001.py'.
Hint: make sure your test modules/packages have valid Python names.
Traceback:
C:\Users\user\AppData\Local\Programs\Python\Python310\lib\importlib\__init__.py:126: in import_module
    return _bootstrap._gcd_import(name[level:], package, level)
fastapi\tests\test_tutorial\test_openapi_callbacks\test_tutorial001.py:5: in <module>
    from fastapi.testclient import TestClient
E   ModuleNotFoundError: No module named 'fastapi.testclient'
_ ERROR collecting fastapi/tests/test_tutorial/test_openapi_webhooks/test_tutorial001.py _
ImportError while importing test module 'D:\repolens\fastapi\tests\test_tutorial\test_openapi_webhooks\test_tutorial001.py'.
Hint: make sure your test modules/packages have valid Python names.
Traceback:
C:\Users\user\AppData\Local\Programs\Python\Python310\lib\importlib\__init__.py:126: in import_module
    return _bootstrap._gcd_import(name[level:], package, level)
fastapi\tests\test_tutorial\test_openapi_webhooks\test_tutorial001.py:1: in <module>
    from fastapi.routing import APIRoute
E   ModuleNotFoundError: No module named 'fastapi.routing'
_ ERROR collecting fastapi/tests/test_tutorial/test_path_operation_advanced_configurations/test_tutorial001.py _
ImportError while importing test module 'D:\repolens\fastapi\tests\test_tutorial\test_path_operation_advanced_configurations\test_tutorial001.py'.
Hint: make sure your test modules/packages have valid Python names.
Traceback:
C:\Users\user\AppData\Local\Programs\Python\Python310\lib\importlib\__init__.py:126: in import_module
    return _bootstrap._gcd_import(name[level:], package, level)
fastapi\tests\test_tutorial\test_path_operation_advanced_configurations\test_tutorial001.py:1: in <module>
    from fastapi.testclient import TestClient
E   ModuleNotFoundError: No module named 'fastapi.testclient'
_ ERROR collecting fastapi/tests/test_tutorial/test_path_operation_advanced_configurations/test_tutorial002.py _
ImportError while importing test module 'D:\repolens\fastapi\tests\test_tutorial\test_path_operation_advanced_configurations\test_tutorial002.py'.
Hint: make sure your test modules/packages have valid Python names.
Traceback:
C:\Users\user\AppData\Local\Programs\Python\Python310\lib\importlib\__init__.py:126: in import_module
    return _bootstrap._gcd_import(name[level:], package, level)
fastapi\tests\test_tutorial\test_path_operation_advanced_configurations\test_tutorial002.py:1: in <module>
    from fastapi.testclient import TestClient
E   ModuleNotFoundError: No module named 'fastapi.testclient'
_ ERROR collecting fastapi/tests/test_tutorial/test_path_operation_advanced_configurations/test_tutorial003.py _
ImportError while importing test module 'D:\repolens\fastapi\tests\test_tutorial\test_path_operation_advanced_configurations\test_tutorial003.py'.
Hint: make sure your test modules/packages have valid Python names.
Traceback:
C:\Users\user\AppData\Local\Programs\Python\Python310\lib\importlib\__init__.py:126: in import_module
    return _bootstrap._gcd_import(name[level:], package, level)
fastapi\tests\test_tutorial\test_path_operation_advanced_configurations\test_tutorial003.py:1: in <module>
    from fastapi.testclient import TestClient
E   ModuleNotFoundError: No module named 'fastapi.testclient'
_ ERROR collecting fastapi/tests/test_tutorial/test_path_operation_advanced_configurations/test_tutorial004.py _
ImportError while importing test module 'D:\repolens\fastapi\tests\test_tutorial\test_path_operation_advanced_configurations\test_tutorial004.py'.
Hint: make sure your test modules/packages have valid Python names.
Traceback:
C:\Users\user\AppData\Local\Programs\Python\Python310\lib\importlib\__init__.py:126: in import_module
    return _bootstrap._gcd_import(name[level:], package, level)
fastapi\tests\test_tutorial\test_path_operation_advanced_configurations\test_tutorial004.py:4: in <module>
    from fastapi.testclient import TestClient
E   ModuleNotFoundError: No module named 'fastapi.testclient'
_ ERROR collecting fastapi/tests/test_tutorial/test_path_operation_advanced_configurations/test_tutorial005.py _
ImportError while importing test module 'D:\repolens\fastapi\tests\test_tutorial\test_path_operation_advanced_configurations\test_tutorial005.py'.
Hint: make sure your test modules/packages have valid Python names.
Traceback:
C:\Users\user\AppData\Local\Programs\Python\Python310\lib\importlib\__init__.py:126: in import_module
    return _bootstrap._gcd_import(name[level:], package, level)
fastapi\tests\test_tutorial\test_path_operation_advanced_configurations\test_tutorial005.py:1: in <module>
    from fastapi.testclient import TestClient
E   ModuleNotFoundError: No module named 'fastapi.testclient'
_ ERROR collecting fastapi/tests/test_tutorial/test_path_operation_advanced_configurations/test_tutorial006.py _
ImportError while importing test module 'D:\repolens\fastapi\tests\test_tutorial\test_path_operation_advanced_configurations\test_tutorial006.py'.
Hint: make sure your test modules/packages have valid Python names.
Traceback:
C:\Users\user\AppData\Local\Programs\Python\Python310\lib\importlib\__init__.py:126: in import_module
    return _bootstrap._gcd_import(name[level:], package, level)
fastapi\tests\test_tutorial\test_path_operation_advanced_configurations\test_tutorial006.py:1: in <module>
    from fastapi.testclient import TestClient
E   ModuleNotFoundError: No module named 'fastapi.testclient'
_ ERROR collecting fastapi/tests/test_tutorial/test_path_operation_advanced_configurations/test_tutorial007.py _
ImportError while importing test module 'D:\repolens\fastapi\tests\test_tutorial\test_path_operation_advanced_configurations\test_tutorial007.py'.
Hint: make sure your test modules/packages have valid Python names.
Traceback:
C:\Users\user\AppData\Local\Programs\Python\Python310\lib\importlib\__init__.py:126: in import_module
    return _bootstrap._gcd_import(name[level:], package, level)
fastapi\tests\test_tutorial\test_path_operation_advanced_configurations\test_tutorial007.py:4: in <module>
    from fastapi.testclient import TestClient
E   ModuleNotFoundError: No module named 'fastapi.testclient'
_ ERROR collecting fastapi/tests/test_tutorial/test_path_operation_configurations/test_tutorial001.py _
ImportError while importing test module 'D:\repolens\fastapi\tests\test_tutorial\test_path_operation_configurations\test_tutorial001.py'.
Hint: make sure your test modules/packages have valid Python names.
Traceback:
C:\Users\user\AppData\Local\Programs\Python\Python310\lib\importlib\__init__.py:126: in import_module
    return _bootstrap._gcd_import(name[level:], package, level)
fastapi\tests\test_tutorial\test_path_operation_configurations\test_tutorial001.py:4: in <module>
    from dirty_equals import IsList
E   ModuleNotFoundError: No module named 'dirty_equals'
_ ERROR collecting fastapi/tests/test_tutorial/test_path_operation_configurations/test_tutorial002.py _
ImportError while importing test module 'D:\repolens\fastapi\tests\test_tutorial\test_path_operation_configurations\test_tutorial002.py'.
Hint: make sure your test modules/packages have valid Python names.
Traceback:
C:\Users\user\AppData\Local\Programs\Python\Python310\lib\importlib\__init__.py:126: in import_module
    return _bootstrap._gcd_import(name[level:], package, level)
fastapi\tests\test_tutorial\test_path_operation_configurations\test_tutorial002.py:4: in <module>
    from dirty_equals import IsList
E   ModuleNotFoundError: No module named 'dirty_equals'
_ ERROR collecting fastapi/tests/test_tutorial/test_path_operation_configurations/test_tutorial002b.py _
ImportError while importing test module 'D:\repolens\fastapi\tests\test_tutorial\test_path_operation_configurations\test_tutorial002b.py'.
Hint: make sure your test modules/packages have valid Python names.
Traceback:
C:\Users\user\AppData\Local\Programs\Python\Python310\lib\importlib\__init__.py:126: in import_module
    return _bootstrap._gcd_import(name[level:], package, level)
fastapi\tests\test_tutorial\test_path_operation_configurations\test_tutorial002b.py:1: in <module>
    from fastapi.testclient import TestClient
E   ModuleNotFoundError: No module named 'fastapi.testclient'
_ ERROR collecting fastapi/tests/test_tutorial/test_path_operation_configurations/test_tutorial003_tutorial004.py _
ImportError while importing test module 'D:\repolens\fastapi\tests\test_tutorial\test_path_operation_configurations\test_tutorial003_tutorial004.py'.
Hint: make sure your test modules/packages have valid Python names.
Traceback:
C:\Users\user\AppData\Local\Programs\Python\Python310\lib\importlib\__init__.py:126: in import_module
    return _bootstrap._gcd_import(name[level:], package, level)
fastapi\tests\test_tutorial\test_path_operation_configurations\test_tutorial003_tutorial004.py:5: in <module>
    from dirty_equals import IsList
E   ModuleNotFoundError: No module named 'dirty_equals'
_ ERROR collecting fastapi/tests/test_tutorial/test_path_operation_configurations/test_tutorial005.py _
ImportError while importing test module 'D:\repolens\fastapi\tests\test_tutorial\test_path_operation_configurations\test_tutorial005.py'.
Hint: make sure your test modules/packages have valid Python names.
Traceback:
C:\Users\user\AppData\Local\Programs\Python\Python310\lib\importlib\__init__.py:126: in import_module
    return _bootstrap._gcd_import(name[level:], package, level)
fastapi\tests\test_tutorial\test_path_operation_configurations\test_tutorial005.py:4: in <module>
    from fastapi.testclient import TestClient
E   ModuleNotFoundError: No module named 'fastapi.testclient'
_ ERROR collecting fastapi/tests/test_tutorial/test_path_operation_configurations/test_tutorial006.py _
ImportError while importing test module 'D:\repolens\fastapi\tests\test_tutorial\test_path_operation_configurations\test_tutorial006.py'.
Hint: make sure your test modules/packages have valid Python names.
Traceback:
C:\Users\user\AppData\Local\Programs\Python\Python310\lib\importlib\__init__.py:126: in import_module
    return _bootstrap._gcd_import(name[level:], package, level)
fastapi\tests\test_tutorial\test_path_operation_configurations\test_tutorial006.py:2: in <module>
    from fastapi.testclient import TestClient
E   ModuleNotFoundError: No module named 'fastapi.testclient'
_ ERROR collecting fastapi/tests/test_tutorial/test_path_params/test_tutorial001.py _
ImportError while importing test module 'D:\repolens\fastapi\tests\test_tutorial\test_path_params\test_tutorial001.py'.
Hint: make sure your test modules/packages have valid Python names.
Traceback:
C:\Users\user\AppData\Local\Programs\Python\Python310\lib\importlib\__init__.py:126: in import_module
    return _bootstrap._gcd_import(name[level:], package, level)
fastapi\tests\test_tutorial\test_path_params\test_tutorial001.py:2: in <module>
    from fastapi.testclient import TestClient
E   ModuleNotFoundError: No module named 'fastapi.testclient'
_ ERROR collecting fastapi/tests/test_tutorial/test_path_params/test_tutorial002.py _
ImportError while importing test module 'D:\repolens\fastapi\tests\test_tutorial\test_path_params\test_tutorial002.py'.
Hint: make sure your test modules/packages have valid Python names.
Traceback:
C:\Users\user\AppData\Local\Programs\Python\Python310\lib\importlib\__init__.py:126: in import_module
    return _bootstrap._gcd_import(name[level:], package, level)
fastapi\tests\test_tutorial\test_path_params\test_tutorial002.py:1: in <module>
    from fastapi.testclient import TestClient
E   ModuleNotFoundError: No module named 'fastapi.testclient'
_ ERROR collecting fastapi/tests/test_tutorial/test_path_params/test_tutorial003.py _
ImportError while importing test module 'D:\repolens\fastapi\tests\test_tutorial\test_path_params\test_tutorial003.py'.
Hint: make sure your test modules/packages have valid Python names.
Traceback:
C:\Users\user\AppData\Local\Programs\Python\Python310\lib\importlib\__init__.py:126: in import_module
    return _bootstrap._gcd_import(name[level:], package, level)
fastapi\tests\test_tutorial\test_path_params\test_tutorial003.py:2: in <module>
    from fastapi.testclient import TestClient
E   ModuleNotFoundError: No module named 'fastapi.testclient'
_ ERROR collecting fastapi/tests/test_tutorial/test_path_params/test_tutorial003b.py _
ImportError while importing test module 'D:\repolens\fastapi\tests\test_tutorial\test_path_params\test_tutorial003b.py'.
Hint: make sure your test modules/packages have valid Python names.
Traceback:
C:\Users\user\AppData\Local\Programs\Python\Python310\lib\importlib\__init__.py:126: in import_module
    return _bootstrap._gcd_import(name[level:], package, level)
fastapi\tests\test_tutorial\test_path_params\test_tutorial003b.py:3: in <module>
    from fastapi.testclient import TestClient
E   ModuleNotFoundError: No module named 'fastapi.testclient'
_ ERROR collecting fastapi/tests/test_tutorial/test_path_params/test_tutorial004.py _
ImportError while importing test module 'D:\repolens\fastapi\tests\test_tutorial\test_path_params\test_tutorial004.py'.
Hint: make sure your test modules/packages have valid Python names.
Traceback:
C:\Users\user\AppData\Local\Programs\Python\Python310\lib\importlib\__init__.py:126: in import_module
    return _bootstrap._gcd_import(name[level:], package, level)
fastapi\tests\test_tutorial\test_path_params\test_tutorial004.py:1: in <module>
    from fastapi.testclient import TestClient
E   ModuleNotFoundError: No module named 'fastapi.testclient'
_ ERROR collecting fastapi/tests/test_tutorial/test_path_params/test_tutorial005.py _
ImportError while importing test module 'D:\repolens\fastapi\tests\test_tutorial\test_path_params\test_tutorial005.py'.
Hint: make sure your test modules/packages have valid Python names.
Traceback:
C:\Users\user\AppData\Local\Programs\Python\Python310\lib\importlib\__init__.py:126: in import_module
    return _bootstrap._gcd_import(name[level:], package, level)
fastapi\tests\test_tutorial\test_path_params\test_tutorial005.py:1: in <module>
    from fastapi.testclient import TestClient
E   ModuleNotFoundError: No module named 'fastapi.testclient'
_ ERROR collecting fastapi/tests/test_tutorial/test_path_params_numeric_validations/test_tutorial001.py _
ImportError while importing test module 'D:\repolens\fastapi\tests\test_tutorial\test_path_params_numeric_validations\test_tutorial001.py'.
Hint: make sure your test modules/packages have valid Python names.
Traceback:
C:\Users\user\AppData\Local\Programs\Python\Python310\lib\importlib\__init__.py:126: in import_module
    return _bootstrap._gcd_import(name[level:], package, level)
fastapi\tests\test_tutorial\test_path_params_numeric_validations\test_tutorial001.py:4: in <module>
    from fastapi.testclient import TestClient
E   ModuleNotFoundError: No module named 'fastapi.testclient'
_ ERROR collecting fastapi/tests/test_tutorial/test_path_params_numeric_validations/test_tutorial002_tutorial003.py _
ImportError while importing test module 'D:\repolens\fastapi\tests\test_tutorial\test_path_params_numeric_validations\test_tutorial002_tutorial003.py'.
Hint: make sure your test modules/packages have valid Python names.
Traceback:
C:\Users\user\AppData\Local\Programs\Python\Python310\lib\importlib\__init__.py:126: in import_module
    return _bootstrap._gcd_import(name[level:], package, level)
fastapi\tests\test_tutorial\test_path_params_numeric_validations\test_tutorial002_tutorial003.py:4: in <module>
    from fastapi.testclient import TestClient
E   ModuleNotFoundError: No module named 'fastapi.testclient'
_ ERROR collecting fastapi/tests/test_tutorial/test_path_params_numeric_validations/test_tutorial004.py _
ImportError while importing test module 'D:\repolens\fastapi\tests\test_tutorial\test_path_params_numeric_validations\test_tutorial004.py'.
Hint: make sure your test modules/packages have valid Python names.
Traceback:
C:\Users\user\AppData\Local\Programs\Python\Python310\lib\importlib\__init__.py:126: in import_module
    return _bootstrap._gcd_import(name[level:], package, level)
fastapi\tests\test_tutorial\test_path_params_numeric_validations\test_tutorial004.py:4: in <module>
    from fastapi.testclient import TestClient
E   ModuleNotFoundError: No module named 'fastapi.testclient'
_ ERROR collecting fastapi/tests/test_tutorial/test_path_params_numeric_validations/test_tutorial005.py _
ImportError while importing test module 'D:\repolens\fastapi\tests\test_tutorial\test_path_params_numeric_validations\test_tutorial005.py'.
Hint: make sure your test modules/packages have valid Python names.
Traceback:
C:\Users\user\AppData\Local\Programs\Python\Python310\lib\importlib\__init__.py:126: in import_module
    return _bootstrap._gcd_import(name[level:], package, level)
fastapi\tests\test_tutorial\test_path_params_numeric_validations\test_tutorial005.py:4: in <module>
    from fastapi.testclient import TestClient
E   ModuleNotFoundError: No module named 'fastapi.testclient'
_ ERROR collecting fastapi/tests/test_tutorial/test_path_params_numeric_validations/test_tutorial006.py _
ImportError while importing test module 'D:\repolens\fastapi\tests\test_tutorial\test_path_params_numeric_validations\test_tutorial006.py'.
Hint: make sure your test modules/packages have valid Python names.
Traceback:
C:\Users\user\AppData\Local\Programs\Python\Python310\lib\importlib\__init__.py:126: in import_module
    return _bootstrap._gcd_import(name[level:], package, level)
fastapi\tests\test_tutorial\test_path_params_numeric_validations\test_tutorial006.py:4: in <module>
    from fastapi.testclient import TestClient
E   ModuleNotFoundError: No module named 'fastapi.testclient'
_ ERROR collecting fastapi/tests/test_tutorial/test_query_param_models/test_tutorial001.py _
ImportError while importing test module 'D:\repolens\fastapi\tests\test_tutorial\test_query_param_models\test_tutorial001.py'.
Hint: make sure your test modules/packages have valid Python names.
Traceback:
C:\Users\user\AppData\Local\Programs\Python\Python310\lib\importlib\__init__.py:126: in import_module
    return _bootstrap._gcd_import(name[level:], package, level)
fastapi\tests\test_tutorial\test_query_param_models\test_tutorial001.py:4: in <module>
    from fastapi.testclient import TestClient
E   ModuleNotFoundError: No module named 'fastapi.testclient'
_ ERROR collecting fastapi/tests/test_tutorial/test_query_param_models/test_tutorial002.py _
ImportError while importing test module 'D:\repolens\fastapi\tests\test_tutorial\test_query_param_models\test_tutorial002.py'.
Hint: make sure your test modules/packages have valid Python names.
Traceback:
C:\Users\user\AppData\Local\Programs\Python\Python310\lib\importlib\__init__.py:126: in import_module
    return _bootstrap._gcd_import(name[level:], package, level)
fastapi\tests\test_tutorial\test_query_param_models\test_tutorial002.py:4: in <module>
    from fastapi.testclient import TestClient
E   ModuleNotFoundError: No module named 'fastapi.testclient'
_ ERROR collecting fastapi/tests/test_tutorial/test_query_params/test_tutorial001.py _
ImportError while importing test module 'D:\repolens\fastapi\tests\test_tutorial\test_query_params\test_tutorial001.py'.
Hint: make sure your test modules/packages have valid Python names.
Traceback:
C:\Users\user\AppData\Local\Programs\Python\Python310\lib\importlib\__init__.py:126: in import_module
    return _bootstrap._gcd_import(name[level:], package, level)
fastapi\tests\test_tutorial\test_query_params\test_tutorial001.py:4: in <module>
    from fastapi.testclient import TestClient
E   ModuleNotFoundError: No module named 'fastapi.testclient'
_ ERROR collecting fastapi/tests/test_tutorial/test_query_params/test_tutorial002.py _
ImportError while importing test module 'D:\repolens\fastapi\tests\test_tutorial\test_query_params\test_tutorial002.py'.
Hint: make sure your test modules/packages have valid Python names.
Traceback:
C:\Users\user\AppData\Local\Programs\Python\Python310\lib\importlib\__init__.py:126: in import_module
    return _bootstrap._gcd_import(name[level:], package, level)
fastapi\tests\test_tutorial\test_query_params\test_tutorial002.py:4: in <module>
    from fastapi.testclient import TestClient
E   ModuleNotFoundError: No module named 'fastapi.testclient'
_ ERROR collecting fastapi/tests/test_tutorial/test_query_params/test_tutorial003.py _
ImportError while importing test module 'D:\repolens\fastapi\tests\test_tutorial\test_query_params\test_tutorial003.py'.
Hint: make sure your test modules/packages have valid Python names.
Traceback:
C:\Users\user\AppData\Local\Programs\Python\Python310\lib\importlib\__init__.py:126: in import_module
    return _bootstrap._gcd_import(name[level:], package, level)
fastapi\tests\test_tutorial\test_query_params\test_tutorial003.py:4: in <module>
    from fastapi.testclient import TestClient
E   ModuleNotFoundError: No module named 'fastapi.testclient'
_ ERROR collecting fastapi/tests/test_tutorial/test_query_params/test_tutorial004.py _
ImportError while importing test module 'D:\repolens\fastapi\tests\test_tutorial\test_query_params\test_tutorial004.py'.
Hint: make sure your test modules/packages have valid Python names.
Traceback:
C:\Users\user\AppData\Local\Programs\Python\Python310\lib\importlib\__init__.py:126: in import_module
    return _bootstrap._gcd_import(name[level:], package, level)
fastapi\tests\test_tutorial\test_query_params\test_tutorial004.py:4: in <module>
    from fastapi.testclient import TestClient
E   ModuleNotFoundError: No module named 'fastapi.testclient'
_ ERROR collecting fastapi/tests/test_tutorial/test_query_params/test_tutorial005.py _
ImportError while importing test module 'D:\repolens\fastapi\tests\test_tutorial\test_query_params\test_tutorial005.py'.
Hint: make sure your test modules/packages have valid Python names.
Traceback:
C:\Users\user\AppData\Local\Programs\Python\Python310\lib\importlib\__init__.py:126: in import_module
    return _bootstrap._gcd_import(name[level:], package, level)
fastapi\tests\test_tutorial\test_query_params\test_tutorial005.py:1: in <module>
    from fastapi.testclient import TestClient
E   ModuleNotFoundError: No module named 'fastapi.testclient'
_ ERROR collecting fastapi/tests/test_tutorial/test_query_params/test_tutorial006.py _
ImportError while importing test module 'D:\repolens\fastapi\tests\test_tutorial\test_query_params\test_tutorial006.py'.
Hint: make sure your test modules/packages have valid Python names.
Traceback:
C:\Users\user\AppData\Local\Programs\Python\Python310\lib\importlib\__init__.py:126: in import_module
    return _bootstrap._gcd_import(name[level:], package, level)
fastapi\tests\test_tutorial\test_query_params\test_tutorial006.py:4: in <module>
    from fastapi.testclient import TestClient
E   ModuleNotFoundError: No module named 'fastapi.testclient'
_ ERROR collecting fastapi/tests/test_tutorial/test_query_params_str_validations/test_tutorial001.py _
ImportError while importing test module 'D:\repolens\fastapi\tests\test_tutorial\test_query_params_str_validations\test_tutorial001.py'.
Hint: make sure your test modules/packages have valid Python names.
Traceback:
C:\Users\user\AppData\Local\Programs\Python\Python310\lib\importlib\__init__.py:126: in import_module
    return _bootstrap._gcd_import(name[level:], package, level)
fastapi\tests\test_tutorial\test_query_params_str_validations\test_tutorial001.py:4: in <module>
    from fastapi.testclient import TestClient
E   ModuleNotFoundError: No module named 'fastapi.testclient'
_ ERROR collecting fastapi/tests/test_tutorial/test_query_params_str_validations/test_tutorial002.py _
ImportError while importing test module 'D:\repolens\fastapi\tests\test_tutorial\test_query_params_str_validations\test_tutorial002.py'.
Hint: make sure your test modules/packages have valid Python names.
Traceback:
C:\Users\user\AppData\Local\Programs\Python\Python310\lib\importlib\__init__.py:126: in import_module
    return _bootstrap._gcd_import(name[level:], package, level)
fastapi\tests\test_tutorial\test_query_params_str_validations\test_tutorial002.py:4: in <module>
    from fastapi.testclient import TestClient
E   ModuleNotFoundError: No module named 'fastapi.testclient'
_ ERROR collecting fastapi/tests/test_tutorial/test_query_params_str_validations/test_tutorial003.py _
ImportError while importing test module 'D:\repolens\fastapi\tests\test_tutorial\test_query_params_str_validations\test_tutorial003.py'.
Hint: make sure your test modules/packages have valid Python names.
Traceback:
C:\Users\user\AppData\Local\Programs\Python\Python310\lib\importlib\__init__.py:126: in import_module
    return _bootstrap._gcd_import(name[level:], package, level)
fastapi\tests\test_tutorial\test_query_params_str_validations\test_tutorial003.py:4: in <module>
    from fastapi.testclient import TestClient
E   ModuleNotFoundError: No module named 'fastapi.testclient'
_ ERROR collecting fastapi/tests/test_tutorial/test_query_params_str_validations/test_tutorial004.py _
ImportError while importing test module 'D:\repolens\fastapi\tests\test_tutorial\test_query_params_str_validations\test_tutorial004.py'.
Hint: make sure your test modules/packages have valid Python names.
Traceback:
C:\Users\user\AppData\Local\Programs\Python\Python310\lib\importlib\__init__.py:126: in import_module
    return _bootstrap._gcd_import(name[level:], package, level)
fastapi\tests\test_tutorial\test_query_params_str_validations\test_tutorial004.py:4: in <module>
    from fastapi.testclient import TestClient
E   ModuleNotFoundError: No module named 'fastapi.testclient'
_ ERROR collecting fastapi/tests/test_tutorial/test_query_params_str_validations/test_tutorial005.py _
ImportError while importing test module 'D:\repolens\fastapi\tests\test_tutorial\test_query_params_str_validations\test_tutorial005.py'.
Hint: make sure your test modules/packages have valid Python names.
Traceback:
C:\Users\user\AppData\Local\Programs\Python\Python310\lib\importlib\__init__.py:126: in import_module
    return _bootstrap._gcd_import(name[level:], package, level)
fastapi\tests\test_tutorial\test_query_params_str_validations\test_tutorial005.py:4: in <module>
    from fastapi.testclient import TestClient
E   ModuleNotFoundError: No module named 'fastapi.testclient'
_ ERROR collecting fastapi/tests/test_tutorial/test_query_params_str_validations/test_tutorial006.py _
ImportError while importing test module 'D:\repolens\fastapi\tests\test_tutorial\test_query_params_str_validations\test_tutorial006.py'.
Hint: make sure your test modules/packages have valid Python names.
Traceback:
C:\Users\user\AppData\Local\Programs\Python\Python310\lib\importlib\__init__.py:126: in import_module
    return _bootstrap._gcd_import(name[level:], package, level)
fastapi\tests\test_tutorial\test_query_params_str_validations\test_tutorial006.py:4: in <module>
    from fastapi.testclient import TestClient
E   ModuleNotFoundError: No module named 'fastapi.testclient'
_ ERROR collecting fastapi/tests/test_tutorial/test_query_params_str_validations/test_tutorial006c.py _
ImportError while importing test module 'D:\repolens\fastapi\tests\test_tutorial\test_query_params_str_validations\test_tutorial006c.py'.
Hint: make sure your test modules/packages have valid Python names.
Traceback:
C:\Users\user\AppData\Local\Programs\Python\Python310\lib\importlib\__init__.py:126: in import_module
    return _bootstrap._gcd_import(name[level:], package, level)
fastapi\tests\test_tutorial\test_query_params_str_validations\test_tutorial006c.py:4: in <module>
    from fastapi.testclient import TestClient
E   ModuleNotFoundError: No module named 'fastapi.testclient'
_ ERROR collecting fastapi/tests/test_tutorial/test_query_params_str_validations/test_tutorial007.py _
ImportError while importing test module 'D:\repolens\fastapi\tests\test_tutorial\test_query_params_str_validations\test_tutorial007.py'.
Hint: make sure your test modules/packages have valid Python names.
Traceback:
C:\Users\user\AppData\Local\Programs\Python\Python310\lib\importlib\__init__.py:126: in import_module
    return _bootstrap._gcd_import(name[level:], package, level)
fastapi\tests\test_tutorial\test_query_params_str_validations\test_tutorial007.py:4: in <module>
    from fastapi.testclient import TestClient
E   ModuleNotFoundError: No module named 'fastapi.testclient'
_ ERROR collecting fastapi/tests/test_tutorial/test_query_params_str_validations/test_tutorial008.py _
ImportError while importing test module 'D:\repolens\fastapi\tests\test_tutorial\test_query_params_str_validations\test_tutorial008.py'.
Hint: make sure your test modules/packages have valid Python names.
Traceback:
C:\Users\user\AppData\Local\Programs\Python\Python310\lib\importlib\__init__.py:126: in import_module
    return _bootstrap._gcd_import(name[level:], package, level)
fastapi\tests\test_tutorial\test_query_params_str_validations\test_tutorial008.py:4: in <module>
    from fastapi.testclient import TestClient
E   ModuleNotFoundError: No module named 'fastapi.testclient'
_ ERROR collecting fastapi/tests/test_tutorial/test_query_params_str_validations/test_tutorial009.py _
ImportError while importing test module 'D:\repolens\fastapi\tests\test_tutorial\test_query_params_str_validations\test_tutorial009.py'.
Hint: make sure your test modules/packages have valid Python names.
Traceback:
C:\Users\user\AppData\Local\Programs\Python\Python310\lib\importlib\__init__.py:126: in import_module
    return _bootstrap._gcd_import(name[level:], package, level)
fastapi\tests\test_tutorial\test_query_params_str_validations\test_tutorial009.py:4: in <module>
    from fastapi.testclient import TestClient
E   ModuleNotFoundError: No module named 'fastapi.testclient'
_ ERROR collecting fastapi/tests/test_tutorial/test_query_params_str_validations/test_tutorial010.py _
ImportError while importing test module 'D:\repolens\fastapi\tests\test_tutorial\test_query_params_str_validations\test_tutorial010.py'.
Hint: make sure your test modules/packages have valid Python names.
Traceback:
C:\Users\user\AppData\Local\Programs\Python\Python310\lib\importlib\__init__.py:126: in import_module
    return _bootstrap._gcd_import(name[level:], package, level)
fastapi\tests\test_tutorial\test_query_params_str_validations\test_tutorial010.py:4: in <module>
    from fastapi._compat import PYDANTIC_VERSION_MINOR_TUPLE
E   ModuleNotFoundError: No module named 'fastapi._compat'
_ ERROR collecting fastapi/tests/test_tutorial/test_query_params_str_validations/test_tutorial011.py _
ImportError while importing test module 'D:\repolens\fastapi\tests\test_tutorial\test_query_params_str_validations\test_tutorial011.py'.
Hint: make sure your test modules/packages have valid Python names.
Traceback:
C:\Users\user\AppData\Local\Programs\Python\Python310\lib\importlib\__init__.py:126: in import_module
    return _bootstrap._gcd_import(name[level:], package, level)
fastapi\tests\test_tutorial\test_query_params_str_validations\test_tutorial011.py:4: in <module>
    from fastapi.testclient import TestClient
E   ModuleNotFoundError: No module named 'fastapi.testclient'
_ ERROR collecting fastapi/tests/test_tutorial/test_query_params_str_validations/test_tutorial012.py _
ImportError while importing test module 'D:\repolens\fastapi\tests\test_tutorial\test_query_params_str_validations\test_tutorial012.py'.
Hint: make sure your test modules/packages have valid Python names.
Traceback:
C:\Users\user\AppData\Local\Programs\Python\Python310\lib\importlib\__init__.py:126: in import_module
    return _bootstrap._gcd_import(name[level:], package, level)
fastapi\tests\test_tutorial\test_query_params_str_validations\test_tutorial012.py:4: in <module>
    from fastapi.testclient import TestClient
E   ModuleNotFoundError: No module named 'fastapi.testclient'
_ ERROR collecting fastapi/tests/test_tutorial/test_query_params_str_validations/test_tutorial013.py _
ImportError while importing test module 'D:\repolens\fastapi\tests\test_tutorial\test_query_params_str_validations\test_tutorial013.py'.
Hint: make sure your test modules/packages have valid Python names.
Traceback:
C:\Users\user\AppData\Local\Programs\Python\Python310\lib\importlib\__init__.py:126: in import_module
    return _bootstrap._gcd_import(name[level:], package, level)
fastapi\tests\test_tutorial\test_query_params_str_validations\test_tutorial013.py:4: in <module>
    from fastapi.testclient import TestClient
E   ModuleNotFoundError: No module named 'fastapi.testclient'
_ ERROR collecting fastapi/tests/test_tutorial/test_query_params_str_validations/test_tutorial014.py _
ImportError while importing test module 'D:\repolens\fastapi\tests\test_tutorial\test_query_params_str_validations\test_tutorial014.py'.
Hint: make sure your test modules/packages have valid Python names.
Traceback:
C:\Users\user\AppData\Local\Programs\Python\Python310\lib\importlib\__init__.py:126: in import_module
    return _bootstrap._gcd_import(name[level:], package, level)
fastapi\tests\test_tutorial\test_query_params_str_validations\test_tutorial014.py:4: in <module>
    from fastapi.testclient import TestClient
E   ModuleNotFoundError: No module named 'fastapi.testclient'
_ ERROR collecting fastapi/tests/test_tutorial/test_query_params_str_validations/test_tutorial015.py _
ImportError while importing test module 'D:\repolens\fastapi\tests\test_tutorial\test_query_params_str_validations\test_tutorial015.py'.
Hint: make sure your test modules/packages have valid Python names.
Traceback:
C:\Users\user\AppData\Local\Programs\Python\Python310\lib\importlib\__init__.py:126: in import_module
    return _bootstrap._gcd_import(name[level:], package, level)
fastapi\tests\test_tutorial\test_query_params_str_validations\test_tutorial015.py:4: in <module>
    from dirty_equals import IsStr
E   ModuleNotFoundError: No module named 'dirty_equals'
_ ERROR collecting fastapi/tests/test_tutorial/test_request_files/test_tutorial001.py _
ImportError while importing test module 'D:\repolens\fastapi\tests\test_tutorial\test_request_files\test_tutorial001.py'.
Hint: make sure your test modules/packages have valid Python names.
Traceback:
C:\Users\user\AppData\Local\Programs\Python\Python310\lib\importlib\__init__.py:126: in import_module
    return _bootstrap._gcd_import(name[level:], package, level)
fastapi\tests\test_tutorial\test_request_files\test_tutorial001.py:4: in <module>
    from fastapi.testclient import TestClient
E   ModuleNotFoundError: No module named 'fastapi.testclient'
_ ERROR collecting fastapi/tests/test_tutorial/test_request_files/test_tutorial001_02.py _
ImportError while importing test module 'D:\repolens\fastapi\tests\test_tutorial\test_request_files\test_tutorial001_02.py'.
Hint: make sure your test modules/packages have valid Python names.
Traceback:
C:\Users\user\AppData\Local\Programs\Python\Python310\lib\importlib\__init__.py:126: in import_module
    return _bootstrap._gcd_import(name[level:], package, level)
fastapi\tests\test_tutorial\test_request_files\test_tutorial001_02.py:5: in <module>
    from fastapi.testclient import TestClient
E   ModuleNotFoundError: No module named 'fastapi.testclient'
_ ERROR collecting fastapi/tests/test_tutorial/test_request_files/test_tutorial001_03.py _
ImportError while importing test module 'D:\repolens\fastapi\tests\test_tutorial\test_request_files\test_tutorial001_03.py'.
Hint: make sure your test modules/packages have valid Python names.
Traceback:
C:\Users\user\AppData\Local\Programs\Python\Python310\lib\importlib\__init__.py:126: in import_module
    return _bootstrap._gcd_import(name[level:], package, level)
fastapi\tests\test_tutorial\test_request_files\test_tutorial001_03.py:4: in <module>
    from fastapi.testclient import TestClient
E   ModuleNotFoundError: No module named 'fastapi.testclient'
_ ERROR collecting fastapi/tests/test_tutorial/test_request_files/test_tutorial002.py _
ImportError while importing test module 'D:\repolens\fastapi\tests\test_tutorial\test_request_files\test_tutorial002.py'.
Hint: make sure your test modules/packages have valid Python names.
Traceback:
C:\Users\user\AppData\Local\Programs\Python\Python310\lib\importlib\__init__.py:126: in import_module
    return _bootstrap._gcd_import(name[level:], package, level)
fastapi\tests\test_tutorial\test_request_files\test_tutorial002.py:4: in <module>
    from fastapi import FastAPI
E   ImportError: cannot import name 'FastAPI' from 'fastapi' (unknown location)
_ ERROR collecting fastapi/tests/test_tutorial/test_request_files/test_tutorial003.py _
ImportError while importing test module 'D:\repolens\fastapi\tests\test_tutorial\test_request_files\test_tutorial003.py'.
Hint: make sure your test modules/packages have valid Python names.
Traceback:
C:\Users\user\AppData\Local\Programs\Python\Python310\lib\importlib\__init__.py:126: in import_module
    return _bootstrap._gcd_import(name[level:], package, level)
fastapi\tests\test_tutorial\test_request_files\test_tutorial003.py:4: in <module>
    from fastapi import FastAPI
E   ImportError: cannot import name 'FastAPI' from 'fastapi' (unknown location)
_ ERROR collecting fastapi/tests/test_tutorial/test_request_form_models/test_tutorial001.py _
ImportError while importing test module 'D:\repolens\fastapi\tests\test_tutorial\test_request_form_models\test_tutorial001.py'.
Hint: make sure your test modules/packages have valid Python names.
Traceback:
C:\Users\user\AppData\Local\Programs\Python\Python310\lib\importlib\__init__.py:126: in import_module
    return _bootstrap._gcd_import(name[level:], package, level)
fastapi\tests\test_tutorial\test_request_form_models\test_tutorial001.py:4: in <module>
    from fastapi.testclient import TestClient
E   ModuleNotFoundError: No module named 'fastapi.testclient'
_ ERROR collecting fastapi/tests/test_tutorial/test_request_form_models/test_tutorial002.py _
ImportError while importing test module 'D:\repolens\fastapi\tests\test_tutorial\test_request_form_models\test_tutorial002.py'.
Hint: make sure your test modules/packages have valid Python names.
Traceback:
C:\Users\user\AppData\Local\Programs\Python\Python310\lib\importlib\__init__.py:126: in import_module
    return _bootstrap._gcd_import(name[level:], package, level)
fastapi\tests\test_tutorial\test_request_form_models\test_tutorial002.py:4: in <module>
    from fastapi.testclient import TestClient
E   ModuleNotFoundError: No module named 'fastapi.testclient'
_ ERROR collecting fastapi/tests/test_tutorial/test_request_forms/test_tutorial001.py _
ImportError while importing test module 'D:\repolens\fastapi\tests\test_tutorial\test_request_forms\test_tutorial001.py'.
Hint: make sure your test modules/packages have valid Python names.
Traceback:
C:\Users\user\AppData\Local\Programs\Python\Python310\lib\importlib\__init__.py:126: in import_module
    return _bootstrap._gcd_import(name[level:], package, level)
fastapi\tests\test_tutorial\test_request_forms\test_tutorial001.py:4: in <module>
    from fastapi.testclient import TestClient
E   ModuleNotFoundError: No module named 'fastapi.testclient'
_ ERROR collecting fastapi/tests/test_tutorial/test_request_forms_and_files/test_tutorial001.py _
ImportError while importing test module 'D:\repolens\fastapi\tests\test_tutorial\test_request_forms_and_files\test_tutorial001.py'.
Hint: make sure your test modules/packages have valid Python names.
Traceback:
C:\Users\user\AppData\Local\Programs\Python\Python310\lib\importlib\__init__.py:126: in import_module
    return _bootstrap._gcd_import(name[level:], package, level)
fastapi\tests\test_tutorial\test_request_forms_and_files\test_tutorial001.py:4: in <module>
    from fastapi import FastAPI
E   ImportError: cannot import name 'FastAPI' from 'fastapi' (unknown location)
_ ERROR collecting fastapi/tests/test_tutorial/test_response_change_status_code/test_tutorial001.py _
ImportError while importing test module 'D:\repolens\fastapi\tests\test_tutorial\test_response_change_status_code\test_tutorial001.py'.
Hint: make sure your test modules/packages have valid Python names.
Traceback:
C:\Users\user\AppData\Local\Programs\Python\Python310\lib\importlib\__init__.py:126: in import_module
    return _bootstrap._gcd_import(name[level:], package, level)
fastapi\tests\test_tutorial\test_response_change_status_code\test_tutorial001.py:1: in <module>
    from fastapi.testclient import TestClient
E   ModuleNotFoundError: No module named 'fastapi.testclient'
_ ERROR collecting fastapi/tests/test_tutorial/test_response_cookies/test_tutorial001.py _
ImportError while importing test module 'D:\repolens\fastapi\tests\test_tutorial\test_response_cookies\test_tutorial001.py'.
Hint: make sure your test modules/packages have valid Python names.
Traceback:
C:\Users\user\AppData\Local\Programs\Python\Python310\lib\importlib\__init__.py:126: in import_module
    return _bootstrap._gcd_import(name[level:], package, level)
fastapi\tests\test_tutorial\test_response_cookies\test_tutorial001.py:1: in <module>
    from fastapi.testclient import TestClient
E   ModuleNotFoundError: No module named 'fastapi.testclient'
_ ERROR collecting fastapi/tests/test_tutorial/test_response_cookies/test_tutorial002.py _
ImportError while importing test module 'D:\repolens\fastapi\tests\test_tutorial\test_response_cookies\test_tutorial002.py'.
Hint: make sure your test modules/packages have valid Python names.
Traceback:
C:\Users\user\AppData\Local\Programs\Python\Python310\lib\importlib\__init__.py:126: in import_module
    return _bootstrap._gcd_import(name[level:], package, level)
fastapi\tests\test_tutorial\test_response_cookies\test_tutorial002.py:1: in <module>
    from fastapi.testclient import TestClient
E   ModuleNotFoundError: No module named 'fastapi.testclient'
_ ERROR collecting fastapi/tests/test_tutorial/test_response_directly/test_tutorial001.py _
ImportError while importing test module 'D:\repolens\fastapi\tests\test_tutorial\test_response_directly\test_tutorial001.py'.
Hint: make sure your test modules/packages have valid Python names.
Traceback:
C:\Users\user\AppData\Local\Programs\Python\Python310\lib\importlib\__init__.py:126: in import_module
    return _bootstrap._gcd_import(name[level:], package, level)
fastapi\tests\test_tutorial\test_response_directly\test_tutorial001.py:4: in <module>
    from fastapi.testclient import TestClient
E   ModuleNotFoundError: No module named 'fastapi.testclient'
_ ERROR collecting fastapi/tests/test_tutorial/test_response_directly/test_tutorial002.py _
ImportError while importing test module 'D:\repolens\fastapi\tests\test_tutorial\test_response_directly\test_tutorial002.py'.
Hint: make sure your test modules/packages have valid Python names.
Traceback:
C:\Users\user\AppData\Local\Programs\Python\Python310\lib\importlib\__init__.py:126: in import_module
    return _bootstrap._gcd_import(name[level:], package, level)
fastapi\tests\test_tutorial\test_response_directly\test_tutorial002.py:4: in <module>
    from fastapi.testclient import TestClient
E   ModuleNotFoundError: No module named 'fastapi.testclient'
_ ERROR collecting fastapi/tests/test_tutorial/test_response_headers/test_tutorial001.py _
ImportError while importing test module 'D:\repolens\fastapi\tests\test_tutorial\test_response_headers\test_tutorial001.py'.
Hint: make sure your test modules/packages have valid Python names.
Traceback:
C:\Users\user\AppData\Local\Programs\Python\Python310\lib\importlib\__init__.py:126: in import_module
    return _bootstrap._gcd_import(name[level:], package, level)
fastapi\tests\test_tutorial\test_response_headers\test_tutorial001.py:1: in <module>
    from fastapi.testclient import TestClient
E   ModuleNotFoundError: No module named 'fastapi.testclient'
_ ERROR collecting fastapi/tests/test_tutorial/test_response_headers/test_tutorial002.py _
ImportError while importing test module 'D:\repolens\fastapi\tests\test_tutorial\test_response_headers\test_tutorial002.py'.
Hint: make sure your test modules/packages have valid Python names.
Traceback:
C:\Users\user\AppData\Local\Programs\Python\Python310\lib\importlib\__init__.py:126: in import_module
    return _bootstrap._gcd_import(name[level:], package, level)
fastapi\tests\test_tutorial\test_response_headers\test_tutorial002.py:1: in <module>
    from fastapi.testclient import TestClient
E   ModuleNotFoundError: No module named 'fastapi.testclient'
_ ERROR collecting fastapi/tests/test_tutorial/test_response_model/test_tutorial001_tutorial001_01.py _
ImportError while importing test module 'D:\repolens\fastapi\tests\test_tutorial\test_response_model\test_tutorial001_tutorial001_01.py'.
Hint: make sure your test modules/packages have valid Python names.
Traceback:
C:\Users\user\AppData\Local\Programs\Python\Python310\lib\importlib\__init__.py:126: in import_module
    return _bootstrap._gcd_import(name[level:], package, level)
fastapi\tests\test_tutorial\test_response_model\test_tutorial001_tutorial001_01.py:4: in <module>
    from fastapi.testclient import TestClient
E   ModuleNotFoundError: No module named 'fastapi.testclient'
_ ERROR collecting fastapi/tests/test_tutorial/test_response_model/test_tutorial002.py _
ImportError while importing test module 'D:\repolens\fastapi\tests\test_tutorial\test_response_model\test_tutorial002.py'.
Hint: make sure your test modules/packages have valid Python names.
Traceback:
C:\Users\user\AppData\Local\Programs\Python\Python310\lib\importlib\__init__.py:126: in import_module
    return _bootstrap._gcd_import(name[level:], package, level)
fastapi\tests\test_tutorial\test_response_model\test_tutorial002.py:4: in <module>
    from fastapi.testclient import TestClient
E   ModuleNotFoundError: No module named 'fastapi.testclient'
_ ERROR collecting fastapi/tests/test_tutorial/test_response_model/test_tutorial003.py _
ImportError while importing test module 'D:\repolens\fastapi\tests\test_tutorial\test_response_model\test_tutorial003.py'.
Hint: make sure your test modules/packages have valid Python names.
Traceback:
C:\Users\user\AppData\Local\Programs\Python\Python310\lib\importlib\__init__.py:126: in import_module
    return _bootstrap._gcd_import(name[level:], package, level)
fastapi\tests\test_tutorial\test_response_model\test_tutorial003.py:4: in <module>
    from fastapi.testclient import TestClient
E   ModuleNotFoundError: No module named 'fastapi.testclient'
_ ERROR collecting fastapi/tests/test_tutorial/test_response_model/test_tutorial003_01.py _
ImportError while importing test module 'D:\repolens\fastapi\tests\test_tutorial\test_response_model\test_tutorial003_01.py'.
Hint: make sure your test modules/packages have valid Python names.
Traceback:
C:\Users\user\AppData\Local\Programs\Python\Python310\lib\importlib\__init__.py:126: in import_module
    return _bootstrap._gcd_import(name[level:], package, level)
fastapi\tests\test_tutorial\test_response_model\test_tutorial003_01.py:4: in <module>
    from fastapi.testclient import TestClient
E   ModuleNotFoundError: No module named 'fastapi.testclient'
_ ERROR collecting fastapi/tests/test_tutorial/test_response_model/test_tutorial003_02.py _
ImportError while importing test module 'D:\repolens\fastapi\tests\test_tutorial\test_response_model\test_tutorial003_02.py'.
Hint: make sure your test modules/packages have valid Python names.
Traceback:
C:\Users\user\AppData\Local\Programs\Python\Python310\lib\importlib\__init__.py:126: in import_module
    return _bootstrap._gcd_import(name[level:], package, level)
fastapi\tests\test_tutorial\test_response_model\test_tutorial003_02.py:1: in <module>
    from fastapi.testclient import TestClient
E   ModuleNotFoundError: No module named 'fastapi.testclient'
_ ERROR collecting fastapi/tests/test_tutorial/test_response_model/test_tutorial003_03.py _
ImportError while importing test module 'D:\repolens\fastapi\tests\test_tutorial\test_response_model\test_tutorial003_03.py'.
Hint: make sure your test modules/packages have valid Python names.
Traceback:
C:\Users\user\AppData\Local\Programs\Python\Python310\lib\importlib\__init__.py:126: in import_module
    return _bootstrap._gcd_import(name[level:], package, level)
fastapi\tests\test_tutorial\test_response_model\test_tutorial003_03.py:1: in <module>
    from fastapi.testclient import TestClient
E   ModuleNotFoundError: No module named 'fastapi.testclient'
_ ERROR collecting fastapi/tests/test_tutorial/test_response_model/test_tutorial003_04.py _
ImportError while importing test module 'D:\repolens\fastapi\tests\test_tutorial\test_response_model\test_tutorial003_04.py'.
Hint: make sure your test modules/packages have valid Python names.
Traceback:
C:\Users\user\AppData\Local\Programs\Python\Python310\lib\importlib\__init__.py:126: in import_module
    return _bootstrap._gcd_import(name[level:], package, level)
fastapi\tests\test_tutorial\test_response_model\test_tutorial003_04.py:4: in <module>
    from fastapi.exceptions import FastAPIError
E   ModuleNotFoundError: No module named 'fastapi.exceptions'
_ ERROR collecting fastapi/tests/test_tutorial/test_response_model/test_tutorial003_05.py _
ImportError while importing test module 'D:\repolens\fastapi\tests\test_tutorial\test_response_model\test_tutorial003_05.py'.
Hint: make sure your test modules/packages have valid Python names.
Traceback:
C:\Users\user\AppData\Local\Programs\Python\Python310\lib\importlib\__init__.py:126: in import_module
    return _bootstrap._gcd_import(name[level:], package, level)
fastapi\tests\test_tutorial\test_response_model\test_tutorial003_05.py:4: in <module>
    from fastapi.testclient import TestClient
E   ModuleNotFoundError: No module named 'fastapi.testclient'
_ ERROR collecting fastapi/tests/test_tutorial/test_response_model/test_tutorial004.py _
ImportError while importing test module 'D:\repolens\fastapi\tests\test_tutorial\test_response_model\test_tutorial004.py'.
Hint: make sure your test modules/packages have valid Python names.
Traceback:
C:\Users\user\AppData\Local\Programs\Python\Python310\lib\importlib\__init__.py:126: in import_module
    return _bootstrap._gcd_import(name[level:], package, level)
fastapi\tests\test_tutorial\test_response_model\test_tutorial004.py:4: in <module>
    from fastapi.testclient import TestClient
E   ModuleNotFoundError: No module named 'fastapi.testclient'
_ ERROR collecting fastapi/tests/test_tutorial/test_response_model/test_tutorial005.py _
ImportError while importing test module 'D:\repolens\fastapi\tests\test_tutorial\test_response_model\test_tutorial005.py'.
Hint: make sure your test modules/packages have valid Python names.
Traceback:
C:\Users\user\AppData\Local\Programs\Python\Python310\lib\importlib\__init__.py:126: in import_module
    return _bootstrap._gcd_import(name[level:], package, level)
fastapi\tests\test_tutorial\test_response_model\test_tutorial005.py:4: in <module>
    from fastapi.testclient import TestClient
E   ModuleNotFoundError: No module named 'fastapi.testclient'
_ ERROR collecting fastapi/tests/test_tutorial/test_response_model/test_tutorial006.py _
ImportError while importing test module 'D:\repolens\fastapi\tests\test_tutorial\test_response_model\test_tutorial006.py'.
Hint: make sure your test modules/packages have valid Python names.
Traceback:
C:\Users\user\AppData\Local\Programs\Python\Python310\lib\importlib\__init__.py:126: in import_module
    return _bootstrap._gcd_import(name[level:], package, level)
fastapi\tests\test_tutorial\test_response_model\test_tutorial006.py:4: in <module>
    from fastapi.testclient import TestClient
E   ModuleNotFoundError: No module named 'fastapi.testclient'
_ ERROR collecting fastapi/tests/test_tutorial/test_response_status_code/test_tutorial001_tutorial002.py _
ImportError while importing test module 'D:\repolens\fastapi\tests\test_tutorial\test_response_status_code\test_tutorial001_tutorial002.py'.
Hint: make sure your test modules/packages have valid Python names.
Traceback:
C:\Users\user\AppData\Local\Programs\Python\Python310\lib\importlib\__init__.py:126: in import_module
    return _bootstrap._gcd_import(name[level:], package, level)
fastapi\tests\test_tutorial\test_response_status_code\test_tutorial001_tutorial002.py:4: in <module>
    from fastapi.testclient import TestClient
E   ModuleNotFoundError: No module named 'fastapi.testclient'
_ ERROR collecting fastapi/tests/test_tutorial/test_schema_extra_example/test_tutorial001.py _
ImportError while importing test module 'D:\repolens\fastapi\tests\test_tutorial\test_schema_extra_example\test_tutorial001.py'.
Hint: make sure your test modules/packages have valid Python names.
Traceback:
C:\Users\user\AppData\Local\Programs\Python\Python310\lib\importlib\__init__.py:126: in import_module
    return _bootstrap._gcd_import(name[level:], package, level)
fastapi\tests\test_tutorial\test_schema_extra_example\test_tutorial001.py:4: in <module>
    from fastapi.testclient import TestClient
E   ModuleNotFoundError: No module named 'fastapi.testclient'
_ ERROR collecting fastapi/tests/test_tutorial/test_schema_extra_example/test_tutorial002.py _
ImportError while importing test module 'D:\repolens\fastapi\tests\test_tutorial\test_schema_extra_example\test_tutorial002.py'.
Hint: make sure your test modules/packages have valid Python names.
Traceback:
C:\Users\user\AppData\Local\Programs\Python\Python310\lib\importlib\__init__.py:126: in import_module
    return _bootstrap._gcd_import(name[level:], package, level)
fastapi\tests\test_tutorial\test_schema_extra_example\test_tutorial002.py:4: in <module>
    from fastapi.testclient import TestClient
E   ModuleNotFoundError: No module named 'fastapi.testclient'
_ ERROR collecting fastapi/tests/test_tutorial/test_schema_extra_example/test_tutorial003.py _
ImportError while importing test module 'D:\repolens\fastapi\tests\test_tutorial\test_schema_extra_example\test_tutorial003.py'.
Hint: make sure your test modules/packages have valid Python names.
Traceback:
C:\Users\user\AppData\Local\Programs\Python\Python310\lib\importlib\__init__.py:126: in import_module
    return _bootstrap._gcd_import(name[level:], package, level)
fastapi\tests\test_tutorial\test_schema_extra_example\test_tutorial003.py:4: in <module>
    from fastapi.testclient import TestClient
E   ModuleNotFoundError: No module named 'fastapi.testclient'
_ ERROR collecting fastapi/tests/test_tutorial/test_schema_extra_example/test_tutorial004.py _
ImportError while importing test module 'D:\repolens\fastapi\tests\test_tutorial\test_schema_extra_example\test_tutorial004.py'.
Hint: make sure your test modules/packages have valid Python names.
Traceback:
C:\Users\user\AppData\Local\Programs\Python\Python310\lib\importlib\__init__.py:126: in import_module
    return _bootstrap._gcd_import(name[level:], package, level)
fastapi\tests\test_tutorial\test_schema_extra_example\test_tutorial004.py:4: in <module>
    from fastapi.testclient import TestClient
E   ModuleNotFoundError: No module named 'fastapi.testclient'
_ ERROR collecting fastapi/tests/test_tutorial/test_schema_extra_example/test_tutorial005.py _
ImportError while importing test module 'D:\repolens\fastapi\tests\test_tutorial\test_schema_extra_example\test_tutorial005.py'.
Hint: make sure your test modules/packages have valid Python names.
Traceback:
C:\Users\user\AppData\Local\Programs\Python\Python310\lib\importlib\__init__.py:126: in import_module
    return _bootstrap._gcd_import(name[level:], package, level)
fastapi\tests\test_tutorial\test_schema_extra_example\test_tutorial005.py:4: in <module>
    from fastapi.testclient import TestClient
E   ModuleNotFoundError: No module named 'fastapi.testclient'
_ ERROR collecting fastapi/tests/test_tutorial/test_security/test_tutorial001.py _
ImportError while importing test module 'D:\repolens\fastapi\tests\test_tutorial\test_security\test_tutorial001.py'.
Hint: make sure your test modules/packages have valid Python names.
Traceback:
C:\Users\user\AppData\Local\Programs\Python\Python310\lib\importlib\__init__.py:126: in import_module
    return _bootstrap._gcd_import(name[level:], package, level)
fastapi\tests\test_tutorial\test_security\test_tutorial001.py:4: in <module>
    from fastapi.testclient import TestClient
E   ModuleNotFoundError: No module named 'fastapi.testclient'
_ ERROR collecting fastapi/tests/test_tutorial/test_security/test_tutorial002.py _
ImportError while importing test module 'D:\repolens\fastapi\tests\test_tutorial\test_security\test_tutorial002.py'.
Hint: make sure your test modules/packages have valid Python names.
Traceback:
C:\Users\user\AppData\Local\Programs\Python\Python310\lib\importlib\__init__.py:126: in import_module
    return _bootstrap._gcd_import(name[level:], package, level)
fastapi\tests\test_tutorial\test_security\test_tutorial002.py:4: in <module>
    from fastapi.testclient import TestClient
E   ModuleNotFoundError: No module named 'fastapi.testclient'
_ ERROR collecting fastapi/tests/test_tutorial/test_security/test_tutorial003.py _
ImportError while importing test module 'D:\repolens\fastapi\tests\test_tutorial\test_security\test_tutorial003.py'.
Hint: make sure your test modules/packages have valid Python names.
Traceback:
C:\Users\user\AppData\Local\Programs\Python\Python310\lib\importlib\__init__.py:126: in import_module
    return _bootstrap._gcd_import(name[level:], package, level)
fastapi\tests\test_tutorial\test_security\test_tutorial003.py:4: in <module>
    from fastapi.testclient import TestClient
E   ModuleNotFoundError: No module named 'fastapi.testclient'
_ ERROR collecting fastapi/tests/test_tutorial/test_security/test_tutorial004.py _
ImportError while importing test module 'D:\repolens\fastapi\tests\test_tutorial\test_security\test_tutorial004.py'.
Hint: make sure your test modules/packages have valid Python names.
Traceback:
C:\Users\user\AppData\Local\Programs\Python\Python310\lib\importlib\__init__.py:126: in import_module
    return _bootstrap._gcd_import(name[level:], package, level)
fastapi\tests\test_tutorial\test_security\test_tutorial004.py:6: in <module>
    from fastapi.testclient import TestClient
E   ModuleNotFoundError: No module named 'fastapi.testclient'
_ ERROR collecting fastapi/tests/test_tutorial/test_security/test_tutorial005.py _
ImportError while importing test module 'D:\repolens\fastapi\tests\test_tutorial\test_security\test_tutorial005.py'.
Hint: make sure your test modules/packages have valid Python names.
Traceback:
C:\Users\user\AppData\Local\Programs\Python\Python310\lib\importlib\__init__.py:126: in import_module
    return _bootstrap._gcd_import(name[level:], package, level)
fastapi\tests\test_tutorial\test_security\test_tutorial005.py:7: in <module>
    from fastapi.testclient import TestClient
E   ModuleNotFoundError: No module named 'fastapi.testclient'
_ ERROR collecting fastapi/tests/test_tutorial/test_security/test_tutorial006.py _
ImportError while importing test module 'D:\repolens\fastapi\tests\test_tutorial\test_security\test_tutorial006.py'.
Hint: make sure your test modules/packages have valid Python names.
Traceback:
C:\Users\user\AppData\Local\Programs\Python\Python310\lib\importlib\__init__.py:126: in import_module
    return _bootstrap._gcd_import(name[level:], package, level)
fastapi\tests\test_tutorial\test_security\test_tutorial006.py:5: in <module>
    from fastapi.testclient import TestClient
E   ModuleNotFoundError: No module named 'fastapi.testclient'
_ ERROR collecting fastapi/tests/test_tutorial/test_security/test_tutorial007.py _
ImportError while importing test module 'D:\repolens\fastapi\tests\test_tutorial\test_security\test_tutorial007.py'.
Hint: make sure your test modules/packages have valid Python names.
Traceback:
C:\Users\user\AppData\Local\Programs\Python\Python310\lib\importlib\__init__.py:126: in import_module
    return _bootstrap._gcd_import(name[level:], package, level)
fastapi\tests\test_tutorial\test_security\test_tutorial007.py:5: in <module>
    from fastapi.testclient import TestClient
E   ModuleNotFoundError: No module named 'fastapi.testclient'
_ ERROR collecting fastapi/tests/test_tutorial/test_separate_openapi_schemas/test_tutorial001.py _
ImportError while importing test module 'D:\repolens\fastapi\tests\test_tutorial\test_separate_openapi_schemas\test_tutorial001.py'.
Hint: make sure your test modules/packages have valid Python names.
Traceback:
C:\Users\user\AppData\Local\Programs\Python\Python310\lib\importlib\__init__.py:126: in import_module
    return _bootstrap._gcd_import(name[level:], package, level)
fastapi\tests\test_tutorial\test_separate_openapi_schemas\test_tutorial001.py:4: in <module>
    from fastapi.testclient import TestClient
E   ModuleNotFoundError: No module named 'fastapi.testclient'
_ ERROR collecting fastapi/tests/test_tutorial/test_separate_openapi_schemas/test_tutorial002.py _
ImportError while importing test module 'D:\repolens\fastapi\tests\test_tutorial\test_separate_openapi_schemas\test_tutorial002.py'.
Hint: make sure your test modules/packages have valid Python names.
Traceback:
C:\Users\user\AppData\Local\Programs\Python\Python310\lib\importlib\__init__.py:126: in import_module
    return _bootstrap._gcd_import(name[level:], package, level)
fastapi\tests\test_tutorial\test_separate_openapi_schemas\test_tutorial002.py:4: in <module>
    from fastapi.testclient import TestClient
E   ModuleNotFoundError: No module named 'fastapi.testclient'
_ ERROR collecting fastapi/tests/test_tutorial/test_server_sent_events/test_tutorial001.py _
ImportError while importing test module 'D:\repolens\fastapi\tests\test_tutorial\test_server_sent_events\test_tutorial001.py'.
Hint: make sure your test modules/packages have valid Python names.
Traceback:
C:\Users\user\AppData\Local\Programs\Python\Python310\lib\importlib\__init__.py:126: in import_module
    return _bootstrap._gcd_import(name[level:], package, level)
fastapi\tests\test_tutorial\test_server_sent_events\test_tutorial001.py:4: in <module>
    from fastapi.testclient import TestClient
E   ModuleNotFoundError: No module named 'fastapi.testclient'
_ ERROR collecting fastapi/tests/test_tutorial/test_server_sent_events/test_tutorial002.py _
ImportError while importing test module 'D:\repolens\fastapi\tests\test_tutorial\test_server_sent_events\test_tutorial002.py'.
Hint: make sure your test modules/packages have valid Python names.
Traceback:
C:\Users\user\AppData\Local\Programs\Python\Python310\lib\importlib\__init__.py:126: in import_module
    return _bootstrap._gcd_import(name[level:], package, level)
fastapi\tests\test_tutorial\test_server_sent_events\test_tutorial002.py:4: in <module>
    from fastapi.testclient import TestClient
E   ModuleNotFoundError: No module named 'fastapi.testclient'
_ ERROR collecting fastapi/tests/test_tutorial/test_server_sent_events/test_tutorial003.py _
ImportError while importing test module 'D:\repolens\fastapi\tests\test_tutorial\test_server_sent_events\test_tutorial003.py'.
Hint: make sure your test modules/packages have valid Python names.
Traceback:
C:\Users\user\AppData\Local\Programs\Python\Python310\lib\importlib\__init__.py:126: in import_module
    return _bootstrap._gcd_import(name[level:], package, level)
fastapi\tests\test_tutorial\test_server_sent_events\test_tutorial003.py:4: in <module>
    from fastapi.testclient import TestClient
E   ModuleNotFoundError: No module named 'fastapi.testclient'
_ ERROR collecting fastapi/tests/test_tutorial/test_server_sent_events/test_tutorial004.py _
ImportError while importing test module 'D:\repolens\fastapi\tests\test_tutorial\test_server_sent_events\test_tutorial004.py'.
Hint: make sure your test modules/packages have valid Python names.
Traceback:
C:\Users\user\AppData\Local\Programs\Python\Python310\lib\importlib\__init__.py:126: in import_module
    return _bootstrap._gcd_import(name[level:], package, level)
fastapi\tests\test_tutorial\test_server_sent_events\test_tutorial004.py:4: in <module>
    from fastapi.testclient import TestClient
E   ModuleNotFoundError: No module named 'fastapi.testclient'
_ ERROR collecting fastapi/tests/test_tutorial/test_server_sent_events/test_tutorial005.py _
ImportError while importing test module 'D:\repolens\fastapi\tests\test_tutorial\test_server_sent_events\test_tutorial005.py'.
Hint: make sure your test modules/packages have valid Python names.
Traceback:
C:\Users\user\AppData\Local\Programs\Python\Python310\lib\importlib\__init__.py:126: in import_module
    return _bootstrap._gcd_import(name[level:], package, level)
fastapi\tests\test_tutorial\test_server_sent_events\test_tutorial005.py:4: in <module>
    from fastapi.testclient import TestClient
E   ModuleNotFoundError: No module named 'fastapi.testclient'
__ ERROR collecting fastapi/tests/test_tutorial/test_settings/test_app01.py ___
ImportError while importing test module 'D:\repolens\fastapi\tests\test_tutorial\test_settings\test_app01.py'.
Hint: make sure your test modules/packages have valid Python names.
Traceback:
C:\Users\user\AppData\Local\Programs\Python\Python310\lib\importlib\__init__.py:126: in import_module
    return _bootstrap._gcd_import(name[level:], package, level)
fastapi\tests\test_tutorial\test_settings\test_app01.py:5: in <module>
    from dirty_equals import IsAnyStr
E   ModuleNotFoundError: No module named 'dirty_equals'
__ ERROR collecting fastapi/tests/test_tutorial/test_settings/test_app03.py ___
ImportError while importing test module 'D:\repolens\fastapi\tests\test_tutorial\test_settings\test_app03.py'.
Hint: make sure your test modules/packages have valid Python names.
Traceback:
C:\Users\user\AppData\Local\Programs\Python\Python310\lib\importlib\__init__.py:126: in import_module
    return _bootstrap._gcd_import(name[level:], package, level)
fastapi\tests\test_tutorial\test_settings\test_app03.py:5: in <module>
    from fastapi.testclient import TestClient
E   ModuleNotFoundError: No module named 'fastapi.testclient'
_ ERROR collecting fastapi/tests/test_tutorial/test_settings/test_tutorial001.py _
ImportError while importing test module 'D:\repolens\fastapi\tests\test_tutorial\test_settings\test_tutorial001.py'.
Hint: make sure your test modules/packages have valid Python names.
Traceback:
C:\Users\user\AppData\Local\Programs\Python\Python310\lib\importlib\__init__.py:126: in import_module
    return _bootstrap._gcd_import(name[level:], package, level)
fastapi\tests\test_tutorial\test_settings\test_tutorial001.py:4: in <module>
    from fastapi.testclient import TestClient
E   ModuleNotFoundError: No module named 'fastapi.testclient'
_ ERROR collecting fastapi/tests/test_tutorial/test_sql_databases/test_tutorial001.py _
ImportError while importing test module 'D:\repolens\fastapi\tests\test_tutorial\test_sql_databases\test_tutorial001.py'.
Hint: make sure your test modules/packages have valid Python names.
Traceback:
C:\Users\user\AppData\Local\Programs\Python\Python310\lib\importlib\__init__.py:126: in import_module
    return _bootstrap._gcd_import(name[level:], package, level)
fastapi\tests\test_tutorial\test_sql_databases\test_tutorial001.py:6: in <module>
    from dirty_equals import IsInt
E   ModuleNotFoundError: No module named 'dirty_equals'
_ ERROR collecting fastapi/tests/test_tutorial/test_sql_databases/test_tutorial002.py _
ImportError while importing test module 'D:\repolens\fastapi\tests\test_tutorial\test_sql_databases\test_tutorial002.py'.
Hint: make sure your test modules/packages have valid Python names.
Traceback:
C:\Users\user\AppData\Local\Programs\Python\Python310\lib\importlib\__init__.py:126: in import_module
    return _bootstrap._gcd_import(name[level:], package, level)
fastapi\tests\test_tutorial\test_sql_databases\test_tutorial002.py:6: in <module>
    from dirty_equals import IsInt
E   ModuleNotFoundError: No module named 'dirty_equals'
_ ERROR collecting fastapi/tests/test_tutorial/test_static_files/test_tutorial001.py _
ImportError while importing test module 'D:\repolens\fastapi\tests\test_tutorial\test_static_files\test_tutorial001.py'.
Hint: make sure your test modules/packages have valid Python names.
Traceback:
C:\Users\user\AppData\Local\Programs\Python\Python310\lib\importlib\__init__.py:126: in import_module
    return _bootstrap._gcd_import(name[level:], package, level)
fastapi\tests\test_tutorial\test_static_files\test_tutorial001.py:5: in <module>
    from fastapi.testclient import TestClient
E   ModuleNotFoundError: No module named 'fastapi.testclient'
_ ERROR collecting fastapi/tests/test_tutorial/test_stream_data/test_tutorial001.py _
ImportError while importing test module 'D:\repolens\fastapi\tests\test_tutorial\test_stream_data\test_tutorial001.py'.
Hint: make sure your test modules/packages have valid Python names.
Traceback:
C:\Users\user\AppData\Local\Programs\Python\Python310\lib\importlib\__init__.py:126: in import_module
    return _bootstrap._gcd_import(name[level:], package, level)
fastapi\tests\test_tutorial\test_stream_data\test_tutorial001.py:4: in <module>
    from fastapi.testclient import TestClient
E   ModuleNotFoundError: No module named 'fastapi.testclient'
_ ERROR collecting fastapi/tests/test_tutorial/test_stream_data/test_tutorial002.py _
ImportError while importing test module 'D:\repolens\fastapi\tests\test_tutorial\test_stream_data\test_tutorial002.py'.
Hint: make sure your test modules/packages have valid Python names.
Traceback:
C:\Users\user\AppData\Local\Programs\Python\Python310\lib\importlib\__init__.py:126: in import_module
    return _bootstrap._gcd_import(name[level:], package, level)
fastapi\tests\test_tutorial\test_stream_data\test_tutorial002.py:4: in <module>
    from fastapi.testclient import TestClient
E   ModuleNotFoundError: No module named 'fastapi.testclient'
_ ERROR collecting fastapi/tests/test_tutorial/test_stream_json_lines/test_tutorial001.py _
ImportError while importing test module 'D:\repolens\fastapi\tests\test_tutorial\test_stream_json_lines\test_tutorial001.py'.
Hint: make sure your test modules/packages have valid Python names.
Traceback:
C:\Users\user\AppData\Local\Programs\Python\Python310\lib\importlib\__init__.py:126: in import_module
    return _bootstrap._gcd_import(name[level:], package, level)
fastapi\tests\test_tutorial\test_stream_json_lines\test_tutorial001.py:5: in <module>
    from fastapi.testclient import TestClient
E   ModuleNotFoundError: No module named 'fastapi.testclient'
_ ERROR collecting fastapi/tests/test_tutorial/test_strict_content_type/test_tutorial001.py _
ImportError while importing test module 'D:\repolens\fastapi\tests\test_tutorial\test_strict_content_type\test_tutorial001.py'.
Hint: make sure your test modules/packages have valid Python names.
Traceback:
C:\Users\user\AppData\Local\Programs\Python\Python310\lib\importlib\__init__.py:126: in import_module
    return _bootstrap._gcd_import(name[level:], package, level)
fastapi\tests\test_tutorial\test_strict_content_type\test_tutorial001.py:4: in <module>
    from fastapi.testclient import TestClient
E   ModuleNotFoundError: No module named 'fastapi.testclient'
_ ERROR collecting fastapi/tests/test_tutorial/test_sub_applications/test_tutorial001.py _
ImportError while importing test module 'D:\repolens\fastapi\tests\test_tutorial\test_sub_applications\test_tutorial001.py'.
Hint: make sure your test modules/packages have valid Python names.
Traceback:
C:\Users\user\AppData\Local\Programs\Python\Python310\lib\importlib\__init__.py:126: in import_module
    return _bootstrap._gcd_import(name[level:], package, level)
fastapi\tests\test_tutorial\test_sub_applications\test_tutorial001.py:1: in <module>
    from fastapi.testclient import TestClient
E   ModuleNotFoundError: No module named 'fastapi.testclient'
_ ERROR collecting fastapi/tests/test_tutorial/test_templates/test_tutorial001.py _
ImportError while importing test module 'D:\repolens\fastapi\tests\test_tutorial\test_templates\test_tutorial001.py'.
Hint: make sure your test modules/packages have valid Python names.
Traceback:
C:\Users\user\AppData\Local\Programs\Python\Python310\lib\importlib\__init__.py:126: in import_module
    return _bootstrap._gcd_import(name[level:], package, level)
fastapi\tests\test_tutorial\test_templates\test_tutorial001.py:4: in <module>
    from fastapi.testclient import TestClient
E   ModuleNotFoundError: No module named 'fastapi.testclient'
__ ERROR collecting fastapi/tests/test_tutorial/test_testing/test_main_a.py ___
ImportError while importing test module 'D:\repolens\fastapi\tests\test_tutorial\test_testing\test_main_a.py'.
Hint: make sure your test modules/packages have valid Python names.
Traceback:
C:\Users\user\AppData\Local\Programs\Python\Python310\lib\importlib\__init__.py:126: in import_module
    return _bootstrap._gcd_import(name[level:], package, level)
fastapi\tests\test_tutorial\test_testing\test_main_a.py:1: in <module>
    from inline_snapshot import snapshot
E   ModuleNotFoundError: No module named 'inline_snapshot'
_ ERROR collecting fastapi/tests/test_tutorial/test_testing/test_tutorial001.py _
ImportError while importing test module 'D:\repolens\fastapi\tests\test_tutorial\test_testing\test_tutorial001.py'.
Hint: make sure your test modules/packages have valid Python names.
Traceback:
C:\Users\user\AppData\Local\Programs\Python\Python310\lib\importlib\__init__.py:126: in import_module
    return _bootstrap._gcd_import(name[level:], package, level)
fastapi\tests\test_tutorial\test_testing\test_tutorial001.py:1: in <module>
    from inline_snapshot import snapshot
E   ModuleNotFoundError: No module named 'inline_snapshot'
_ ERROR collecting fastapi/tests/test_tutorial/test_testing/test_tutorial002.py _
ImportError while importing test module 'D:\repolens\fastapi\tests\test_tutorial\test_testing\test_tutorial002.py'.
Hint: make sure your test modules/packages have valid Python names.
Traceback:
C:\Users\user\AppData\Local\Programs\Python\Python310\lib\importlib\__init__.py:126: in import_module
    return _bootstrap._gcd_import(name[level:], package, level)
fastapi\tests\test_tutorial\test_testing\test_tutorial002.py:1: in <module>
    from docs_src.app_testing.tutorial002_py310 import test_read_main, test_websocket
fastapi\docs_src\app_testing\tutorial002_py310.py:1: in <module>
    from fastapi import FastAPI
E   ImportError: cannot import name 'FastAPI' from 'fastapi' (unknown location)
_ ERROR collecting fastapi/tests/test_tutorial/test_testing/test_tutorial004.py _
ImportError while importing test module 'D:\repolens\fastapi\tests\test_tutorial\test_testing\test_tutorial004.py'.
Hint: make sure your test modules/packages have valid Python names.
Traceback:
C:\Users\user\AppData\Local\Programs\Python\Python310\lib\importlib\__init__.py:126: in import_module
    return _bootstrap._gcd_import(name[level:], package, level)
fastapi\tests\test_tutorial\test_testing\test_tutorial004.py:1: in <module>
    from docs_src.app_testing.tutorial004_py310 import test_read_items
fastapi\docs_src\app_testing\tutorial004_py310.py:3: in <module>
    from fastapi import FastAPI
E   ImportError: cannot import name 'FastAPI' from 'fastapi' (unknown location)
_ ERROR collecting fastapi/tests/test_tutorial/test_using_request_directly/test_tutorial001.py _
ImportError while importing test module 'D:\repolens\fastapi\tests\test_tutorial\test_using_request_directly\test_tutorial001.py'.
Hint: make sure your test modules/packages have valid Python names.
Traceback:
C:\Users\user\AppData\Local\Programs\Python\Python310\lib\importlib\__init__.py:126: in import_module
    return _bootstrap._gcd_import(name[level:], package, level)
fastapi\tests\test_tutorial\test_using_request_directly\test_tutorial001.py:1: in <module>
    from fastapi.testclient import TestClient
E   ModuleNotFoundError: No module named 'fastapi.testclient'
_ ERROR collecting fastapi/tests/test_tutorial/test_websockets/test_tutorial001.py _
ImportError while importing test module 'D:\repolens\fastapi\tests\test_tutorial\test_websockets\test_tutorial001.py'.
Hint: make sure your test modules/packages have valid Python names.
Traceback:
C:\Users\user\AppData\Local\Programs\Python\Python310\lib\importlib\__init__.py:126: in import_module
    return _bootstrap._gcd_import(name[level:], package, level)
fastapi\tests\test_tutorial\test_websockets\test_tutorial001.py:2: in <module>
    from fastapi.testclient import TestClient
E   ModuleNotFoundError: No module named 'fastapi.testclient'
_ ERROR collecting fastapi/tests/test_tutorial/test_websockets/test_tutorial002.py _
ImportError while importing test module 'D:\repolens\fastapi\tests\test_tutorial\test_websockets\test_tutorial002.py'.
Hint: make sure your test modules/packages have valid Python names.
Traceback:
C:\Users\user\AppData\Local\Programs\Python\Python310\lib\importlib\__init__.py:126: in import_module
    return _bootstrap._gcd_import(name[level:], package, level)
fastapi\tests\test_tutorial\test_websockets\test_tutorial002.py:4: in <module>
    from fastapi import FastAPI
E   ImportError: cannot import name 'FastAPI' from 'fastapi' (unknown location)
_ ERROR collecting fastapi/tests/test_tutorial/test_websockets/test_tutorial003.py _
ImportError while importing test module 'D:\repolens\fastapi\tests\test_tutorial\test_websockets\test_tutorial003.py'.
Hint: make sure your test modules/packages have valid Python names.
Traceback:
C:\Users\user\AppData\Local\Programs\Python\Python310\lib\importlib\__init__.py:126: in import_module
    return _bootstrap._gcd_import(name[level:], package, level)
fastapi\tests\test_tutorial\test_websockets\test_tutorial003.py:6: in <module>
    from fastapi.testclient import TestClient
E   ModuleNotFoundError: No module named 'fastapi.testclient'
_ ERROR collecting fastapi/tests/test_tutorial/test_wsgi/test_tutorial001.py __
ImportError while importing test module 'D:\repolens\fastapi\tests\test_tutorial\test_wsgi\test_tutorial001.py'.
Hint: make sure your test modules/packages have valid Python names.
Traceback:
C:\Users\user\AppData\Local\Programs\Python\Python310\lib\importlib\__init__.py:126: in import_module
    return _bootstrap._gcd_import(name[level:], package, level)
fastapi\tests\test_tutorial\test_wsgi\test_tutorial001.py:1: in <module>
    from fastapi.testclient import TestClient
E   ModuleNotFoundError: No module named 'fastapi.testclient'
___________ ERROR collecting fastapi/tests/test_typing_python39.py ____________
ImportError while importing test module 'D:\repolens\fastapi\tests\test_typing_python39.py'.
Hint: make sure your test modules/packages have valid Python names.
Traceback:
C:\Users\user\AppData\Local\Programs\Python\Python310\lib\importlib\__init__.py:126: in import_module
    return _bootstrap._gcd_import(name[level:], package, level)
fastapi\tests\test_typing_python39.py:1: in <module>
    from fastapi import FastAPI
E   ImportError: cannot import name 'FastAPI' from 'fastapi' (unknown location)
______________ ERROR collecting fastapi/tests/test_union_body.py ______________
ImportError while importing test module 'D:\repolens\fastapi\tests\test_union_body.py'.
Hint: make sure your test modules/packages have valid Python names.
Traceback:
C:\Users\user\AppData\Local\Programs\Python\Python310\lib\importlib\__init__.py:126: in import_module
    return _bootstrap._gcd_import(name[level:], package, level)
fastapi\tests\test_union_body.py:1: in <module>
    from fastapi import FastAPI
E   ImportError: cannot import name 'FastAPI' from 'fastapi' (unknown location)
_______ ERROR collecting fastapi/tests/test_union_body_discriminator.py _______
ImportError while importing test module 'D:\repolens\fastapi\tests\test_union_body_discriminator.py'.
Hint: make sure your test modules/packages have valid Python names.
Traceback:
C:\Users\user\AppData\Local\Programs\Python\Python310\lib\importlib\__init__.py:126: in import_module
    return _bootstrap._gcd_import(name[level:], package, level)
fastapi\tests\test_union_body_discriminator.py:3: in <module>
    from dirty_equals import IsOneOf
E   ModuleNotFoundError: No module named 'dirty_equals'
__ ERROR collecting fastapi/tests/test_union_body_discriminator_annotated.py __
ImportError while importing test module 'D:\repolens\fastapi\tests\test_union_body_discriminator_annotated.py'.
Hint: make sure your test modules/packages have valid Python names.
Traceback:
C:\Users\user\AppData\Local\Programs\Python\Python310\lib\importlib\__init__.py:126: in import_module
    return _bootstrap._gcd_import(name[level:], package, level)
fastapi\tests\test_union_body_discriminator_annotated.py:6: in <module>
    from fastapi import FastAPI
E   ImportError: cannot import name 'FastAPI' from 'fastapi' (unknown location)
_____________ ERROR collecting fastapi/tests/test_union_forms.py ______________
ImportError while importing test module 'D:\repolens\fastapi\tests\test_union_forms.py'.
Hint: make sure your test modules/packages have valid Python names.
Traceback:
C:\Users\user\AppData\Local\Programs\Python\Python310\lib\importlib\__init__.py:126: in import_module
    return _bootstrap._gcd_import(name[level:], package, level)
fastapi\tests\test_union_forms.py:3: in <module>
    from fastapi import FastAPI, Form
E   ImportError: cannot import name 'FastAPI' from 'fastapi' (unknown location)
_________ ERROR collecting fastapi/tests/test_union_inherited_body.py _________
ImportError while importing test module 'D:\repolens\fastapi\tests\test_union_inherited_body.py'.
Hint: make sure your test modules/packages have valid Python names.
Traceback:
C:\Users\user\AppData\Local\Programs\Python\Python310\lib\importlib\__init__.py:126: in import_module
    return _bootstrap._gcd_import(name[level:], package, level)
fastapi\tests\test_union_inherited_body.py:1: in <module>
    from fastapi import FastAPI
E   ImportError: cannot import name 'FastAPI' from 'fastapi' (unknown location)
__________ ERROR collecting fastapi/tests/test_validate_response.py ___________
ImportError while importing test module 'D:\repolens\fastapi\tests\test_validate_response.py'.
Hint: make sure your test modules/packages have valid Python names.
Traceback:
C:\Users\user\AppData\Local\Programs\Python\Python310\lib\importlib\__init__.py:126: in import_module
    return _bootstrap._gcd_import(name[level:], package, level)
fastapi\tests\test_validate_response.py:2: in <module>
    from fastapi import FastAPI
E   ImportError: cannot import name 'FastAPI' from 'fastapi' (unknown location)
_____ ERROR collecting fastapi/tests/test_validate_response_dataclass.py ______
ImportError while importing test module 'D:\repolens\fastapi\tests\test_validate_response_dataclass.py'.
Hint: make sure your test modules/packages have valid Python names.
Traceback:
C:\Users\user\AppData\Local\Programs\Python\Python310\lib\importlib\__init__.py:126: in import_module
    return _bootstrap._gcd_import(name[level:], package, level)
fastapi\tests\test_validate_response_dataclass.py:2: in <module>
    from fastapi import FastAPI
E   ImportError: cannot import name 'FastAPI' from 'fastapi' (unknown location)
_ ERROR collecting fastapi/tests/test_validate_response_recursive/test_validate_response_recursive.py _
ImportError while importing test module 'D:\repolens\fastapi\tests\test_validate_response_recursive\test_validate_response_recursive.py'.
Hint: make sure your test modules/packages have valid Python names.
Traceback:
C:\Users\user\AppData\Local\Programs\Python\Python310\lib\importlib\__init__.py:126: in import_module
    return _bootstrap._gcd_import(name[level:], package, level)
fastapi\tests\test_validate_response_recursive\test_validate_response_recursive.py:1: in <module>
    from fastapi.testclient import TestClient
E   ModuleNotFoundError: No module named 'fastapi.testclient'
_______ ERROR collecting fastapi/tests/test_validation_error_context.py _______
ImportError while importing test module 'D:\repolens\fastapi\tests\test_validation_error_context.py'.
Hint: make sure your test modules/packages have valid Python names.
Traceback:
C:\Users\user\AppData\Local\Programs\Python\Python310\lib\importlib\__init__.py:126: in import_module
    return _bootstrap._gcd_import(name[level:], package, level)
fastapi\tests\test_validation_error_context.py:1: in <module>
    from fastapi import FastAPI, Request, WebSocket
E   ImportError: cannot import name 'FastAPI' from 'fastapi' (unknown location)
__________ ERROR collecting fastapi/tests/test_webhooks_security.py ___________
ImportError while importing test module 'D:\repolens\fastapi\tests\test_webhooks_security.py'.
Hint: make sure your test modules/packages have valid Python names.
Traceback:
C:\Users\user\AppData\Local\Programs\Python\Python310\lib\importlib\__init__.py:126: in import_module
    return _bootstrap._gcd_import(name[level:], package, level)
fastapi\tests\test_webhooks_security.py:4: in <module>
    from fastapi import FastAPI, Security
E   ImportError: cannot import name 'FastAPI' from 'fastapi' (unknown location)
___ ERROR collecting fastapi/tests/test_wrapped_method_forward_reference.py ___
ImportError while importing test module 'D:\repolens\fastapi\tests\test_wrapped_method_forward_reference.py'.
Hint: make sure your test modules/packages have valid Python names.
Traceback:
C:\Users\user\AppData\Local\Programs\Python\Python310\lib\importlib\__init__.py:126: in import_module
    return _bootstrap._gcd_import(name[level:], package, level)
fastapi\tests\test_wrapped_method_forward_reference.py:3: in <module>
    from fastapi import FastAPI
E   ImportError: cannot import name 'FastAPI' from 'fastapi' (unknown location)
___________ ERROR collecting fastapi/tests/test_ws_dependencies.py ____________
ImportError while importing test module 'D:\repolens\fastapi\tests\test_ws_dependencies.py'.
Hint: make sure your test modules/packages have valid Python names.
Traceback:
C:\Users\user\AppData\Local\Programs\Python\Python310\lib\importlib\__init__.py:126: in import_module
    return _bootstrap._gcd_import(name[level:], package, level)
fastapi\tests\test_ws_dependencies.py:4: in <module>
    from fastapi import APIRouter, Depends, FastAPI, WebSocket
E   ImportError: cannot import name 'APIRouter' from 'fastapi' (unknown location)
______________ ERROR collecting fastapi/tests/test_ws_router.py _______________
ImportError while importing test module 'D:\repolens\fastapi\tests\test_ws_router.py'.
Hint: make sure your test modules/packages have valid Python names.
Traceback:
C:\Users\user\AppData\Local\Programs\Python\Python310\lib\importlib\__init__.py:126: in import_module
    return _bootstrap._gcd_import(name[level:], package, level)
fastapi\tests\test_ws_router.py:4: in <module>
    from fastapi import (
E   ImportError: cannot import name 'APIRouter' from 'fastapi' (unknown location)
_________________ ERROR collecting tests/test_ask_service.py __________________
C:\Users\user\AppData\Local\Programs\Python\Python310\lib\site-packages\_pytest\python.py:508: in importtestmodule
    mod = import_path(
C:\Users\user\AppData\Local\Programs\Python\Python310\lib\site-packages\_pytest\pathlib.py:596: in import_path
    importlib.import_module(module_name)
C:\Users\user\AppData\Local\Programs\Python\Python310\lib\importlib\__init__.py:126: in import_module
    return _bootstrap._gcd_import(name[level:], package, level)
<frozen importlib._bootstrap>:1050: in _gcd_import
    ???
<frozen importlib._bootstrap>:1027: in _find_and_load
    ???
<frozen importlib._bootstrap>:1006: in _find_and_load_unlocked
    ???
<frozen importlib._bootstrap>:688: in _load_unlocked
    ???
C:\Users\user\AppData\Local\Programs\Python\Python310\lib\site-packages\_pytest\assertion\rewrite.py:188: in exec_module
    exec(co, module.__dict__)
tests\test_ask_service.py:5: in <module>
    from app.services.ask_service import AskIndexNotFoundError, AskService, AskServiceError
app\services\__init__.py:3: in <module>
    from app.services.ask_service import AskService
E     File "D:\repolens\app\services\ask_service.py", line 149
E       yield f'event: error\ndata: {json.dumps({"message": f"Index \'{index_id}\' was not found."})}\n\n'
E                                                                                                         ^
E   SyntaxError: f-string expression part cannot include a backslash
________________ ERROR collecting tests/test_chunk_service.py _________________
C:\Users\user\AppData\Local\Programs\Python\Python310\lib\site-packages\_pytest\python.py:508: in importtestmodule
    mod = import_path(
C:\Users\user\AppData\Local\Programs\Python\Python310\lib\site-packages\_pytest\pathlib.py:596: in import_path
    importlib.import_module(module_name)
C:\Users\user\AppData\Local\Programs\Python\Python310\lib\importlib\__init__.py:126: in import_module
    return _bootstrap._gcd_import(name[level:], package, level)
<frozen importlib._bootstrap>:1050: in _gcd_import
    ???
<frozen importlib._bootstrap>:1027: in _find_and_load
    ???
<frozen importlib._bootstrap>:1006: in _find_and_load_unlocked
    ???
<frozen importlib._bootstrap>:688: in _load_unlocked
    ???
C:\Users\user\AppData\Local\Programs\Python\Python310\lib\site-packages\_pytest\assertion\rewrite.py:188: in exec_module
    exec(co, module.__dict__)
tests\test_chunk_service.py:6: in <module>
    from app.services.chunk_service import ChunkService, RepositoryChunkError, logger
app\services\__init__.py:3: in <module>
    from app.services.ask_service import AskService
E     File "D:\repolens\app\services\ask_service.py", line 149
E       yield f'event: error\ndata: {json.dumps({"message": f"Index \'{index_id}\' was not found."})}\n\n'
E                                                                                                         ^
E   SyntaxError: f-string expression part cannot include a backslash
______________ ERROR collecting tests/test_embedding_service.py _______________
C:\Users\user\AppData\Local\Programs\Python\Python310\lib\site-packages\_pytest\python.py:508: in importtestmodule
    mod = import_path(
C:\Users\user\AppData\Local\Programs\Python\Python310\lib\site-packages\_pytest\pathlib.py:596: in import_path
    importlib.import_module(module_name)
C:\Users\user\AppData\Local\Programs\Python\Python310\lib\importlib\__init__.py:126: in import_module
    return _bootstrap._gcd_import(name[level:], package, level)
<frozen importlib._bootstrap>:1050: in _gcd_import
    ???
<frozen importlib._bootstrap>:1027: in _find_and_load
    ???
<frozen importlib._bootstrap>:1006: in _find_and_load_unlocked
    ???
<frozen importlib._bootstrap>:688: in _load_unlocked
    ???
C:\Users\user\AppData\Local\Programs\Python\Python310\lib\site-packages\_pytest\assertion\rewrite.py:188: in exec_module
    exec(co, module.__dict__)
tests\test_embedding_service.py:5: in <module>
    from app.services.chunk_service import CodeChunk
app\services\__init__.py:3: in <module>
    from app.services.ask_service import AskService
E     File "D:\repolens\app\services\ask_service.py", line 149
E       yield f'event: error\ndata: {json.dumps({"message": f"Index \'{index_id}\' was not found."})}\n\n'
E                                                                                                         ^
E   SyntaxError: f-string expression part cannot include a backslash
________________ ERROR collecting tests/test_index_service.py _________________
C:\Users\user\AppData\Local\Programs\Python\Python310\lib\site-packages\_pytest\python.py:508: in importtestmodule
    mod = import_path(
C:\Users\user\AppData\Local\Programs\Python\Python310\lib\site-packages\_pytest\pathlib.py:596: in import_path
    importlib.import_module(module_name)
C:\Users\user\AppData\Local\Programs\Python\Python310\lib\importlib\__init__.py:126: in import_module
    return _bootstrap._gcd_import(name[level:], package, level)
<frozen importlib._bootstrap>:1050: in _gcd_import
    ???
<frozen importlib._bootstrap>:1027: in _find_and_load
    ???
<frozen importlib._bootstrap>:1006: in _find_and_load_unlocked
    ???
<frozen importlib._bootstrap>:688: in _load_unlocked
    ???
C:\Users\user\AppData\Local\Programs\Python\Python310\lib\site-packages\_pytest\assertion\rewrite.py:188: in exec_module
    exec(co, module.__dict__)
tests\test_index_service.py:7: in <module>
    from app.services.chunk_service import CodeChunk
app\services\__init__.py:3: in <module>
    from app.services.ask_service import AskService
E     File "D:\repolens\app\services\ask_service.py", line 149
E       yield f'event: error\ndata: {json.dumps({"message": f"Index \'{index_id}\' was not found."})}\n\n'
E                                                                                                         ^
E   SyntaxError: f-string expression part cannot include a backslash
______________ ERROR collecting tests/test_retrieval_service.py _______________
C:\Users\user\AppData\Local\Programs\Python\Python310\lib\site-packages\_pytest\python.py:508: in importtestmodule
    mod = import_path(
C:\Users\user\AppData\Local\Programs\Python\Python310\lib\site-packages\_pytest\pathlib.py:596: in import_path
    importlib.import_module(module_name)
C:\Users\user\AppData\Local\Programs\Python\Python310\lib\importlib\__init__.py:126: in import_module
    return _bootstrap._gcd_import(name[level:], package, level)
<frozen importlib._bootstrap>:1050: in _gcd_import
    ???
<frozen importlib._bootstrap>:1027: in _find_and_load
    ???
<frozen importlib._bootstrap>:1006: in _find_and_load_unlocked
    ???
<frozen importlib._bootstrap>:688: in _load_unlocked
    ???
C:\Users\user\AppData\Local\Programs\Python\Python310\lib\site-packages\_pytest\assertion\rewrite.py:188: in exec_module
    exec(co, module.__dict__)
tests\test_retrieval_service.py:6: in <module>
    from app.services.chunk_service import CodeChunk
app\services\__init__.py:3: in <module>
    from app.services.ask_service import AskService
E     File "D:\repolens\app\services\ask_service.py", line 149
E       yield f'event: error\ndata: {json.dumps({"message": f"Index \'{index_id}\' was not found."})}\n\n'
E                                                                                                         ^
E   SyntaxError: f-string expression part cannot include a backslash
============================== warnings summary ===============================
fastapi\tests\utils.py:23
  D:\repolens\fastapi\tests\utils.py:23: PytestUnknownMarkWarning: Unknown pytest.mark.xdist_group - is this a typo?  You can register custom marks to avoid this warning - for details, see https://docs.pytest.org/en/stable/how-to/mark.html
    workdir_lock = pytest.mark.xdist_group("workdir_lock")

-- Docs: https://docs.pytest.org/en/stable/how-to/capture-warnings.html
=========================== short test summary info ===========================
ERROR fastapi/docs_src/app_testing/app_a_py310/test_main.py
ERROR fastapi/docs_src/app_testing/app_b_an_py310/test_main.py
ERROR fastapi/docs_src/app_testing/app_b_py310/test_main.py
ERROR fastapi/docs_src/async_tests/app_a_py310/test_main.py
ERROR fastapi/docs_src/settings/app02_an_py310/test_main.py
ERROR fastapi/docs_src/settings/app02_py310/test_main.py
ERROR fastapi/scripts/tests/test_translation_fixer - ModuleNotFoundError: No ...
ERROR fastapi/tests/benchmarks/test_general_performance.py
ERROR fastapi/tests/test_additional_properties.py
ERROR fastapi/tests/test_additional_properties_bool.py
ERROR fastapi/tests/test_additional_response_extra.py
ERROR fastapi/tests/test_additional_responses_bad.py
ERROR fastapi/tests/test_additional_responses_custom_model_in_callback.py
ERROR fastapi/tests/test_additional_responses_custom_validationerror.py
ERROR fastapi/tests/test_additional_responses_default_validationerror.py
ERROR fastapi/tests/test_additional_responses_response_class.py
ERROR fastapi/tests/test_additional_responses_router.py
ERROR fastapi/tests/test_additional_responses_union_duplicate_anyof.py
ERROR fastapi/tests/test_allow_inf_nan_in_enforcing.py
ERROR fastapi/tests/test_ambiguous_params.py
ERROR fastapi/tests/test_annotated.py
ERROR fastapi/tests/test_application.py
ERROR fastapi/tests/test_arbitrary_types.py
ERROR fastapi/tests/test_callable_endpoint.py
ERROR fastapi/tests/test_compat.py
ERROR fastapi/tests/test_computed_fields.py
ERROR fastapi/tests/test_custom_middleware_exception.py
ERROR fastapi/tests/test_custom_route_class.py
ERROR fastapi/tests/test_custom_schema_fields.py
ERROR fastapi/tests/test_custom_swagger_ui_redirect.py
ERROR fastapi/tests/test_datastructures.py
ERROR fastapi/tests/test_datetime_custom_encoder.py
ERROR fastapi/tests/test_default_response_class.py
ERROR fastapi/tests/test_default_response_class_router.py
ERROR fastapi/tests/test_dependencies_utils.py
ERROR fastapi/tests/test_dependency_after_yield_raise.py
ERROR fastapi/tests/test_dependency_after_yield_streaming.py
ERROR fastapi/tests/test_dependency_after_yield_websockets.py
ERROR fastapi/tests/test_dependency_cache.py
ERROR fastapi/tests/test_dependency_class.py
ERROR fastapi/tests/test_dependency_contextmanager.py
ERROR fastapi/tests/test_dependency_contextvars.py
ERROR fastapi/tests/test_dependency_duplicates.py
ERROR fastapi/tests/test_dependency_overrides.py
ERROR fastapi/tests/test_dependency_paramless.py
ERROR fastapi/tests/test_dependency_partial.py
ERROR fastapi/tests/test_dependency_pep695.py
ERROR fastapi/tests/test_dependency_security_overrides.py
ERROR fastapi/tests/test_dependency_wrapped.py
ERROR fastapi/tests/test_dependency_yield_except_httpexception.py
ERROR fastapi/tests/test_dependency_yield_scope.py
ERROR fastapi/tests/test_dependency_yield_scope_websockets.py
ERROR fastapi/tests/test_depends_hashable.py
ERROR fastapi/tests/test_deprecated_openapi_prefix.py
ERROR fastapi/tests/test_deprecated_responses.py
ERROR fastapi/tests/test_dump_json_fast_path.py
ERROR fastapi/tests/test_duplicate_models_openapi.py
ERROR fastapi/tests/test_empty_router.py
ERROR fastapi/tests/test_enforce_once_required_parameter.py
ERROR fastapi/tests/test_exception_handlers.py
ERROR fastapi/tests/test_extra_routes.py
ERROR fastapi/tests/test_fastapi_cli.py
ERROR fastapi/tests/test_file_and_form_order_issue_9116.py
ERROR fastapi/tests/test_filter_pydantic_sub_model_pv2.py
ERROR fastapi/tests/test_form_default.py
ERROR fastapi/tests/test_forms_from_non_typing_sequences.py
ERROR fastapi/tests/test_forms_single_model.py
ERROR fastapi/tests/test_forms_single_param.py
ERROR fastapi/tests/test_frontend.py
ERROR fastapi/tests/test_generate_unique_id_function.py
ERROR fastapi/tests/test_generic_parameterless_depends.py
ERROR fastapi/tests/test_get_model_definitions_formfeed_escape.py
ERROR fastapi/tests/test_get_request_body.py
ERROR fastapi/tests/test_http_connection_injection.py
ERROR fastapi/tests/test_include_route.py
ERROR fastapi/tests/test_include_router_defaults_overrides.py
ERROR fastapi/tests/test_infer_param_optionality.py
ERROR fastapi/tests/test_inherited_custom_class.py
ERROR fastapi/tests/test_invalid_path_param.py
ERROR fastapi/tests/test_invalid_sequence_param.py
ERROR fastapi/tests/test_json_type.py
ERROR fastapi/tests/test_jsonable_encoder.py
ERROR fastapi/tests/test_list_bytes_file_order_preserved_issue_14811.py
ERROR fastapi/tests/test_local_docs.py
ERROR fastapi/tests/test_modules_same_name_body/test_main.py
ERROR fastapi/tests/test_multi_body_errors.py
ERROR fastapi/tests/test_multi_query_errors.py
ERROR fastapi/tests/test_multipart_installation.py
ERROR fastapi/tests/test_no_schema_split.py
ERROR fastapi/tests/test_no_swagger_ui_redirect.py
ERROR fastapi/tests/test_openapi_cache_root_path.py
ERROR fastapi/tests/test_openapi_examples.py
ERROR fastapi/tests/test_openapi_model_description_trim_on_formfeed.py
ERROR fastapi/tests/test_openapi_query_parameter_extension.py
ERROR fastapi/tests/test_openapi_route_extensions.py
ERROR fastapi/tests/test_openapi_schema_type.py
ERROR fastapi/tests/test_openapi_separate_input_output_schemas.py
ERROR fastapi/tests/test_openapi_servers.py
ERROR fastapi/tests/test_operations_signatures.py
ERROR fastapi/tests/test_optional_file_list.py
ERROR fastapi/tests/test_param_class.py
ERROR fastapi/tests/test_param_in_path_and_dependency.py
ERROR fastapi/tests/test_param_include_in_schema.py
ERROR fastapi/tests/test_params_repr.py
ERROR fastapi/tests/test_path.py
ERROR fastapi/tests/test_prepare_release.py
ERROR fastapi/tests/test_put_no_body.py
ERROR fastapi/tests/test_pydantic_v1_error.py
ERROR fastapi/tests/test_pydanticv2_dataclasses_uuid_stringified_annotations.py
ERROR fastapi/tests/test_query.py
ERROR fastapi/tests/test_query_cookie_header_model_extra_params.py
ERROR fastapi/tests/test_read_with_orm_mode.py
ERROR fastapi/tests/test_regex_deprecated_body.py
ERROR fastapi/tests/test_regex_deprecated_params.py
ERROR fastapi/tests/test_repeated_cookie_headers.py
ERROR fastapi/tests/test_repeated_dependency_schema.py
ERROR fastapi/tests/test_repeated_parameter_alias.py
ERROR fastapi/tests/test_request_body_parameters_media_type.py
ERROR fastapi/tests/test_request_param_model_by_alias.py
ERROR fastapi/tests/test_request_params/test_body/test_list.py
ERROR fastapi/tests/test_request_params/test_body/test_optional_list.py
ERROR fastapi/tests/test_request_params/test_body/test_optional_str.py
ERROR fastapi/tests/test_request_params/test_body/test_required_str.py
ERROR fastapi/tests/test_request_params/test_cookie/test_optional_str.py
ERROR fastapi/tests/test_request_params/test_cookie/test_required_str.py
ERROR fastapi/tests/test_request_params/test_file/test_list.py
ERROR fastapi/tests/test_request_params/test_file/test_optional.py
ERROR fastapi/tests/test_request_params/test_file/test_optional_list.py
ERROR fastapi/tests/test_request_params/test_file/test_required.py
ERROR fastapi/tests/test_request_params/test_form/test_list.py
ERROR fastapi/tests/test_request_params/test_form/test_optional_list.py
ERROR fastapi/tests/test_request_params/test_form/test_optional_str.py
ERROR fastapi/tests/test_request_params/test_form/test_required_str.py
ERROR fastapi/tests/test_request_params/test_header/test_list.py
ERROR fastapi/tests/test_request_params/test_header/test_optional_list.py
ERROR fastapi/tests/test_request_params/test_header/test_optional_str.py
ERROR fastapi/tests/test_request_params/test_header/test_required_str.py
ERROR fastapi/tests/test_request_params/test_path/test_required_str.py
ERROR fastapi/tests/test_request_params/test_query/test_list.py
ERROR fastapi/tests/test_request_params/test_query/test_optional_list.py
ERROR fastapi/tests/test_request_params/test_query/test_optional_str.py
ERROR fastapi/tests/test_request_params/test_query/test_required_str.py
ERROR fastapi/tests/test_required_noneable.py
ERROR fastapi/tests/test_response_by_alias.py
ERROR fastapi/tests/test_response_change_status_code.py
ERROR fastapi/tests/test_response_class_no_mediatype.py
ERROR fastapi/tests/test_response_code_no_body.py
ERROR fastapi/tests/test_response_dependency.py
ERROR fastapi/tests/test_response_model_as_return_annotation.py
ERROR fastapi/tests/test_response_model_data_filter.py
ERROR fastapi/tests/test_response_model_data_filter_no_inheritance.py
ERROR fastapi/tests/test_response_model_default_factory.py
ERROR fastapi/tests/test_response_model_include_exclude.py
ERROR fastapi/tests/test_response_model_invalid.py
ERROR fastapi/tests/test_response_model_sub_types.py
ERROR fastapi/tests/test_response_set_response_code_empty.py
ERROR fastapi/tests/test_return_none_stringified_annotations.py
ERROR fastapi/tests/test_route_scope.py
ERROR fastapi/tests/test_router_circular_import.py
ERROR fastapi/tests/test_router_events.py
ERROR fastapi/tests/test_router_include_context.py
ERROR fastapi/tests/test_router_prefix_with_template.py
ERROR fastapi/tests/test_router_redirect_slashes.py
ERROR fastapi/tests/test_schema_compat_pydantic_v2.py
ERROR fastapi/tests/test_schema_extra_examples.py
ERROR fastapi/tests/test_schema_ref_pydantic_v2.py
ERROR fastapi/tests/test_security_api_key_cookie.py
ERROR fastapi/tests/test_security_api_key_cookie_description.py
ERROR fastapi/tests/test_security_api_key_cookie_optional.py
ERROR fastapi/tests/test_security_api_key_header.py
ERROR fastapi/tests/test_security_api_key_header_description.py
ERROR fastapi/tests/test_security_api_key_header_optional.py
ERROR fastapi/tests/test_security_api_key_query.py
ERROR fastapi/tests/test_security_api_key_query_description.py
ERROR fastapi/tests/test_security_api_key_query_optional.py
ERROR fastapi/tests/test_security_http_base.py
ERROR fastapi/tests/test_security_http_base_description.py
ERROR fastapi/tests/test_security_http_base_optional.py
ERROR fastapi/tests/test_security_http_basic_optional.py
ERROR fastapi/tests/test_security_http_basic_realm.py
ERROR fastapi/tests/test_security_http_basic_realm_description.py
ERROR fastapi/tests/test_security_http_bearer.py
ERROR fastapi/tests/test_security_http_bearer_description.py
ERROR fastapi/tests/test_security_http_bearer_optional.py
ERROR fastapi/tests/test_security_http_digest.py
ERROR fastapi/tests/test_security_http_digest_description.py
ERROR fastapi/tests/test_security_http_digest_optional.py
ERROR fastapi/tests/test_security_oauth2.py
ERROR fastapi/tests/test_security_oauth2_authorization_code_bearer.py
ERROR fastapi/tests/test_security_oauth2_authorization_code_bearer_description.py
ERROR fastapi/tests/test_security_oauth2_authorization_code_bearer_scopes_openapi.py
ERROR fastapi/tests/test_security_oauth2_authorization_code_bearer_scopes_openapi_simple.py
ERROR fastapi/tests/test_security_oauth2_optional.py
ERROR fastapi/tests/test_security_oauth2_optional_description.py
ERROR fastapi/tests/test_security_oauth2_password_bearer_optional.py
ERROR fastapi/tests/test_security_oauth2_password_bearer_optional_description.py
ERROR fastapi/tests/test_security_openid_connect.py
ERROR fastapi/tests/test_security_openid_connect_description.py
ERROR fastapi/tests/test_security_openid_connect_optional.py
ERROR fastapi/tests/test_security_scopes.py
ERROR fastapi/tests/test_security_scopes_dont_propagate.py
ERROR fastapi/tests/test_security_scopes_sub_dependency.py
ERROR fastapi/tests/test_serialize_response.py
ERROR fastapi/tests/test_serialize_response_dataclass.py
ERROR fastapi/tests/test_serialize_response_model.py
ERROR fastapi/tests/test_skip_defaults.py
ERROR fastapi/tests/test_sse.py
ERROR fastapi/tests/test_starlette_exception.py
ERROR fastapi/tests/test_starlette_urlconvertors.py
ERROR fastapi/tests/test_stream_bare_type.py
ERROR fastapi/tests/test_stream_cancellation.py
ERROR fastapi/tests/test_stream_json_validation_error.py
ERROR fastapi/tests/test_strict_content_type_app_level.py
ERROR fastapi/tests/test_strict_content_type_nested.py
ERROR fastapi/tests/test_strict_content_type_router_level.py
ERROR fastapi/tests/test_stringified_annotation_dependency.py
ERROR fastapi/tests/test_stringified_annotation_dependency_py314.py
ERROR fastapi/tests/test_stringified_annotations_simple.py
ERROR fastapi/tests/test_sub_callbacks.py
ERROR fastapi/tests/test_swagger_ui_escape.py
ERROR fastapi/tests/test_swagger_ui_init_oauth.py
ERROR fastapi/tests/test_top_level_security_scheme_in_openapi.py
ERROR fastapi/tests/test_tuples.py
ERROR fastapi/tests/test_tutorial/test_additional_responses/test_tutorial001.py
ERROR fastapi/tests/test_tutorial/test_additional_responses/test_tutorial002.py
ERROR fastapi/tests/test_tutorial/test_additional_responses/test_tutorial003.py
ERROR fastapi/tests/test_tutorial/test_additional_responses/test_tutorial004.py
ERROR fastapi/tests/test_tutorial/test_additional_status_codes/test_tutorial001.py
ERROR fastapi/tests/test_tutorial/test_advanced_middleware/test_tutorial001.py
ERROR fastapi/tests/test_tutorial/test_advanced_middleware/test_tutorial002.py
ERROR fastapi/tests/test_tutorial/test_advanced_middleware/test_tutorial003.py
ERROR fastapi/tests/test_tutorial/test_async_tests/test_main_a.py
ERROR fastapi/tests/test_tutorial/test_authentication_error_status_code/test_tutorial001.py
ERROR fastapi/tests/test_tutorial/test_background_tasks/test_tutorial001.py
ERROR fastapi/tests/test_tutorial/test_background_tasks/test_tutorial002.py
ERROR fastapi/tests/test_tutorial/test_behind_a_proxy/test_tutorial001.py
ERROR fastapi/tests/test_tutorial/test_behind_a_proxy/test_tutorial001_01.py
ERROR fastapi/tests/test_tutorial/test_behind_a_proxy/test_tutorial002.py
ERROR fastapi/tests/test_tutorial/test_behind_a_proxy/test_tutorial003.py
ERROR fastapi/tests/test_tutorial/test_behind_a_proxy/test_tutorial004.py
ERROR fastapi/tests/test_tutorial/test_bigger_applications/test_main.py
ERROR fastapi/tests/test_tutorial/test_body/test_tutorial001.py
ERROR fastapi/tests/test_tutorial/test_body/test_tutorial002.py
ERROR fastapi/tests/test_tutorial/test_body/test_tutorial003.py
ERROR fastapi/tests/test_tutorial/test_body/test_tutorial004.py
ERROR fastapi/tests/test_tutorial/test_body_fields/test_tutorial001.py
ERROR fastapi/tests/test_tutorial/test_body_multiple_params/test_tutorial001.py
ERROR fastapi/tests/test_tutorial/test_body_multiple_params/test_tutorial002.py
ERROR fastapi/tests/test_tutorial/test_body_multiple_params/test_tutorial003.py
ERROR fastapi/tests/test_tutorial/test_body_multiple_params/test_tutorial004.py
ERROR fastapi/tests/test_tutorial/test_body_multiple_params/test_tutorial005.py
ERROR fastapi/tests/test_tutorial/test_body_nested_models/test_tutorial001_tutorial002_tutorial003.py
ERROR fastapi/tests/test_tutorial/test_body_nested_models/test_tutorial004.py
ERROR fastapi/tests/test_tutorial/test_body_nested_models/test_tutorial005.py
ERROR fastapi/tests/test_tutorial/test_body_nested_models/test_tutorial006.py
ERROR fastapi/tests/test_tutorial/test_body_nested_models/test_tutorial007.py
ERROR fastapi/tests/test_tutorial/test_body_nested_models/test_tutorial008.py
ERROR fastapi/tests/test_tutorial/test_body_nested_models/test_tutorial009.py
ERROR fastapi/tests/test_tutorial/test_body_updates/test_tutorial001.py
ERROR fastapi/tests/test_tutorial/test_body_updates/test_tutorial002.py
ERROR fastapi/tests/test_tutorial/test_conditional_openapi/test_tutorial001.py
ERROR fastapi/tests/test_tutorial/test_configure_swagger_ui/test_tutorial001.py
ERROR fastapi/tests/test_tutorial/test_configure_swagger_ui/test_tutorial002.py
ERROR fastapi/tests/test_tutorial/test_configure_swagger_ui/test_tutorial003.py
ERROR fastapi/tests/test_tutorial/test_cookie_param_models/test_tutorial001.py
ERROR fastapi/tests/test_tutorial/test_cookie_param_models/test_tutorial002.py
ERROR fastapi/tests/test_tutorial/test_cookie_params/test_tutorial001.py
ERROR fastapi/tests/test_tutorial/test_cors/test_tutorial001.py
ERROR fastapi/tests/test_tutorial/test_custom_docs_ui/test_tutorial001.py
ERROR fastapi/tests/test_tutorial/test_custom_docs_ui/test_tutorial002.py
ERROR fastapi/tests/test_tutorial/test_custom_request_and_route/test_tutorial001.py
ERROR fastapi/tests/test_tutorial/test_custom_request_and_route/test_tutorial002.py
ERROR fastapi/tests/test_tutorial/test_custom_request_and_route/test_tutorial003.py
ERROR fastapi/tests/test_tutorial/test_custom_response/test_tutorial001.py
ERROR fastapi/tests/test_tutorial/test_custom_response/test_tutorial001b.py
ERROR fastapi/tests/test_tutorial/test_custom_response/test_tutorial002_tutorial003_tutorial004.py
ERROR fastapi/tests/test_tutorial/test_custom_response/test_tutorial005.py
ERROR fastapi/tests/test_tutorial/test_custom_response/test_tutorial006.py
ERROR fastapi/tests/test_tutorial/test_custom_response/test_tutorial006b.py
ERROR fastapi/tests/test_tutorial/test_custom_response/test_tutorial006c.py
ERROR fastapi/tests/test_tutorial/test_custom_response/test_tutorial007.py
ERROR fastapi/tests/test_tutorial/test_custom_response/test_tutorial008.py
ERROR fastapi/tests/test_tutorial/test_custom_response/test_tutorial009.py
ERROR fastapi/tests/test_tutorial/test_custom_response/test_tutorial009b.py
ERROR fastapi/tests/test_tutorial/test_custom_response/test_tutorial009c.py
ERROR fastapi/tests/test_tutorial/test_custom_response/test_tutorial010.py
ERROR fastapi/tests/test_tutorial/test_dataclasses/test_tutorial001.py
ERROR fastapi/tests/test_tutorial/test_dataclasses/test_tutorial002.py
ERROR fastapi/tests/test_tutorial/test_dataclasses/test_tutorial003.py
ERROR fastapi/tests/test_tutorial/test_debugging/test_tutorial001.py
ERROR fastapi/tests/test_tutorial/test_dependencies/test_tutorial001_tutorial001_02.py
ERROR fastapi/tests/test_tutorial/test_dependencies/test_tutorial002_tutorial003_tutorial004.py
ERROR fastapi/tests/test_tutorial/test_dependencies/test_tutorial005.py
ERROR fastapi/tests/test_tutorial/test_dependencies/test_tutorial006.py
ERROR fastapi/tests/test_tutorial/test_dependencies/test_tutorial008.py
ERROR fastapi/tests/test_tutorial/test_dependencies/test_tutorial008b.py
ERROR fastapi/tests/test_tutorial/test_dependencies/test_tutorial008c.py
ERROR fastapi/tests/test_tutorial/test_dependencies/test_tutorial008d.py
ERROR fastapi/tests/test_tutorial/test_dependencies/test_tutorial008e.py
ERROR fastapi/tests/test_tutorial/test_dependencies/test_tutorial010.py
ERROR fastapi/tests/test_tutorial/test_dependencies/test_tutorial011.py
ERROR fastapi/tests/test_tutorial/test_dependencies/test_tutorial012.py
ERROR fastapi/tests/test_tutorial/test_encoder/test_tutorial001.py
ERROR fastapi/tests/test_tutorial/test_events/test_tutorial001.py
ERROR fastapi/tests/test_tutorial/test_events/test_tutorial002.py
ERROR fastapi/tests/test_tutorial/test_events/test_tutorial003.py
ERROR fastapi/tests/test_tutorial/test_extending_openapi/test_tutorial001.py
ERROR fastapi/tests/test_tutorial/test_extra_data_types/test_tutorial001.py
ERROR fastapi/tests/test_tutorial/test_extra_models/test_tutorial001_tutorial002.py
ERROR fastapi/tests/test_tutorial/test_extra_models/test_tutorial003.py
ERROR fastapi/tests/test_tutorial/test_extra_models/test_tutorial004.py
ERROR fastapi/tests/test_tutorial/test_extra_models/test_tutorial005.py
ERROR fastapi/tests/test_tutorial/test_first_steps/test_tutorial001_tutorial002_tutorial003.py
ERROR fastapi/tests/test_tutorial/test_generate_clients/test_tutorial001.py
ERROR fastapi/tests/test_tutorial/test_generate_clients/test_tutorial002.py
ERROR fastapi/tests/test_tutorial/test_generate_clients/test_tutorial003.py
ERROR fastapi/tests/test_tutorial/test_generate_clients/test_tutorial004.py
ERROR fastapi/tests/test_tutorial/test_graphql/test_tutorial001.py
ERROR fastapi/tests/test_tutorial/test_handling_errors/test_tutorial001.py
ERROR fastapi/tests/test_tutorial/test_handling_errors/test_tutorial002.py
ERROR fastapi/tests/test_tutorial/test_handling_errors/test_tutorial003.py
ERROR fastapi/tests/test_tutorial/test_handling_errors/test_tutorial004.py
ERROR fastapi/tests/test_tutorial/test_handling_errors/test_tutorial005.py
ERROR fastapi/tests/test_tutorial/test_handling_errors/test_tutorial006.py
ERROR fastapi/tests/test_tutorial/test_header_param_models/test_tutorial001.py
ERROR fastapi/tests/test_tutorial/test_header_param_models/test_tutorial002.py
ERROR fastapi/tests/test_tutorial/test_header_param_models/test_tutorial003.py
ERROR fastapi/tests/test_tutorial/test_header_params/test_tutorial001.py
ERROR fastapi/tests/test_tutorial/test_header_params/test_tutorial002.py
ERROR fastapi/tests/test_tutorial/test_header_params/test_tutorial003.py
ERROR fastapi/tests/test_tutorial/test_json_base64_bytes/test_tutorial001.py
ERROR fastapi/tests/test_tutorial/test_metadata/test_tutorial001.py
ERROR fastapi/tests/test_tutorial/test_metadata/test_tutorial001_1.py
ERROR fastapi/tests/test_tutorial/test_metadata/test_tutorial002.py
ERROR fastapi/tests/test_tutorial/test_metadata/test_tutorial003.py
ERROR fastapi/tests/test_tutorial/test_metadata/test_tutorial004.py
ERROR fastapi/tests/test_tutorial/test_middleware/test_tutorial001.py
ERROR fastapi/tests/test_tutorial/test_openapi_callbacks/test_tutorial001.py
ERROR fastapi/tests/test_tutorial/test_openapi_webhooks/test_tutorial001.py
ERROR fastapi/tests/test_tutorial/test_path_operation_advanced_configurations/test_tutorial001.py
ERROR fastapi/tests/test_tutorial/test_path_operation_advanced_configurations/test_tutorial002.py
ERROR fastapi/tests/test_tutorial/test_path_operation_advanced_configurations/test_tutorial003.py
ERROR fastapi/tests/test_tutorial/test_path_operation_advanced_configurations/test_tutorial004.py
ERROR fastapi/tests/test_tutorial/test_path_operation_advanced_configurations/test_tutorial005.py
ERROR fastapi/tests/test_tutorial/test_path_operation_advanced_configurations/test_tutorial006.py
ERROR fastapi/tests/test_tutorial/test_path_operation_advanced_configurations/test_tutorial007.py
ERROR fastapi/tests/test_tutorial/test_path_operation_configurations/test_tutorial001.py
ERROR fastapi/tests/test_tutorial/test_path_operation_configurations/test_tutorial002.py
ERROR fastapi/tests/test_tutorial/test_path_operation_configurations/test_tutorial002b.py
ERROR fastapi/tests/test_tutorial/test_path_operation_configurations/test_tutorial003_tutorial004.py
ERROR fastapi/tests/test_tutorial/test_path_operation_configurations/test_tutorial005.py
ERROR fastapi/tests/test_tutorial/test_path_operation_configurations/test_tutorial006.py
ERROR fastapi/tests/test_tutorial/test_path_params/test_tutorial001.py
ERROR fastapi/tests/test_tutorial/test_path_params/test_tutorial002.py
ERROR fastapi/tests/test_tutorial/test_path_params/test_tutorial003.py
ERROR fastapi/tests/test_tutorial/test_path_params/test_tutorial003b.py
ERROR fastapi/tests/test_tutorial/test_path_params/test_tutorial004.py
ERROR fastapi/tests/test_tutorial/test_path_params/test_tutorial005.py
ERROR fastapi/tests/test_tutorial/test_path_params_numeric_validations/test_tutorial001.py
ERROR fastapi/tests/test_tutorial/test_path_params_numeric_validations/test_tutorial002_tutorial003.py
ERROR fastapi/tests/test_tutorial/test_path_params_numeric_validations/test_tutorial004.py
ERROR fastapi/tests/test_tutorial/test_path_params_numeric_validations/test_tutorial005.py
ERROR fastapi/tests/test_tutorial/test_path_params_numeric_validations/test_tutorial006.py
ERROR fastapi/tests/test_tutorial/test_query_param_models/test_tutorial001.py
ERROR fastapi/tests/test_tutorial/test_query_param_models/test_tutorial002.py
ERROR fastapi/tests/test_tutorial/test_query_params/test_tutorial001.py
ERROR fastapi/tests/test_tutorial/test_query_params/test_tutorial002.py
ERROR fastapi/tests/test_tutorial/test_query_params/test_tutorial003.py
ERROR fastapi/tests/test_tutorial/test_query_params/test_tutorial004.py
ERROR fastapi/tests/test_tutorial/test_query_params/test_tutorial005.py
ERROR fastapi/tests/test_tutorial/test_query_params/test_tutorial006.py
ERROR fastapi/tests/test_tutorial/test_query_params_str_validations/test_tutorial001.py
ERROR fastapi/tests/test_tutorial/test_query_params_str_validations/test_tutorial002.py
ERROR fastapi/tests/test_tutorial/test_query_params_str_validations/test_tutorial003.py
ERROR fastapi/tests/test_tutorial/test_query_params_str_validations/test_tutorial004.py
ERROR fastapi/tests/test_tutorial/test_query_params_str_validations/test_tutorial005.py
ERROR fastapi/tests/test_tutorial/test_query_params_str_validations/test_tutorial006.py
ERROR fastapi/tests/test_tutorial/test_query_params_str_validations/test_tutorial006c.py
ERROR fastapi/tests/test_tutorial/test_query_params_str_validations/test_tutorial007.py
ERROR fastapi/tests/test_tutorial/test_query_params_str_validations/test_tutorial008.py
ERROR fastapi/tests/test_tutorial/test_query_params_str_validations/test_tutorial009.py
ERROR fastapi/tests/test_tutorial/test_query_params_str_validations/test_tutorial010.py
ERROR fastapi/tests/test_tutorial/test_query_params_str_validations/test_tutorial011.py
ERROR fastapi/tests/test_tutorial/test_query_params_str_validations/test_tutorial012.py
ERROR fastapi/tests/test_tutorial/test_query_params_str_validations/test_tutorial013.py
ERROR fastapi/tests/test_tutorial/test_query_params_str_validations/test_tutorial014.py
ERROR fastapi/tests/test_tutorial/test_query_params_str_validations/test_tutorial015.py
ERROR fastapi/tests/test_tutorial/test_request_files/test_tutorial001.py
ERROR fastapi/tests/test_tutorial/test_request_files/test_tutorial001_02.py
ERROR fastapi/tests/test_tutorial/test_request_files/test_tutorial001_03.py
ERROR fastapi/tests/test_tutorial/test_request_files/test_tutorial002.py
ERROR fastapi/tests/test_tutorial/test_request_files/test_tutorial003.py
ERROR fastapi/tests/test_tutorial/test_request_form_models/test_tutorial001.py
ERROR fastapi/tests/test_tutorial/test_request_form_models/test_tutorial002.py
ERROR fastapi/tests/test_tutorial/test_request_forms/test_tutorial001.py
ERROR fastapi/tests/test_tutorial/test_request_forms_and_files/test_tutorial001.py
ERROR fastapi/tests/test_tutorial/test_response_change_status_code/test_tutorial001.py
ERROR fastapi/tests/test_tutorial/test_response_cookies/test_tutorial001.py
ERROR fastapi/tests/test_tutorial/test_response_cookies/test_tutorial002.py
ERROR fastapi/tests/test_tutorial/test_response_directly/test_tutorial001.py
ERROR fastapi/tests/test_tutorial/test_response_directly/test_tutorial002.py
ERROR fastapi/tests/test_tutorial/test_response_headers/test_tutorial001.py
ERROR fastapi/tests/test_tutorial/test_response_headers/test_tutorial002.py
ERROR fastapi/tests/test_tutorial/test_response_model/test_tutorial001_tutorial001_01.py
ERROR fastapi/tests/test_tutorial/test_response_model/test_tutorial002.py
ERROR fastapi/tests/test_tutorial/test_response_model/test_tutorial003.py
ERROR fastapi/tests/test_tutorial/test_response_model/test_tutorial003_01.py
ERROR fastapi/tests/test_tutorial/test_response_model/test_tutorial003_02.py
ERROR fastapi/tests/test_tutorial/test_response_model/test_tutorial003_03.py
ERROR fastapi/tests/test_tutorial/test_response_model/test_tutorial003_04.py
ERROR fastapi/tests/test_tutorial/test_response_model/test_tutorial003_05.py
ERROR fastapi/tests/test_tutorial/test_response_model/test_tutorial004.py
ERROR fastapi/tests/test_tutorial/test_response_model/test_tutorial005.py
ERROR fastapi/tests/test_tutorial/test_response_model/test_tutorial006.py
ERROR fastapi/tests/test_tutorial/test_response_status_code/test_tutorial001_tutorial002.py
ERROR fastapi/tests/test_tutorial/test_schema_extra_example/test_tutorial001.py
ERROR fastapi/tests/test_tutorial/test_schema_extra_example/test_tutorial002.py
ERROR fastapi/tests/test_tutorial/test_schema_extra_example/test_tutorial003.py
ERROR fastapi/tests/test_tutorial/test_schema_extra_example/test_tutorial004.py
ERROR fastapi/tests/test_tutorial/test_schema_extra_example/test_tutorial005.py
ERROR fastapi/tests/test_tutorial/test_security/test_tutorial001.py
ERROR fastapi/tests/test_tutorial/test_security/test_tutorial002.py
ERROR fastapi/tests/test_tutorial/test_security/test_tutorial003.py
ERROR fastapi/tests/test_tutorial/test_security/test_tutorial004.py
ERROR fastapi/tests/test_tutorial/test_security/test_tutorial005.py
ERROR fastapi/tests/test_tutorial/test_security/test_tutorial006.py
ERROR fastapi/tests/test_tutorial/test_security/test_tutorial007.py
ERROR fastapi/tests/test_tutorial/test_separate_openapi_schemas/test_tutorial001.py
ERROR fastapi/tests/test_tutorial/test_separate_openapi_schemas/test_tutorial002.py
ERROR fastapi/tests/test_tutorial/test_server_sent_events/test_tutorial001.py
ERROR fastapi/tests/test_tutorial/test_server_sent_events/test_tutorial002.py
ERROR fastapi/tests/test_tutorial/test_server_sent_events/test_tutorial003.py
ERROR fastapi/tests/test_tutorial/test_server_sent_events/test_tutorial004.py
ERROR fastapi/tests/test_tutorial/test_server_sent_events/test_tutorial005.py
ERROR fastapi/tests/test_tutorial/test_settings/test_app01.py
ERROR fastapi/tests/test_tutorial/test_settings/test_app03.py
ERROR fastapi/tests/test_tutorial/test_settings/test_tutorial001.py
ERROR fastapi/tests/test_tutorial/test_sql_databases/test_tutorial001.py
ERROR fastapi/tests/test_tutorial/test_sql_databases/test_tutorial002.py
ERROR fastapi/tests/test_tutorial/test_static_files/test_tutorial001.py
ERROR fastapi/tests/test_tutorial/test_stream_data/test_tutorial001.py
ERROR fastapi/tests/test_tutorial/test_stream_data/test_tutorial002.py
ERROR fastapi/tests/test_tutorial/test_stream_json_lines/test_tutorial001.py
ERROR fastapi/tests/test_tutorial/test_strict_content_type/test_tutorial001.py
ERROR fastapi/tests/test_tutorial/test_sub_applications/test_tutorial001.py
ERROR fastapi/tests/test_tutorial/test_templates/test_tutorial001.py
ERROR fastapi/tests/test_tutorial/test_testing/test_main_a.py
ERROR fastapi/tests/test_tutorial/test_testing/test_tutorial001.py
ERROR fastapi/tests/test_tutorial/test_testing/test_tutorial002.py
ERROR fastapi/tests/test_tutorial/test_testing/test_tutorial004.py
ERROR fastapi/tests/test_tutorial/test_using_request_directly/test_tutorial001.py
ERROR fastapi/tests/test_tutorial/test_websockets/test_tutorial001.py
ERROR fastapi/tests/test_tutorial/test_websockets/test_tutorial002.py
ERROR fastapi/tests/test_tutorial/test_websockets/test_tutorial003.py
ERROR fastapi/tests/test_tutorial/test_wsgi/test_tutorial001.py
ERROR fastapi/tests/test_typing_python39.py
ERROR fastapi/tests/test_union_body.py
ERROR fastapi/tests/test_union_body_discriminator.py
ERROR fastapi/tests/test_union_body_discriminator_annotated.py
ERROR fastapi/tests/test_union_forms.py
ERROR fastapi/tests/test_union_inherited_body.py
ERROR fastapi/tests/test_validate_response.py
ERROR fastapi/tests/test_validate_response_dataclass.py
ERROR fastapi/tests/test_validate_response_recursive/test_validate_response_recursive.py
ERROR fastapi/tests/test_validation_error_context.py
ERROR fastapi/tests/test_webhooks_security.py
ERROR fastapi/tests/test_wrapped_method_forward_reference.py
ERROR fastapi/tests/test_ws_dependencies.py
ERROR fastapi/tests/test_ws_router.py
ERROR tests/test_ask_service.py
ERROR tests/test_chunk_service.py
ERROR tests/test_embedding_service.py
ERROR tests/test_index_service.py
ERROR tests/test_retrieval_service.py
!!!!!!!!!!!!!!!!!! Interrupted: 474 errors during collection !!!!!!!!!!!!!!!!!!
1 skipped, 1 warning, 474 errors in 30.07s
